04-13 23:34:46.040   676   784 D ActivityManager: freezing 15954 com.google.android.permissioncontroller
04-13 23:34:46.044   676   841 D InetDiagMessage: Destroyed 0 sockets, proto=IPPROTO_TCP, family=AF_INET, states=14
04-13 23:34:46.045   676   841 D InetDiagMessage: Destroyed 0 sockets, proto=IPPROTO_TCP, family=AF_INET6, states=14
04-13 23:34:46.045   676   841 D InetDiagMessage: Destroyed live tcp sockets for uids={10197} in 1ms
04-13 23:34:46.293 25597 25597 I olodex_notifier: AssetManager2(0x7e631d7e2a98) locale list changing from [] to [en-US]
04-13 23:34:46.301   676   796 I InputDispatcher: No new touched window at (65.0, 144.0) in display 0
04-13 23:34:46.404   676   708 W BLASTSyncEngine: Sync group 335 timeout
04-13 23:34:46.406   676   708 I BLASTSyncEngine: Unfinished container: ActivityRecord{142559814 u0 com.example.holodex_notifier/.MainActivity t85}
04-13 23:34:46.406   676   708 I BLASTSyncEngine:   Window{a3f6c42 u0 com.example.holodex_notifier/com.example.holodex_notifier.MainActivity} DRAW_PENDING
04-13 23:34:46.422   676   705 V WindowManager: Sent Transition (#335) createdAt=04-13 23:34:41.401 via request=TransitionRequestInfo { type = CLOSE, triggerTask = null, pipChange = null, remoteTransition = null, displayChange = null, flags = 0, debugId = 335 }
04-13 23:34:46.422   676   705 V WindowManager:     startWCT=WindowContainerTransaction { changes= {} hops= [] errorCallbackToken=null taskFragmentOrganizer=null }
04-13 23:34:46.422   676   705 V WindowManager:     info={id=335 t=CLOSE f=0x0 trk=0 r=[0@Point(0, 0)] c=[
04-13 23:34:46.422   676   705 V WindowManager:         {m=CLOSE f=FILLS_TASK leash=Surface(name=ActivityRecord{109250905 u0 com.android.settings/.spa.SpaActivity)/@0x3b573e8 sb=Rect(0, 0 - 1080, 2400) eb=Rect(0, 0 - 1080, 2400) epz=Point(1080, 2400) d=0 bc=ffeeedf4 component=com.android.settings/.spa.SpaActivity opt={t=FROM_STYLE mUserId=0}},
04-13 23:34:46.422   676   705 V WindowManager:         {m=TO_FRONT f=FILLS_TASK leash=Surface(name=ActivityRecord{142559814 u0 com.example.holodex_notifier/.MainActivity)/@0x71c590b sb=Rect(0, 0 - 1080, 2400) eb=Rect(0, 0 - 1080, 2400) epz=Point(1080, 2400) d=0 bc=ffeeedf4 component=com.example.holodex_notifier/.MainActivity opt={t=FROM_STYLE mUserId=0}}
04-13 23:34:46.422   676   705 V WindowManager:     ]}
04-13 23:34:46.431   934   999 D ShellBackPreview: Finishing gesture with event action: 1
04-13 23:34:46.431   934   999 D ShellBackPreview: onGestureFinished called while no gesture is started
04-13 23:34:46.441   934  4877 V WindowManagerShell: onTransitionReady(transaction=2903397905308)
04-13 23:34:46.442   934   999 V WindowManagerShell: onTransitionReady (#335) android.os.BinderProxy@f9b21aa: {id=335 t=CLOSE f=0x0 trk=0 r=[0@Point(0, 0)] c=[
04-13 23:34:46.442   934   999 V WindowManagerShell:         {m=CLOSE f=FILLS_TASK leash=Surface(name=ActivityRecord{109250905 u0 com.android.settings/.spa.SpaActivity)/@0xccb519b sb=Rect(0, 0 - 1080, 2400) eb=Rect(0, 0 - 1080, 2400) epz=Point(1080, 2400) d=0 bc=ffeeedf4 component=com.android.settings/.spa.SpaActivity opt={t=FROM_STYLE mUserId=0}},
04-13 23:34:46.442   934   999 V WindowManagerShell:         {m=TO_FRONT f=FILLS_TASK leash=Surface(name=ActivityRecord{142559814 u0 com.example.holodex_notifier/.MainActivity)/@0xe512938 sb=Rect(0, 0 - 1080, 2400) eb=Rect(0, 0 - 1080, 2400) epz=Point(1080, 2400) d=0 bc=ffeeedf4 component=com.example.holodex_notifier/.MainActivity opt={t=FROM_STYLE mUserId=0}}
04-13 23:34:46.442   934   999 V WindowManagerShell:     ]}
04-13 23:34:46.442   934   999 V WindowManagerShell: Playing animation for (#335) android.os.BinderProxy@f9b21aa@0
04-13 23:34:46.448   934   999 V ShellRecents: RecentsTransitionHandler.startAnimation: no controller found
04-13 23:34:46.448   934   999 V WindowManagerShell: Transition doesn't have explicit remote, search filters for match for {id=335 t=CLOSE f=0x0 trk=0 r=[0@Point(0, 0)] c=[{m=CLOSE f=FILLS_TASK leash=Surface(name=ActivityRecord{109250905 u0 com.android.settings/.spa.SpaActivity)/@0xccb519b sb=Rect(0, 0 - 1080, 2400) eb=Rect(0, 0 - 1080, 2400) epz=Point(1080, 2400) d=0 bc=ffeeedf4 component=com.android.settings/.spa.SpaActivity opt={t=FROM_STYLE mUserId=0}},{m=TO_FRONT f=FILLS_TASK leash=Surface(name=ActivityRecord{142559814 u0 com.example.holodex_notifier/.MainActivity)/@0xe512938 sb=Rect(0, 0 - 1080, 2400) eb=Rect(0, 0 - 1080, 2400) epz=Point(1080, 2400) d=0 bc=ffeeedf4 component=com.example.holodex_notifier/.MainActivity opt={t=FROM_STYLE mUserId=0}}]}
04-13 23:34:46.448   934   999 V WindowManagerShell:  Checking filter Pair{{types=[] flags=0x0] notFlags=0x0 checks=[{atype=undefined independent=true modes=[CLOSE,TO_BACK] flags=IN_TASK_WITH_EMBEDDED_ACTIVITY mustBeTask=false order=ANY topActivity=null launchCookie=null taskFragmentToken=android.os.BinderProxy@d737688 windowingMode=undefined}]} RemoteTransition { remoteTransition = android.window.IRemoteTransition$Stub$Proxy@d771821, appThread = android.app.IApplicationThread$Stub$Proxy@f958446, debugName = overlayBackTransition }}
04-13 23:34:46.449   934   999 V WindowManagerShell:  Checking filter Pair{{types=[] flags=0x0] notFlags=0x0 checks=[{atype=dream independent=true modes=[OPEN,TO_FRONT] flags=NONE mustBeTask=false order=ANY topActivity=null launchCookie=null windowingMode=undefined},{atype=home independent=true modes=[CLOSE,TO_BACK] flags=NONE mustBeTask=false order=ANY topActivity=null launchCookie=null windowingMode=undefined}]} RemoteTransition { remoteTransition = android.window.IRemoteTransition$Stub$Proxy@51ad607, appThread = android.app.IApplicationThread$Stub$Proxy@a0d7334, debugName = LauncherToDream }}
04-13 23:34:46.449   934   999 V WindowManagerShell:  Checking filter Pair{{types=[] flags=0x0] notFlags=0x100 checks=[{atype=home independent=true modes=[OPEN,TO_FRONT] flags=NONE mustBeTask=false order=TOP topActivity=ComponentInfo{com.google.android.apps.nexuslauncher/com.google.android.apps.nexuslauncher.NexusLauncherActivity} launchCookie=null windowingMode=undefined},{atype=standard independent=true modes=[CLOSE,TO_BACK] flags=NONE mustBeTask=false order=ANY topActivity=null launchCookie=null windowingMode=undefined},{NOT atype=undefined independent=true modes=[] flags=NONE mustBeTask=true order=ANY topActivity=null launchCookie=null customAnim=true windowingMode=undefined}]} RemoteTransition { remoteTransition = android.window.IRemoteTransition$Stub$Proxy@f0c155d, appThread = android.app.IApplicationThread$Stub$Proxy@9959ed2, debugName = QuickstepLaunchHome }}
04-13 23:34:46.449   934   999 V WindowManagerShell:  Delegate animation for (#335) to null
04-13 23:34:46.449   934   999 V WindowManagerShell: start default transition animation, info = {id=335 t=CLOSE f=0x0 trk=0 r=[0@Point(0, 0)] c=[{m=CLOSE f=FILLS_TASK leash=Surface(name=ActivityRecord{109250905 u0 com.android.settings/.spa.SpaActivity)/@0xccb519b sb=Rect(0, 0 - 1080, 2400) eb=Rect(0, 0 - 1080, 2400) epz=Point(1080, 2400) d=0 bc=ffeeedf4 component=com.android.settings/.spa.SpaActivity opt={t=FROM_STYLE mUserId=0}},{m=TO_FRONT f=FILLS_TASK leash=Surface(name=ActivityRecord{142559814 u0 com.example.holodex_notifier/.MainActivity)/@0xe512938 sb=Rect(0, 0 - 1080, 2400) eb=Rect(0, 0 - 1080, 2400) epz=Point(1080, 2400) d=0 bc=ffeeedf4 component=com.example.holodex_notifier/.MainActivity opt={t=FROM_STYLE mUserId=0}}]}
04-13 23:34:46.449   934   999 V WindowManagerShell: loadAnimation: anim=android.view.animation.AnimationSet@1036c77 animAttr=0x6 type=CLOSE isEntrance=true
04-13 23:34:46.450   934   999 V WindowManagerShell: loadAnimation: anim=android.view.animation.AnimationSet@8323c02 animAttr=0x7 type=CLOSE isEntrance=false
04-13 23:34:46.451   934   999 V WindowManagerShell:  animated by com.android.wm.shell.transition.DefaultTransitionHandler@92180e5
04-13 23:34:46.533   676  1697 W ServiceManagerCppClient: Permission failure: android.permission.ACCESS_SURFACE_FLINGER from uid=10232 pid=0
04-13 23:34:46.533   676  1697 D PermissionCache: checking android.permission.ACCESS_SURFACE_FLINGER for uid=10232 => denied (367 us)
04-13 23:34:46.535   676  1697 W ServiceManagerCppClient: Permission failure: android.permission.ROTATE_SURFACE_FLINGER from uid=10232 pid=0
04-13 23:34:46.535   676  1697 D PermissionCache: checking android.permission.ROTATE_SURFACE_FLINGER for uid=10232 => denied (1056 us)
04-13 23:34:46.535   676  1697 W ServiceManagerCppClient: Permission failure: android.permission.INTERNAL_SYSTEM_WINDOW from uid=10232 pid=0
04-13 23:34:46.535   676  1697 D PermissionCache: checking android.permission.INTERNAL_SYSTEM_WINDOW for uid=10232 => denied (124 us)
04-13 23:34:46.538 25597 25597 I flutter : [38;5;12m[I][0m TIME: 2025-04-13T23:34:46.538511 [SettingsScreen] Initial check: Background service running: false
04-13 23:34:46.543 25597 25597 I flutter : [38;5;12m[I][0m TIME: 2025-04-13T23:34:46.542919 [SettingsScreen] Service not running, attempting to start polling...
04-13 23:34:46.561 25597 25597 I flutter : [BG Poller Service] Attempting to start background service via startService()...
04-13 23:34:46.572   462   462 I RanchuHwc: logCompositionFallbackIfChanged: layer 689 CompositionType fallback from 2 to 1
04-13 23:34:46.572   462   462 I RanchuHwc: logCompositionFallbackIfChanged: layer 690 CompositionType fallback from 2 to 1
04-13 23:34:46.576   676  1697 D CompatChangeReporter: Compat change id reported: 311208749; UID 10232; state: ENABLED
04-13 23:34:46.587   676  1697 I ActivityManager: Background started FGS: Allowed [callingPackage: com.example.holodex_notifier; callingUid: 10232; uidState: TOP ; uidBFSL: [BFSL]; intent: Intent { cmp=com.example.holodex_notifier/id.flutter.flutter_background_service.BackgroundService }; code:PROC_STATE_TOP; tempAllowListReason:<96338eb android.app.action.SCHEDULE_EXACT_ALARM_PERMISSION_STATE_CHANGED/u0,reasonCode:REASON_SCHEDULE_EXACT_ALARM_PERMISSION_STATE_CHANGED,duration:20000,callingUid:1000>; allowWiu:12; targetSdkVersion:35; callerTargetSdkVersion:35; startForegroundCount:0; bindFromPackage:null: isBindService:false]
04-13 23:34:46.588   676  1697 D CompatChangeReporter: Compat change id reported: 311208629; UID 10232; state: ENABLED
04-13 23:34:46.609 25597 25597 I flutter : [BG Poller Service] startService() called successfully.
04-13 23:34:46.612 25597 25597 I flutter : [38;5;12m[I][0m TIME: 2025-04-13T23:34:46.611919 [SettingsScreen] Start polling command issued.
04-13 23:34:46.686   676  1697 D CompatChangeReporter: Compat change id reported: 296558535; UID 10232; state: ENABLED
04-13 23:34:46.688   676  1697 D CompatChangeReporter: Compat change id reported: 317799821; UID 10232; state: ENABLED
04-13 23:34:46.688   676  1697 D CompatChangeReporter: Compat change id reported: 313677553; UID 10232; state: ENABLED
04-13 23:34:46.711   676  1697 W ForegroundServiceTypeLoggerModule: Foreground service start for UID: 10232 does not have any types
04-13 23:34:46.719 25597 25597 V BackgroundService: Starting flutter engine for background service
04-13 23:34:46.730   676   892 D BackgroundInstallControlService: Package event received: 0
04-13 23:34:46.750   676  1949 I ActivityManager: Background started FGS: Allowed [callingPackage: com.example.holodex_notifier; callingUid: 10232; uidState: TOP ; uidBFSL: [BFSL]; intent: Intent { cmp=com.example.holodex_notifier/id.flutter.flutter_background_service.BackgroundService }; code:PROC_STATE_TOP; tempAllowListReason:<96338eb android.app.action.SCHEDULE_EXACT_ALARM_PERMISSION_STATE_CHANGED/u0,reasonCode:REASON_SCHEDULE_EXACT_ALARM_PERMISSION_STATE_CHANGED,duration:20000,callingUid:1000>; allowWiu:12; targetSdkVersion:35; callerTargetSdkVersion:35; startForegroundCount:1; bindFromPackage:null: isBindService:false]
04-13 23:34:46.859 25597 25597 I flutter : [IMPORTANT:flutter/shell/platform/android/android_context_gl_impeller.cc(94)] Using the Impeller rendering backend (OpenGLES).
04-13 23:34:46.988   934   999 V WindowManagerShell: Transition animation finished (aborted=false), notifying core (#335) android.os.BinderProxy@f9b21aa@0
04-13 23:34:47.001   676   705 V WindowManager: Finish Transition (#335): created at 04-13 23:34:41.401 collect-started=0.078ms request-sent=0.114ms started=6.643ms ready=29.749ms sent=5016.648ms commit=39.213ms finished=5596.224ms
04-13 23:34:47.003  5218  5218 D VRI[SpaActivity]: visibilityChanged oldVisibility=true newVisibility=false
04-13 23:34:47.052   934   999 V WindowManagerShell: Track 0 became idle
04-13 23:34:47.052   934   999 V WindowManagerShell: All active transition animations finished
04-13 23:34:47.166  5218  5218 D SpaLogMetricsProvider: PAGE_LEAVE page 0
04-13 23:34:47.187  5218  5218 W WindowOnBackDispatcher: sendCancelIfRunning: isInProgress=false callback=android.app.Activity$$ExternalSyntheticLambda0@6633eb0
04-13 23:34:47.195   676  1002 D CoreBackPreview: Window{97dd92a u0 com.android.settings/com.android.settings.spa.SpaActivity}: Setting back callback null
04-13 23:34:47.215  5218  5218 D ViewRootImpl: Skipping stats log for color mode
04-13 23:34:47.248   676   892 D BackgroundInstallControlService: Package event received: 0
04-13 23:34:47.831 25597 25597 V BackgroundService: Service already running, using existing service
04-13 23:34:47.852 25597 25597 I flutter : Disposed background status stream.
04-13 23:34:47.873 25597 25654 E libEGL  : called unimplemented OpenGL ES API
04-13 23:34:47.992   676   804 I ImeTracker: com.example.holodex_notifier:341a9695: onRequestHide at ORIGIN_SERVER reason HIDE_UNSPECIFIED_WINDOW fromUser false
04-13 23:34:48.025  1347  1347 I GoogleInputMethodService: GoogleInputMethodService.onFinishInput():2589 
04-13 23:34:48.032  1347  1347 I Module  : DeviceLockedStatusModuleProvider$Module.updateDeviceLockedStatus():100 repeatCheckTimes = 0, locked = false
04-13 23:34:48.060  1347  1347 I GoogleInputMethodService: GoogleInputMethodService.onStartInput():1568 onStartInput(EditorInfo{EditorInfo{packageName=com.example.holodex_notifier, inputType=0, inputTypeString=NULL, enableLearning=false, autoCorrection=false, autoComplete=false, imeOptions=0, privateImeOptions=null, actionName=UNSPECIFIED, actionLabel=null, initialSelStart=-1, initialSelEnd=-1, initialCapsMode=0, label=null, fieldId=0, fieldName=null, extras=null, hintText=null, hintLocales=[]}}, false)
04-13 23:34:48.065  1347  1347 I Module  : DeviceLockedStatusModuleProvider$Module.updateDeviceLockedStatus():100 repeatCheckTimes = 1, locked = false
04-13 23:34:48.072   676  1717 W PackageConfigPersister: App-specific configuration not found for packageName: com.example.holodex_notifier and userId: 0
04-13 23:34:48.072  1347  1347 I AndroidIME: InputBundleManager.loadActiveInputBundleId():407 loadActiveInputBundleId: und-Latn-x-password, password
04-13 23:34:48.429 25597 25597 I flutter : Background Status Check: Running=true, LastPoll=null, Error=null
04-13 23:34:48.565   676   784 D ActivityManager: freezing 24597 com.google.android.gms
04-13 23:34:48.695   676  1697 D WifiNl80211Manager: Scan result ready event
04-13 23:34:48.699   676  1697 D WifiNative: Scan result ready event
04-13 23:34:48.722  1285  2429 I WifiScanner: onFullResults
04-13 23:34:48.786  1034  1162 D ApfFilter: (wlan0): Adding RA fe80::2 -> ff02::1 1800s fec0::/64 86400s/14400s 
04-13 23:34:48.804   676   835 I HalDevMgr: bestIfaceCreationProposal is null, requestIface=STA, existingIface=[name=wlan0 type=STA]
04-13 23:34:49.393 25597 25597 D InsetsController: hide(ime(), fromIme=false)
04-13 23:34:49.395 25597 25597 I ImeTracker: com.example.holodex_notifier:341a9695: onCancelled at PHASE_CLIENT_ALREADY_HIDDEN
04-13 23:34:50.253   676  1485 E TaskPersister: File error accessing recents directory (directory doesn't exist?).
04-13 23:34:50.306 25597 25654 E libEGL  : called unimplemented OpenGL ES API
04-13 23:34:50.428 25597 25694 I flutter : Drift: Sent CREATE TABLE IF NOT EXISTS "cached_videos" ("video_id" TEXT NOT NULL, "channel_id" TEXT NOT NULL DEFAULT 'Unknown', "status" TEXT NOT NULL, "start_scheduled" TEXT NULL, "start_actual" TEXT NULL, "available_at" TEXT NOT NULL, "certainty" TEXT NULL, "mentioned_channel_ids" TEXT NOT NULL DE
04-13 23:34:50.429 25597 25694 I flutter : FAULT '[]', "video_title" TEXT NOT NULL DEFAULT 'Unknown Title', "channel_name" TEXT NOT NULL DEFAULT 'Unknown Channel', "channel_avatar_url" TEXT NULL, "is_pending_new_media_notification" INTEGER NOT NULL DEFAULT 0 CHECK ("is_pending_new_media_notification" IN (0, 1)), "last_seen_timestamp" INTEGER
04-13 23:34:50.432 25597 25694 I flutter :  NOT NULL, "scheduled_live_notification_id" INTEGER NULL, "last_live_notification_sent_time" INTEGER NULL, PRIMARY KEY ("video_id")); with args []
04-13 23:34:50.868 25597 25597 I flutter : `flutter_background_service_android` threw an error: Exception: This class should only be used in the main isolate (UI App). The app may not function as expected until you remove this plugin from pubspec.yaml
04-13 23:34:50.903 25597 25597 I flutter : [38;5;12m[I][0m TIME: 2025-04-13T23:34:50.895740 BG Isolate: STARTED.
04-13 23:34:50.916 25597 25597 I flutter : [38;5;12m[I][0m TIME: 2025-04-13T23:34:50.916172 BG Isolate: Initializing dependencies and waiting for main isolate readiness...
04-13 23:34:50.916 25597 25597 I flutter : [D] TIME: 2025-04-13T23:34:50.916667 BG Isolate: Ensuring SettingsService instance is resolved...
04-13 23:34:50.939 25597 25597 I flutter : [38;5;12m[I][0m TIME: 2025-04-13T23:34:50.939819 Initializing Settings Service...
04-13 23:34:50.957 25597 25597 I flutter : Drift DB [v1]: Tables created.
04-13 23:34:50.958 25597 25597 I flutter : Drift DB: Opening database. Was Created: true, Version Before: null, Current Version: 1
04-13 23:34:50.963 25597 25694 I flutter : Drift: Sent PRAGMA foreign_keys = ON; with args []
04-13 23:34:51.001 25597 25597 I flutter : [SharedPrefsSettingsService] Instance initialized.
04-13 23:34:51.002 25597 25597 I flutter : [38;5;12m[I][0m TIME: 2025-04-13T23:34:51.002113 Settings Service initialized.
04-13 23:34:51.008 25597 25597 I flutter : [D] TIME: 2025-04-13T23:34:51.008564 BG Isolate: SettingsService instance resolved.
04-13 23:34:51.013 25597 25597 I Choreographer: Skipped 42 frames!  The application may be doing too much work on its main thread.
04-13 23:34:51.096 25597 25597 I flutter : [SharedPrefsSettingsService] Main Services Ready flag READ as: true
04-13 23:34:51.097 25597 25597 I flutter : [38;5;12m[I][0m TIME: 2025-04-13T23:34:51.096774 BG Isolate: Main isolate readiness confirmed. Proceeding with background initialization.
04-13 23:34:51.098 25597 25597 I flutter : [38;5;12m[I][0m TIME: 2025-04-13T23:34:51.098334 BG Isolate: Starting the main polling timer...
04-13 23:34:51.125   676  1717 W AS.PlaybackActivityMon: No piid assigned for invalid/internal port id 21
04-13 23:34:51.125 25597 25597 I flutter : [D] TIME: 2025-04-13T23:34:51.125770 BG Isolate: Polling timer (if exists) cancelled.
04-13 23:34:51.130   509   593 D AudioFlinger: mixer(0x7bca04817770) throttle end: throttle time(29)
04-13 23:34:51.142 25597 25597 I flutter : [38;5;12m[I][0m TIME: 2025-04-13T23:34:51.142641 BG Isolate: Setting poll frequency to: 10 minutes
04-13 23:34:51.143 25597 25694 I flutter : Drift: Sent SELECT * FROM "cached_videos" WHERE "scheduled_live_notification_id" IS NOT NULL ORDER BY "start_scheduled" ASC; with args []
04-13 23:34:51.150 25597 25597 I flutter : [38;5;12m[I][0m TIME: 2025-04-13T23:34:51.149166 BG Isolate: Polling timer started successfully.
04-13 23:34:51.161   676   708 W IPCThreadState: Sending oneway calls to frozen process.
04-13 23:34:51.162   676   708 W IPCThreadState: Sending oneway calls to frozen process.
04-13 23:34:51.165   676   708 W IPCThreadState: Sending oneway calls to frozen process.
04-13 23:34:51.165   676   708 W IPCThreadState: Sending oneway calls to frozen process.
04-13 23:34:51.166   676   708 W IPCThreadState: Sending oneway calls to frozen process.
04-13 23:34:51.166   676   708 W IPCThreadState: Sending oneway calls to frozen process.
04-13 23:34:51.166   676   708 W IPCThreadState: Sending oneway calls to frozen process.
04-13 23:34:51.166   676   708 W IPCThreadState: Sending oneway calls to frozen process.
04-13 23:34:51.166   676   708 W IPCThreadState: Sending oneway calls to frozen process.
04-13 23:34:51.172   676   708 W IPCThreadState: Sending oneway calls to frozen process.
04-13 23:34:51.172   676   708 W IPCThreadState: Sending oneway calls to frozen process.
04-13 23:34:51.173   676   708 W IPCThreadState: Sending oneway calls to frozen process.
04-13 23:34:51.173   676   708 W IPCThreadState: Sending oneway calls to frozen process.
04-13 23:34:51.173   676   708 W IPCThreadState: Sending oneway calls to frozen process.
04-13 23:34:51.176   676   708 W IPCThreadState: Sending oneway calls to frozen process.
04-13 23:34:51.176   676   708 W IPCThreadState: Sending oneway calls to frozen process.
04-13 23:34:51.178   676   708 W IPCThreadState: Sending oneway calls to frozen process.
04-13 23:34:51.182   676   708 W IPCThreadState: Sending oneway calls to frozen process.
04-13 23:34:51.183   676   708 W IPCThreadState: Sending oneway calls to frozen process.
04-13 23:34:51.183   676   708 W IPCThreadState: Sending oneway calls to frozen process.
04-13 23:34:51.186   676   708 W IPCThreadState: Sending oneway calls to frozen process.
04-13 23:34:51.188   676   708 W IPCThreadState: Sending oneway calls to frozen process.
04-13 23:34:51.190   676   708 W IPCThreadState: Sending oneway calls to frozen process.
04-13 23:34:51.190   676   708 W IPCThreadState: Sending oneway calls to frozen process.
04-13 23:34:51.191   676   708 W IPCThreadState: Sending oneway calls to frozen process.
04-13 23:34:51.191   676   708 W IPCThreadState: Sending oneway calls to frozen process.
04-13 23:34:51.192   676   708 W IPCThreadState: Sending oneway calls to frozen process.
04-13 23:34:51.193   676   708 W IPCThreadState: Sending oneway calls to frozen process.
04-13 23:34:51.193   676   708 W IPCThreadState: Sending oneway calls to frozen process.
04-13 23:34:51.193   676   708 W IPCThreadState: Sending oneway calls to frozen process.
04-13 23:34:51.194   676   708 W IPCThreadState: Sending oneway calls to frozen process.
04-13 23:34:51.194   676   708 W IPCThreadState: Sending oneway calls to frozen process.
04-13 23:34:51.198   676   708 W ProcessStats: Tracking association SourceState{47b62a1 com.android.settings/1000 Service #22194} whose proc state 8 is better than process ProcessState{1b0fdba com.google.android.settings.intelligence/10141 pkg=com.google.android.settings.intelligence} proc state 15 (18 skipped)
04-13 23:34:51.214 25597 25597 I flutter : [D] TIME: 2025-04-13T23:34:51.213831 [ScheduledNotificationsCard] Build method called. AsyncValue state: isRefreshing=false, isLoading=false, hasValue=true, hasError=false
04-13 23:34:51.215 25597 25597 I flutter : [38;5;12m[I][0m TIME: 2025-04-13T23:34:51.215002 [ScheduledNotificationsCard] Rebuilt with data. List length: 0
04-13 23:34:52.857   224 25688 I keystore2: system/security/keystore2/watchdog/src/lib.rs:377 - Watchdog thread idle -> terminating. Have a great day.
04-13 23:34:52.975 25597 25654 E libEGL  : called unimplemented OpenGL ES API
04-13 23:34:53.003 25597 25597 I ImeTracker: com.example.holodex_notifier:4671f5ae: onRequestShow at ORIGIN_CLIENT reason SHOW_SOFT_INPUT fromUser false
04-13 23:34:53.023 25597 25597 D InsetsController: show(ime(), fromIme=false)
04-13 23:34:53.025 25597 25597 D InsetsController: Setting requestedVisibleTypes to -1 (was -9)
04-13 23:34:53.028  1347  1347 I GoogleInputMethodService: GoogleInputMethodService.onFinishInput():2589 
04-13 23:34:53.030  1347  1347 I Module  : DeviceLockedStatusModuleProvider$Module.updateDeviceLockedStatus():100 repeatCheckTimes = 0, locked = false
04-13 23:34:53.041   676   892 D BackgroundInstallControlService: Package event received: 0
04-13 23:34:53.046   676  1949 V AutofillSession: Primary service component name: ComponentInfo{com.google.android.gms/com.google.android.gms.autofill.service.AutofillService}, secondary service component name: ComponentInfo{com.android.credentialmanager/com.android.credentialmanager.autofill.CredentialAutofillService}
04-13 23:34:53.047   676  1949 V SecondaryProviderHandler: Creating a secondary provider handler with component name, ComponentInfo{com.android.credentialmanager/com.android.credentialmanager.autofill.CredentialAutofillService}
04-13 23:34:53.062  1347  1347 I GoogleInputMethodService: GoogleInputMethodService.onStartInput():1568 onStartInput(EditorInfo{EditorInfo{packageName=com.example.holodex_notifier, inputType=8001, inputTypeString=Normal[AutoCorrect], enableLearning=true, autoCorrection=true, autoComplete=true, imeOptions=2000006, privateImeOptions=null, actionName=DONE, actionLabel=null, initialSelStart=0, initialSelEnd=0, initialCapsMode=0, label=null, fieldId=1, fieldName=null, extras=Bundle[mParcelledData.dataSize=168], hintText=null, hintLocales=[]}}, false)
04-13 23:34:53.063   676  1949 D PresentationStatsEventLogger: Started new PresentationStatsEvent
04-13 23:34:53.076   676  1949 I AppsFilter: interaction: PackageSetting{1a556de com.example.holodex_notifier/10232} -> PackageSetting{2fd4633 com.google.android.inputmethod.latin/10156} BLOCKED
04-13 23:34:53.081   676  1949 W FillRequestEventLogger: Couldn't find packageName: com.google.android.inputmethod.latin
04-13 23:34:53.148 25597 25597 I AssistStructure: Flattened final assist data: 536 bytes, containing 1 windows, 3 views
04-13 23:34:53.150   676  1949 D AutofillSession: createPendingIntent for request 578
04-13 23:34:53.158   676  1949 D ContentCapturePerUserService: Notified activity assist data for activity: Token{ffde7b8 ActivityRecord{142559814 u0 com.example.holodex_notifier/.MainActivity t85}} without a session Id
04-13 23:34:53.158 25597 25597 D InputConnectionAdaptor: The input method toggled cursor monitoring on
04-13 23:34:53.163  1347  1347 I Module  : DeviceLockedStatusModuleProvider$Module.updateDeviceLockedStatus():100 repeatCheckTimes = 1, locked = false
04-13 23:34:53.165   676  1949 W PackageConfigPersister: App-specific configuration not found for packageName: com.example.holodex_notifier and userId: 0
04-13 23:34:53.166  1347  1347 I AndroidIME: InputBundleManager.loadActiveInputBundleId():407 loadActiveInputBundleId: en-US, ime_english_united_states
04-13 23:34:53.180  1347  1347 I StylusModule: StylusModule.onUpdateToolType():803 Update tool type = 2
04-13 23:34:53.203  1347  1347 I GoogleInputMethodService: GoogleInputMethodService.onStartInputView():1663 onStartInputView(EditorInfo{EditorInfo{packageName=com.example.holodex_notifier, inputType=8001, inputTypeString=Normal[AutoCorrect], enableLearning=true, autoCorrection=true, autoComplete=true, imeOptions=2000006, privateImeOptions=null, actionName=DONE, actionLabel=null, initialSelStart=0, initialSelEnd=0, initialCapsMode=0, label=null, fieldId=1, fieldName=null, extras=Bundle[{androidx.core.view.inputmethod.EditorInfoCompat.STYLUS_HANDWRITING_ENABLED=true}], hintText=null, hintLocales=[]}}, false)
04-13 23:34:53.242  1347  1347 I KeyboardHeightUtil: KeyboardHeightUtil.getOemKeyboardHeightRatio():162 systemKeyboardHeightRatio:1.000000.
04-13 23:34:53.244  1347  1347 I AndroidIME: AbstractIme.onActivate():90 LatinIme.onActivate() : EditorInfo = EditorInfo{packageName=com.example.holodex_notifier, inputType=8001, inputTypeString=Normal[AutoCorrect], enableLearning=true, autoCorrection=true, autoComplete=true, imeOptions=2000006, privateImeOptions=null, actionName=DONE, actionLabel=null, initialSelStart=0, initialSelEnd=0, initialCapsMode=0, label=null, fieldId=1, fieldName=null, extras=Bundle[{androidx.core.view.inputmethod.EditorInfoCompat.STYLUS_HANDWRITING_ENABLED=true}], hintText=null, hintLocales=[]}, IncognitoMode = false, DeviceLocked = false
04-13 23:34:53.259  1347  1347 I InputBundle: InputBundle.consumeEvent():897 Skip consuming an event as keyboard status is 0
04-13 23:34:53.265  1347  1347 I Delight5Facilitator: Delight5Facilitator.initializeForIme():729 initializeForIme() : Locale = [en_US], layout = qwerty
04-13 23:34:53.318  1347  1347 I LatinIme: LatinIme.updateEnableInlineSuggestionsOnDecoderSideFlags():1203 inline flag updated to:false
04-13 23:34:53.340  1347  1347 I LatinIme: LatinIme.updateEnableInlineSuggestionsOnDecoderSideFlags():1203 inline flag updated to:false
04-13 23:34:53.390  1347  1347 I InputBundle: InputBundle.consumeEvent():897 Skip consuming an event as keyboard status is 0
04-13 23:34:53.391  1347  1347 I InputBundle: InputBundle.consumeEvent():897 Skip consuming an event as keyboard status is 0
04-13 23:34:53.400  1347  1759 I Delight5Decoder: Delight5DecoderWrapper.setKeyboardLayout():520 setKeyboardLayout()
04-13 23:34:53.403  1347  1347 I KeyboardWrapper: KeyboardWrapper.activateKeyboard():585 activateKeyboard(): type=accessory, status=0, imeDef=krx{stringId=ime_english_united_states, language=en-US, languageTag=en-US, processedConditions={enable_number_row=false, device=phone}, className=com.google.android.libraries.inputmethod.ime.experiment.ExperimentImeWrapper, label=0, keyEventInterpreter=null, inlineComposing=true, autoCapital=true, announceAutoSelectedCandidate=true, statusIcon=0, primeKeyboardType=SOFT, indicatorIcon=0, indicatorLabel=US, displayAppCompletions=true, extraValues=krp{#0x7f0b021c=TypedValue{t=0x3/d=0x0 "writing_helper_enable_by_word_revert=false"}, #0x7f0b0222=TypedValue{t=0x3/d=0x0 "com.google.android.apps.inputmethod.libs.latin5.LatinIme"}, #0x7f0b0223=TypedValue{t=0x3/d=0x0 "com.google.android.apps.inputmethod.libs.edittracker.EditTrackingImeWrapper"}, #0x7f0b0224=TypedValue{t=0x3/d=0x0 "com.google.android.apps.inputmethod.libs.latin5.LatinIme"}}, processors=ktp@1db5e68, unacceptableMetaKeys=4098, languageSpecificSettings=0, asciiCapable=true, alwaysShowSuggestions=false, useAsciiPasswordKeyboard=false, secondaryIme=null, keyboardGroupDef=ksx@14d37b1, phenotypeFlagId=0, localizationLanguageTag=null, supportsInlineSuggestion=true}
04-13 23:34:53.404  1347  1347 I KeyboardManager: KeyboardManager.requestKeyboard():234 Creating keyboard accessory, imeId=ime_english_united_states, cacheKey=theme_400_border_bottom4dp_display_size_adaptive_400_extra_2132083358_floating_keyboard2_googlefontsicons_gsans_keyboard_mode_screen_size_5_5_light_noshadow_overlay_builtin_dynamic_color_light_base.binarypb:gm3-light-fffaf8ff-ff495d92-82b625f90d810779661adb8ce93b5ac5_phone_port_reordertheme_silkpopup_stylesheet_unifycolor
04-13 23:34:53.409  1347  1347 I KeyboardWrapper: KeyboardWrapper.onKeyboardReady():249 onKeyboardReady(): type=accessory(accessory), kb=com.google.android.libraries.inputmethod.keyboard.impl.Keyboard@eba9d56
04-13 23:34:53.409  1347  1347 I KeyboardWrapper: KeyboardWrapper.doActivateKeyboard():616 doActivateKeyboard(): accessory
04-13 23:34:53.409  1347  1347 W Keyboard: Keyboard.getKeyboardViewHelper():598 null helper is returned: keyboardDef=kss{processedConditions={}, globalConditions={}, className=com.google.android.libraries.inputmethod.keyboard.impl.Keyboard, resourceIds=[#0x7f170042], initialStates=0, keyboardViewDefs=[], persistentStates=0, persistentStatesPrefKey=null, popupBubbleLayoutId=0, recentKeyLayoutId=0, recentKeyPopupLayoutId=0, recentKeyType=null, rememberRecentKey=NONE, sessionStates=0}, type=HEADER, helpersCreated=[null, null, null, null], context.getResources().getConfiguration(): {1.0 310mcc260mnc [en_US] ldltr sw411dp w411dp h866dp 420dpi nrml long port finger qwerty/v/v dpad/v winConfig={ mBounds=Rect(0, 0 - 1080, 2400) mAppBounds=Rect(0, 0 - 1080, 2337) mMaxBounds=Rect(0, 0 - 1080, 2400) mDisplayRotation=ROTATION_0 mWindowingMode=fullscreen mActivityType=undefined mAlwaysOnTop=undefined mRotation=ROTATION_0} s.9 fontWeightAdjustment=0}
04-13 23:34:53.417  1347  1347 I PopupKeyboardViewHolderProvider: PopupKeyboardViewHolderProvider.hide():93 hiding popup floating keyboard 2086b79
04-13 23:34:53.417  1347  1347 W Keyboard: Keyboard.getKeyboardViewHelper():598 null helper is returned: keyboardDef=kss{processedConditions={}, globalConditions={}, className=com.google.android.libraries.inputmethod.keyboard.impl.Keyboard, resourceIds=[#0x7f170042], initialStates=0, keyboardViewDefs=[], persistentStates=0, persistentStatesPrefKey=null, popupBubbleLayoutId=0, recentKeyLayoutId=0, recentKeyPopupLayoutId=0, recentKeyType=null, rememberRecentKey=NONE, sessionStates=0}, type=BODY, helpersCreated=[null, null, null, null], context.getResources().getConfiguration(): {1.0 310mcc260mnc [en_US] ldltr sw411dp w411dp h866dp 420dpi nrml long port finger qwerty/v/v dpad/v winConfig={ mBounds=Rect(0, 0 - 1080, 2400) mAppBounds=Rect(0, 0 - 1080, 2337) mMaxBounds=Rect(0, 0 - 1080, 2400) mDisplayRotation=ROTATION_0 mWindowingMode=fullscreen mActivityType=undefined mAlwaysOnTop=undefined mRotation=ROTATION_0} s.9 fontWeightAdjustment=0}
04-13 23:34:53.418  1347  1347 I PopupKeyboardViewHolderProvider: PopupKeyboardViewHolderProvider.hide():93 hiding popup floating keyboard 2086b79
04-13 23:34:53.423  1347  1347 I GlobeKeyExtension: GlobeKeyExtension.getKeyboardInitialStates():129 
04-13 23:34:53.431  1347  1347 W Keyboard: Keyboard.getKeyboardViewHelper():598 null helper is returned: keyboardDef=kss{processedConditions={}, globalConditions={}, className=com.google.android.libraries.inputmethod.keyboard.impl.Keyboard, resourceIds=[#0x7f170042], initialStates=0, keyboardViewDefs=[], persistentStates=0, persistentStatesPrefKey=null, popupBubbleLayoutId=0, recentKeyLayoutId=0, recentKeyPopupLayoutId=0, recentKeyType=null, rememberRecentKey=NONE, sessionStates=0}, type=HEADER, helpersCreated=[null, null, null, null], context.getResources().getConfiguration(): {1.0 310mcc260mnc [en_US] ldltr sw411dp w411dp h866dp 420dpi nrml long port finger qwerty/v/v dpad/v winConfig={ mBounds=Rect(0, 0 - 1080, 2400) mAppBounds=Rect(0, 0 - 1080, 2337) mMaxBounds=Rect(0, 0 - 1080, 2400) mDisplayRotation=ROTATION_0 mWindowingMode=fullscreen mActivityType=undefined mAlwaysOnTop=undefined mRotation=ROTATION_0} s.9 fontWeightAdjustment=0}
04-13 23:34:53.431  1347  1347 I PopupKeyboardViewHolderProvider: PopupKeyboardViewHolderProvider.hide():93 hiding popup floating keyboard 2086b79
04-13 23:34:53.431  1347  1347 W Keyboard: Keyboard.getKeyboardViewHelper():598 null helper is returned: keyboardDef=kss{processedConditions={}, globalConditions={}, className=com.google.android.libraries.inputmethod.keyboard.impl.Keyboard, resourceIds=[#0x7f170042], initialStates=0, keyboardViewDefs=[], persistentStates=0, persistentStatesPrefKey=null, popupBubbleLayoutId=0, recentKeyLayoutId=0, recentKeyPopupLayoutId=0, recentKeyType=null, rememberRecentKey=NONE, sessionStates=0}, type=BODY, helpersCreated=[null, null, null, null], context.getResources().getConfiguration(): {1.0 310mcc260mnc [en_US] ldltr sw411dp w411dp h866dp 420dpi nrml long port finger qwerty/v/v dpad/v winConfig={ mBounds=Rect(0, 0 - 1080, 2400) mAppBounds=Rect(0, 0 - 1080, 2337) mMaxBounds=Rect(0, 0 - 1080, 2400) mDisplayRotation=ROTATION_0 mWindowingMode=fullscreen mActivityType=undefined mAlwaysOnTop=undefined mRotation=ROTATION_0} s.9 fontWeightAdjustment=0}
04-13 23:34:53.431  1347  1347 I PopupKeyboardViewHolderProvider: PopupKeyboardViewHolderProvider.hide():93 hiding popup floating keyboard 2086b79
04-13 23:34:53.431  1347  1347 W Keyboard: Keyboard.getKeyboardViewHelper():598 null helper is returned: keyboardDef=kss{processedConditions={}, globalConditions={}, className=com.google.android.libraries.inputmethod.keyboard.impl.Keyboard, resourceIds=[#0x7f170042], initialStates=0, keyboardViewDefs=[], persistentStates=0, persistentStatesPrefKey=null, popupBubbleLayoutId=0, recentKeyLayoutId=0, recentKeyPopupLayoutId=0, recentKeyType=null, rememberRecentKey=NONE, sessionStates=0}, type=FLOATING_CANDIDATES, helpersCreated=[null, null, null, null], context.getResources().getConfiguration(): {1.0 310mcc260mnc [en_US] ldltr sw411dp w411dp h866dp 420dpi nrml long port finger qwerty/v/v dpad/v winConfig={ mBounds=Rect(0, 0 - 1080, 2400) mAppBounds=Rect(0, 0 - 1080, 2337) mMaxBounds=Rect(0, 0 - 1080, 2400) mDisplayRotation=ROTATION_0 mWindowingMode=fullscreen mActivityType=undefined mAlwaysOnTop=undefined mRotation=ROTATION_0} s.9 fontWeightAdjustment=0}
04-13 23:34:53.432  1347  1347 I PopupKeyboardViewHolderProvider: PopupKeyboardViewHolderProvider.hide():93 hiding popup floating keyboard 2086b79
04-13 23:34:53.434  1347  1347 W Keyboard: Keyboard.getKeyboardViewHelper():598 null helper is returned: keyboardDef=kss{processedConditions={}, globalConditions={}, className=com.google.android.libraries.inputmethod.keyboard.impl.Keyboard, resourceIds=[#0x7f170042], initialStates=0, keyboardViewDefs=[], persistentStates=0, persistentStatesPrefKey=null, popupBubbleLayoutId=0, recentKeyLayoutId=0, recentKeyPopupLayoutId=0, recentKeyType=null, rememberRecentKey=NONE, sessionStates=0}, type=WIDGET, helpersCreated=[null, null, null, null], context.getResources().getConfiguration(): {1.0 310mcc260mnc [en_US] ldltr sw411dp w411dp h866dp 420dpi nrml long port finger qwerty/v/v dpad/v winConfig={ mBounds=Rect(0, 0 - 1080, 2400) mAppBounds=Rect(0, 0 - 1080, 2337) mMaxBounds=Rect(0, 0 - 1080, 2400) mDisplayRotation=ROTATION_0 mWindowingMode=fullscreen mActivityType=undefined mAlwaysOnTop=undefined mRotation=ROTATION_0} s.9 fontWeightAdjustment=0}
04-13 23:34:53.434  1347  1347 I PopupKeyboardViewHolderProvider: PopupKeyboardViewHolderProvider.hide():93 hiding popup floating keyboard 2086b79
04-13 23:34:53.438  1347  1347 I KeyboardManager: KeyboardManager.requestKeyboard():234 Creating keyboard accessory_candidates_consumer, imeId=ime_english_united_states, cacheKey=theme_400_border_bottom4dp_display_size_adaptive_400_extra_2132083358_floating_keyboard2_googlefontsicons_gsans_keyboard_mode_screen_size_5_5_light_noshadow_overlay_builtin_dynamic_color_light_base.binarypb:gm3-light-fffaf8ff-ff495d92-82b625f90d810779661adb8ce93b5ac5_phone_port_reordertheme_silkpopup_stylesheet_unifycolor
04-13 23:34:53.442  1347  1347 I GlobeKeyExtension: GlobeKeyExtension.getKeyboardInitialStates():129 
04-13 23:34:53.443  1347  1347 W Keyboard: Keyboard.getKeyboardViewHelper():598 null helper is returned: keyboardDef=kss{processedConditions={}, globalConditions={global_theme_key=theme_400_border_bottom4dp_display_size_adaptive_400_extra_2132083358_floating_keyboard2_googlefontsicons_gsans_keyboard_mode_screen_size_5_5_light_noshadow_overlay_builtin_dynamic_color_light_base.binarypb:gm3-light-fffaf8ff-ff495d92-82b625f90d810779661adb8ce93b5ac5_phone_port_reordertheme_silkpopup_stylesheet_unifycolor, global_locale=en_US, global_density_dpi=420, global_orientation=1}, className=.latin.keyboard.AccessoryKeyboard, resourceIds=[#0x7f170041], initialStates=0, keyboardViewDefs=[ktf{direction=null, id=#0x7f0b0163, isScalable=false, layoutId=#0x7f0e002c, type=FLOATING_CANDIDATES, touchable=true, defaultShow=false}], persistentStates=0, persistentStatesPrefKey=null, popupBubbleLayoutId=#0x7f0e05d5, recentKeyLayoutId=0, recentKeyPopupLayoutId=0, recentKeyType=null, rememberRecentKey=NONE, sessionStates=0}, type=HEADER, helpersCreated=[null, null, kdn@86489e9, null], context.getResources().getConfiguration(): {1.0 310mcc260mnc [en_US] ldltr sw411dp w411dp h866dp 420dpi nrml long port finger qwerty/v/v dpad/v winConfig={ mBounds=Rect(0, 0 - 1080, 2400) mAppBounds=Rect(0, 0 - 1080, 2337) mMaxBounds=Rect(0, 0 - 1080, 2400) mDisplayRotation=ROTATION_0 mWindowingMode=fullscreen mActivityType=undefined mAlwaysOnTop=undefined mRotation=ROTATION_0} s.9 fontWeightAdjustment=0}
04-13 23:34:53.444  1347  1347 W Keyboard: Keyboard.getKeyboardViewHelper():598 null helper is returned: keyboardDef=kss{processedConditions={}, globalConditions={global_theme_key=theme_400_border_bottom4dp_display_size_adaptive_400_extra_2132083358_floating_keyboard2_googlefontsicons_gsans_keyboard_mode_screen_size_5_5_light_noshadow_overlay_builtin_dynamic_color_light_base.binarypb:gm3-light-fffaf8ff-ff495d92-82b625f90d810779661adb8ce93b5ac5_phone_port_reordertheme_silkpopup_stylesheet_unifycolor, global_locale=en_US, global_density_dpi=420, global_orientation=1}, className=.latin.keyboard.AccessoryKeyboard, resourceIds=[#0x7f170041], initialStates=0, keyboardViewDefs=[ktf{direction=null, id=#0x7f0b0163, isScalable=false, layoutId=#0x7f0e002c, type=FLOATING_CANDIDATES, touchable=true, defaultShow=false}], persistentStates=0, persistentStatesPrefKey=null, popupBubbleLayoutId=#0x7f0e05d5, recentKeyLayoutId=0, recentKeyPopupLayoutId=0, recentKeyType=null, rememberRecentKey=NONE, sessionStates=0}, type=BODY, helpersCreated=[null, null, kdn@86489e9, null], context.getResources().getConfiguration(): {1.0 310mcc260mnc [en_US] ldltr sw411dp w411dp h866dp 420dpi nrml long port finger qwerty/v/v dpad/v winConfig={ mBounds=Rect(0, 0 - 1080, 2400) mAppBounds=Rect(0, 0 - 1080, 2337) mMaxBounds=Rect(0, 0 - 1080, 2400) mDisplayRotation=ROTATION_0 mWindowingMode=fullscreen mActivityType=undefined mAlwaysOnTop=undefined mRotation=ROTATION_0} s.9 fontWeightAdjustment=0}
04-13 23:34:53.463  1347  1347 I GoogleInputMethodService: GoogleInputMethodService.startInputIfInputViewStarted():3074 startInputIfInputViewStarted(): ACCESSORY
04-13 23:34:53.465  1347  1347 I GlobeKeyExtension: GlobeKeyExtension.onActivate():68 
04-13 23:34:53.494  1347  1347 W AutoPasteSuggestionHelper: AutoPasteSuggestionHelper.setMaxWidthOfChipTextView():1004 Failed to get the width of the proactive suggestion view holder in HEADER.
04-13 23:34:53.498  1347  1347 W AutoPasteSuggestionHelper: AutoPasteSuggestionHelper.setMaxWidthOfChipTextView():1004 Failed to get the width of the proactive suggestion view holder in HEADER.
04-13 23:34:53.508  1347  1347 W AutoPasteSuggestionHelper: AutoPasteSuggestionHelper.setMaxWidthOfChipTextView():1004 Failed to get the width of the proactive suggestion view holder in WIDGET.
04-13 23:34:53.641  1347  1347 I CrowdsourceExtension: CrowdsourceExtension.checkIfDefaultBrowserIsAllowed():109 Failed to get default browser. The default browser may be deactivated.
04-13 23:34:53.653  1347  1347 I HardKeyTracker: HardKeyTracker.unregisterKeySequence():183 Unregister key sequence llt{labelResId=2132019898, callback=cao@9f68d3d, lastModifier=2, keyCodes=[56], actions=[0]}
04-13 23:34:53.653  1347  1347 I HardKeyTracker: HardKeyTracker.unregisterKeySequence():183 Unregister key sequence llt{labelResId=2132019898, callback=cao@8d7d000, lastModifier=0, keyCodes=[317], actions=[0]}
04-13 23:34:53.654  1347  1347 I HardKeyTracker: HardKeyTracker.registerKeySequence():139 Register key sequence llt{labelResId=2132019898, callback=cao@2b4b9ba, lastModifier=2, keyCodes=[56], actions=[0]}
04-13 23:34:53.654  1347  1347 I HardKeyTracker: HardKeyTracker.registerKeySequence():139 Register key sequence llt{labelResId=2132019898, callback=cao@9021061, lastModifier=0, keyCodes=[317], actions=[0]}
04-13 23:34:53.659  1347  1347 I VoiceInputManagerWrapper: VoiceInputManagerWrapper.cancelShutdown():100 cancelShutdown()
04-13 23:34:53.659  1347  1347 I VoiceInputManagerWrapper: VoiceInputManagerWrapper.syncLanguagePacks():112 syncLanguagePacks()
04-13 23:34:53.669  1347  6408 I SpeechFactory: SpeechRecognitionFactory.maybeScheduleAutoPackDownloadForFallback():161 maybeScheduleAutoPackDownloadForFallback()
04-13 23:34:53.669  1347  1347 I VoiceInputManager: VoiceInputManager.onKeyboardActivated():1027 onKeyboardActivated() [UD]
04-13 23:34:53.669  1347  6408 I FallbackOnDeviceRecognitionProvider: FallbackOnDeviceRecognitionProvider.maybeScheduleAutoPackDownload():198 maybeScheduleAutoPackDownload() for language tag en-US
04-13 23:34:53.675  1347  1347 I AccessoryInputModeManager: AccessoryInputModeManager.onModeStarted():321 Accessory input mode started: STYLUS
04-13 23:34:53.678  1347  1347 W ExtensionWrapper: ExtensionWrapper.setAllowUpdateNavigationBarStyle():801 class idy is not activate
04-13 23:34:53.679  1347  1347 I WidgetViewShowingController: WidgetViewShowingController.showWidgetKeyboardInternal():505 Show companion widget
04-13 23:34:53.716  1347  1347 W ExtensionWrapper: ExtensionWrapper.setAllowUpdateNavigationBarStyle():801 class idy is not activate
04-13 23:34:53.717  1347  1347 I WidgetViewShowingPositionHandler: WidgetViewShowingPositionHandler.updateAvailableArea():194 update available area Rect(21, 84 - 1059, 2333)
04-13 23:34:53.722  1347  1347 W NotificationCenter: NotificationCenter$NotificationQueue.notifyPendingNotificationsOnExecutor():877 Heavy notify work detected on UI thread: [ifk->idu] takes 47ms
04-13 23:34:53.726  1347  1347 I KeyboardModeManager: KeyboardModeManager.setSupportedKeyboardModes():1294 supportsSplitMode=true supportsOneHandedMode=true, needUpdateKeyboardMode=false
04-13 23:34:53.726  1347  1347 I KeyboardModeManager: KeyboardModeManager.setKeyboardMode():1034 setKeyboardMode() newKeyboardMode=3, updatePreferences=false
04-13 23:34:53.729  1347  1347 W FloatingKeyboardModeData: FloatingKeyboardModeData.calculateFloatingKeyboardHeight():206 The keyboard height is not available!
04-13 23:34:53.729  1347  1347 I AccessoryInputModeManager: AccessoryInputModeManager$5.provideKeyboardPosition():472 showing popup panel at 190, 1252
04-13 23:34:53.731  1347  1347 E AndroidIME: AbstractPopupViewManager.movePopupView():345 popup view android.widget.FrameLayout{2086b79 G.E...... ......ID 0,0-894,756 #7f0b0274 app:id/0_resource_name_obfuscated} is not shown!
04-13 23:34:53.732  1347  1347 I ResizableKeyboardModeController: ResizableKeyboardModeController.getKeyboardBottomOffset():176 currentPrimeKeyboardType:SOFT keyboardBottomOffset:0 navBarHeight:63 isInLandscape:false
04-13 23:34:53.732  1347  1347 E AndroidIME: AbstractPopupViewManager.movePopupView():345 popup view android.widget.FrameLayout{2086b79 G.E...... ......ID 0,0-894,756 #7f0b0274 app:id/0_resource_name_obfuscated} is not shown!
04-13 23:34:53.743  1347  1347 I Module  : DeviceLockedStatusModuleProvider$Module.updateDeviceLockedStatus():100 repeatCheckTimes = 1, locked = false
04-13 23:34:53.751  1347  1347 I VoiceImeExtension: VoiceImeExtension.shouldStartVoiceInputAutomaticallyInCurrentInputBox():469 No private IME option set to start voice input.
04-13 23:34:53.762  1347  1347 I DeviceIntelligenceExtension: DeviceIntelligenceExtension.getInlineSuggestionsRequest():277 Inline suggestions disabled in stylus mode or vertical PK/Voice toolbar
04-13 23:34:53.763  1347  1347 I Choreographer: Skipped 33 frames!  The application may be doing too much work on its main thread.
04-13 23:34:53.766   676  1697 D CoreBackPreview: Window{a3f6c42 u0 com.example.holodex_notifier/com.example.holodex_notifier.MainActivity}: Setting back callback OnBackInvokedCallbackInfo{mCallback=android.window.IOnBackInvokedCallback$Stub$Proxy@a27b925, mPriority=0, mIsAnimationCallback=true, mOverrideBehavior=0}
04-13 23:34:53.777   676  1949 D ActivityManager: sync unfroze 24597 com.google.android.gms for 4
04-13 23:34:53.791   676   892 D BackgroundInstallControlService: Package event received: 0
04-13 23:34:53.805   676   892 D BackgroundInstallControlService: Package event received: 0
04-13 23:34:53.806   934   999 D WindowManagerShell: onKeepClearAreasChanged: restricted={}, unrestricted={Rect(0, 2337 - 1080, 2400)}
04-13 23:34:53.815  1347  1347 I WindowMetricsNotification: WindowMetricsNotification.notifyWithWindow():175 
04-13 23:34:53.816  1347  1347 I WindowMetricsNotification: WindowMetricsNotification.notify():168 WindowMetricsNotification{bounds=Rect(0, 63 - 1080, 2400), insets=Rect(0, 0 - 0, 63), densityDpi=420, smallestScreenWidthDp=411, displayWidth=1080, displayHeight=2400, xdpi=420.0, ydpi=420.0, isTrustable=true, displayId=0}; DisplayMetrics{density=2.625, width=1080, height=2400, scaledDensity=2.625, xdpi=420.0, ydpi=420.0}
04-13 23:34:53.821   934   999 D WindowManagerShell: onKeepClearAreasChanged: restricted={}, unrestricted={Rect(0, 2337 - 1080, 2400)}
04-13 23:34:54.005  1347  1347 I GoogleInputMethodService: GoogleInputMethodService$1.onKeyboardViewShown():370 onKeyboardViewShown: keyboardType=accessory, keyboardViewType=HEADER keyboardView=null
04-13 23:34:54.011  1347  1347 I GoogleInputMethodService: GoogleInputMethodService$1.onKeyboardViewShown():370 onKeyboardViewShown: keyboardType=accessory, keyboardViewType=BODY keyboardView=null
04-13 23:34:54.013  1347  1347 I WindowMetricsNotification: WindowMetricsNotification.notifyWithWindow():175 
04-13 23:34:54.013  1347  1347 I WindowMetricsNotification: WindowMetricsNotification.notify():168 WindowMetricsNotification{bounds=Rect(0, 63 - 1080, 2400), insets=Rect(0, 0 - 0, 63), densityDpi=420, smallestScreenWidthDp=411, displayWidth=1080, displayHeight=2400, xdpi=420.0, ydpi=420.0, isTrustable=true, displayId=0}; DisplayMetrics{density=2.625, width=1080, height=2400, scaledDensity=2.625, xdpi=420.0, ydpi=420.0}
04-13 23:34:54.013  1347  1347 I WindowMetricsNotification: WindowMetricsNotification.notifyWithWindow():175 
04-13 23:34:54.013  1347  1347 I WindowMetricsNotification: WindowMetricsNotification.notify():168 WindowMetricsNotification{bounds=Rect(0, 63 - 1080, 2400), insets=Rect(0, 0 - 0, 63), densityDpi=420, smallestScreenWidthDp=411, displayWidth=1080, displayHeight=2400, xdpi=420.0, ydpi=420.0, isTrustable=true, displayId=0}; DisplayMetrics{density=2.625, width=1080, height=2400, scaledDensity=2.625, xdpi=420.0, ydpi=420.0}
04-13 23:34:54.013  1347  1347 I WindowMetricsNotification: WindowMetricsNotification.notifyWithWindow():175 
