04-13 23:34:31.088   934   999 V WindowManagerShell:  Checking filter Pair{{types=[] flags=0x0] notFlags=0x0 checks=[{atype=dream independent=true modes=[OPEN,TO_FRONT] flags=NONE mustBeTask=false order=ANY topActivity=null launchCookie=null windowingMode=undefined},{atype=home independent=true modes=[CLOSE,TO_BACK] flags=NONE mustBeTask=false order=ANY topActivity=null launchCookie=null windowingMode=undefined}]} RemoteTransition { remoteTransition = android.window.IRemoteTransition$Stub$Proxy@51ad607, appThread = android.app.IApplicationThread$Stub$Proxy@a0d7334, debugName = LauncherToDream }}
04-13 23:34:31.089   934   999 V WindowManagerShell:  Checking filter Pair{{types=[] flags=0x0] notFlags=0x100 checks=[{atype=home independent=true modes=[OPEN,TO_FRONT] flags=NONE mustBeTask=false order=TOP topActivity=ComponentInfo{com.google.android.apps.nexuslauncher/com.google.android.apps.nexuslauncher.NexusLauncherActivity} launchCookie=null windowingMode=undefined},{atype=standard independent=true modes=[CLOSE,TO_BACK] flags=NONE mustBeTask=false order=ANY topActivity=null launchCookie=null windowingMode=undefined},{NOT atype=undefined independent=true modes=[] flags=NONE mustBeTask=true order=ANY topActivity=null launchCookie=null customAnim=true windowingMode=undefined}]} RemoteTransition { remoteTransition = android.window.IRemoteTransition$Stub$Proxy@f0c155d, appThread = android.app.IApplicationThread$Stub$Proxy@9959ed2, debugName = QuickstepLaunchHome }}
04-13 23:34:31.089   934   999 V WindowManagerShell:  Delegate animation for (#332) to null
04-13 23:34:31.089   934   999 V WindowManagerShell: start default transition animation, info = {id=332 t=OPEN f=0x0 trk=0 r=[0@Point(0, 0)] c=[{m=OPEN f=TRANSLUCENT|FILLS_TASK leash=Surface(name=ActivityRecord{75209625 u0 com.google.android.permissioncontroller/com.android.permissioncontroller.permission.ui.GrantPermissionsActivity)/@0x1c5ed16 sb=Rect(0, 0 - 0, 0) eb=Rect(0, 0 - 1080, 2400) epz=Point(1080, 2400) d=-1->0 r=-1->0:-1 bc=ffeeedf4 component=com.google.android.permissioncontroller/com.android.permissioncontroller.permission.ui.GrantPermissionsActivity opt={t=FROM_STYLE mUserId=0}}]}
04-13 23:34:31.089   934   999 V WindowManagerShell: loadAnimation: anim=null animAttr=0x4 type=OPEN isEntrance=true
04-13 23:34:31.094   934   999 V WindowManagerShell: Transition animation finished (aborted=false), notifying core (#332) android.os.BinderProxy@17fb5@0
04-13 23:34:31.098  1109  1109 D StateManager: goToState - fromState: Normal, toState: Normal, partial trace:
04-13 23:34:31.098  1109  1109 D StateManager: 	at com.android.launcher3.statemanager.StateManager.moveToRestState(go/retraceme 3b224f24b7011ff2b8f3ec383b256aa6cde54792fadda945a2f0c96bb78b055c:5)
04-13 23:34:31.098  1109  1109 D StateManager: 	at com.android.launcher3.statemanager.StateManager.moveToRestState(go/retraceme 3b224f24b7011ff2b8f3ec383b256aa6cde54792fadda945a2f0c96bb78b055c:2)
04-13 23:34:31.098  1109  1109 D StateManager: 	at com.android.launcher3.statemanager.StatefulActivity.onStop(go/retraceme 3b224f24b7011ff2b8f3ec383b256aa6cde54792fadda945a2f0c96bb78b055c:34)
04-13 23:34:31.099  1109  1109 D StatsLog: LAUNCHER_ONSTOP
04-13 23:34:31.101  1109  4046 D GmsPlayProvider: Shut down the binder channel
04-13 23:34:31.106  1109  1109 D StatsLog: LAUNCHER_GOOGLE_SEARCH_RESTORE_LIST_SIZE_AFTER_ACTIVITY_RESTART
04-13 23:34:31.108   676   708 W IPCThreadState: Sending oneway calls to frozen process.
04-13 23:34:31.109   934   999 V WindowManagerShell: Track 0 became idle
04-13 23:34:31.110   934   999 V WindowManagerShell: All active transition animations finished
04-13 23:34:31.110   934   999 V WindowManagerShell:  animated by com.android.wm.shell.transition.DefaultTransitionHandler@92180e5
04-13 23:34:31.111   934   999 V WindowManagerShell: Track 0 became idle
04-13 23:34:31.111   934   999 V WindowManagerShell: All active transition animations finished
04-13 23:34:31.112   676   708 W IPCThreadState: Sending oneway calls to frozen process.
04-13 23:34:31.112   676   708 W IPCThreadState: Sending oneway calls to frozen process.
04-13 23:34:31.120   676   708 W IPCThreadState: Sending oneway calls to frozen process.
04-13 23:34:31.124   676   708 W IPCThreadState: Sending oneway calls to frozen process.
04-13 23:34:31.124   676   708 W IPCThreadState: Sending oneway calls to frozen process.
04-13 23:34:31.125   676   705 I ActivityTaskManager: Displayed com.google.android.permissioncontroller/com.android.permissioncontroller.permission.ui.GrantPermissionsActivity for user 0: +11s952ms
04-13 23:34:31.127   676   708 W IPCThreadState: Sending oneway calls to frozen process.
04-13 23:34:31.127   676   705 V WindowManager: Sent Transition (#332) createdAt=04-13 23:34:30.496 via request=TransitionRequestInfo { type = OPEN, triggerTask = TaskInfo{userId=0 taskId=85 effectiveUid=10232 displayId=0 isRunning=true baseIntent=Intent { act=android.intent.action.MAIN cat=[android.intent.category.LAUNCHER] flg=0x30000000 cmp=com.example.holodex_notifier/.MainActivity } baseActivity=ComponentInfo{com.example.holodex_notifier/com.example.holodex_notifier.MainActivity} topActivity=ComponentInfo{com.google.android.permissioncontroller/com.android.permissioncontroller.permission.ui.GrantPermissionsActivity} origActivity=null realActivity=ComponentInfo{com.example.holodex_notifier/com.example.holodex_notifier.MainActivity} numActivities=2 lastActiveTime=69286766 supportsMultiWindow=true resizeMode=1 isResizeable=true minWidth=-1 minHeight=-1 defaultMinSize=220 token=WCT{RemoteToken{6da9503 Task{351fa1b #85 type=standard I=com.example.holodex_notifier/.MainActivity}}} topActivityType=1 pictureInPictureParams=null shouldDockBigOverlays=false launchIntoPipHostTaskId=-1 lastParentTaskIdBeforePip=-1 displayCutoutSafeInsets=Rect(0, 0 - 0, 0) topActivityInfo=ActivityInfo{ea4272 com.android.permissioncontroller.permission.ui.GrantPermissionsActivity} launchCookies=[] positionInParent=Point(0, 0) parentTaskId=-1 isFocused=true isVisible=true isVisibleRequested=true isTopActivityNoDisplay=false isSleeping=false locusId=null displayAreaFeatureId=1 isTopActivityTransparent=true isActivityStackTransparent=false lastNonFullscreenBounds=Rect(284, 660 - 796, 1740) capturedLink=null capturedLinkTimestamp=0 requestedVisibleTypes=-9 topActivityRequestOpenInBrowserEducationTimestamp=0 appCompatTaskInfo=AppCompatTaskInfo { topActivityInSizeCompat=false eligibleForLetterboxEducation= false isLetterboxEducationEnabled= true isLetterboxDoubleTapEnabled= false eligibleForUserAspectRatioButton= false topActivityBoundsLetterboxed= false isFromLetterboxDoubleTap= false topActivityLetterboxVerticalPosition= -1 topActivityLetterboxHorizontalPosition= -1 topActivityLetterboxWidth=-1 topActivityLetterboxHeight=-1 topActivityAppBounds=Rect(0, 0 - 1080, 2400) isUserFullscreenOverrideEnabled=false isSystemFullscreenOverrideEnabled=false hasMinAspectRatioOverride=false topActivityLetterboxBounds=null cameraCompatTaskInfo=CameraCompatTaskInfo { freeformCameraCompatMode=inactive}} topActivityMainWindowFrame=null}, pipChange = null, remoteTransition = null, displayChange = null, flags = 0, debugId = 332 }
04-13 23:34:31.127   676   705 V WindowManager:     startWCT=WindowContainerTransaction { changes= {} hops= [] errorCallbackToken=null taskFragmentOrganizer=null }
04-13 23:34:31.127   676   705 V WindowManager:     info={id=332 t=OPEN f=0x0 trk=0 r=[0@Point(0, 0)] c=[
04-13 23:34:31.127   676   705 V WindowManager:         {m=OPEN f=TRANSLUCENT|FILLS_TASK leash=Surface(name=ActivityRecord{75209625 u0 com.google.android.permissioncontroller/com.android.permissioncontroller.permission.ui.GrantPermissionsActivity)/@0xb785f28 sb=Rect(0, 0 - 0, 0) eb=Rect(0, 0 - 1080, 2400) epz=Point(1080, 2400) d=-1->0 r=-1->0:-1 bc=ffeeedf4 component=com.google.android.permissioncontroller/com.android.permissioncontroller.permission.ui.GrantPermissionsActivity opt={t=FROM_STYLE mUserId=0}}
04-13 23:34:31.127   676   705 V WindowManager:     ]}
04-13 23:34:31.127   676   708 W IPCThreadState: Sending oneway calls to frozen process.
04-13 23:34:31.127   676   705 V WindowManager: Finish Transition (#332): created at 04-13 23:34:30.496 collect-started=0.088ms request-sent=9.926ms started=15.978ms ready=93.246ms sent=579.191ms finished=608.566ms
04-13 23:34:31.128   676   708 W IPCThreadState: Sending oneway calls to frozen process.
04-13 23:34:31.128   676   708 W IPCThreadState: Sending oneway calls to frozen process.
04-13 23:34:31.128   676   708 W IPCThreadState: Sending oneway calls to frozen process.
04-13 23:34:31.128   676   708 W IPCThreadState: Sending oneway calls to frozen process.
04-13 23:34:31.128   676   708 W IPCThreadState: Sending oneway calls to frozen process.
04-13 23:34:31.129   676   708 W IPCThreadState: Sending oneway calls to frozen process.
04-13 23:34:31.129   676   708 W IPCThreadState: Sending oneway calls to frozen process.
04-13 23:34:31.133   676   708 W IPCThreadState: Sending oneway calls to frozen process.
04-13 23:34:31.133   676   708 W IPCThreadState: Sending oneway calls to frozen process.
04-13 23:34:31.134   676   708 W IPCThreadState: Sending oneway calls to frozen process.
04-13 23:34:31.138   676   708 W IPCThreadState: Sending oneway calls to frozen process.
04-13 23:34:31.142   676   708 W IPCThreadState: Sending oneway calls to frozen process.
04-13 23:34:31.142   676   708 W IPCThreadState: Sending oneway calls to frozen process.
04-13 23:34:31.143   676   708 W IPCThreadState: Sending oneway calls to frozen process.
04-13 23:34:31.146   676   708 W IPCThreadState: Sending oneway calls to frozen process.
04-13 23:34:31.152   676   708 W IPCThreadState: Sending oneway calls to frozen process.
04-13 23:34:31.154   676   708 W IPCThreadState: Sending oneway calls to frozen process.
04-13 23:34:31.155   676   708 W IPCThreadState: Sending oneway calls to frozen process.
04-13 23:34:31.157   676   708 W IPCThreadState: Sending oneway calls to frozen process.
04-13 23:34:31.157   676   708 W IPCThreadState: Sending oneway calls to frozen process.
04-13 23:34:31.162   676   708 W IPCThreadState: Sending oneway calls to frozen process.
04-13 23:34:31.165   676   708 W IPCThreadState: Sending oneway calls to frozen process.
04-13 23:34:31.166   676   708 W ProcessStats: Tracking association SourceState{47b62a1 com.android.settings/1000 Service #22151} whose proc state 8 is better than process ProcessState{1b0fdba com.google.android.settings.intelligence/10141 pkg=com.google.android.settings.intelligence} proc state 15 (11 skipped)
04-13 23:34:31.171   676   892 D BackgroundInstallControlService: Package event received: 0
04-13 23:34:31.281  1347  1347 I GoogleInputMethodService: GoogleInputMethodService.onFinishInput():2589 
04-13 23:34:31.312  1347  1347 I Module  : DeviceLockedStatusModuleProvider$Module.updateDeviceLockedStatus():100 repeatCheckTimes = 0, locked = false
04-13 23:34:31.327  1347  1347 I GoogleInputMethodService: GoogleInputMethodService.onStartInput():1568 onStartInput(EditorInfo{EditorInfo{packageName=com.google.android.permissioncontroller, inputType=0, inputTypeString=NULL, enableLearning=false, autoCorrection=false, autoComplete=false, imeOptions=0, privateImeOptions=null, actionName=UNSPECIFIED, actionLabel=null, initialSelStart=-1, initialSelEnd=-1, initialCapsMode=0, label=null, fieldId=0, fieldName=null, extras=null, hintText=null, hintLocales=[]}}, false)
04-13 23:34:31.359  1347  1347 I Module  : DeviceLockedStatusModuleProvider$Module.updateDeviceLockedStatus():100 repeatCheckTimes = 1, locked = false
04-13 23:34:31.373  1347  1347 W NotificationCenter: NotificationCenter$NotificationQueue.notifyPendingNotificationsOnExecutor():877 Heavy notify work detected on UI thread: [kbh->fpm, kbh->igv, kbh->lnz, kbh->ihv, kbh->igv, kbh->igv, kbh->fcx, kbh->fau, kbh->jzx, kbh->ier, kbh->igv, kbh->kab, kbh->igv, kbh->jhe, kbh->igv, kbh->igv, kbh->igv, kbh->igv, kbh->igv, kbh->igv, kbh->igv, kbh->igv, kbh->gib, kbh->igv] takes 27ms
04-13 23:34:31.381   676  1954 W PackageConfigPersister: App-specific configuration not found for packageName: com.google.android.permissioncontroller and userId: 0
04-13 23:34:31.382  1347  1347 I AndroidIME: InputBundleManager.loadActiveInputBundleId():407 loadActiveInputBundleId: und-Latn-x-password, password
04-13 23:34:32.080   676   784 D ActivityManager: freezing 23440 com.google.android.googlequicksearchbox:search
04-13 23:34:32.441   676   784 D ActivityManager: freezing 5562 com.android.vending
04-13 23:34:32.444   676   784 D ActivityManager: freezing 5656 com.android.vending:background
04-13 23:34:32.603   676   841 D InetDiagMessage: Destroyed 0 sockets, proto=IPPROTO_TCP, family=AF_INET, states=14
04-13 23:34:32.609   676   841 D InetDiagMessage: Destroyed 1 sockets, proto=IPPROTO_TCP, family=AF_INET6, states=14
04-13 23:34:32.609   676   841 D InetDiagMessage: Destroyed live tcp sockets for uids={10142} in 7ms
04-13 23:34:32.722   676   708 W IPCThreadState: Sending oneway calls to frozen process.
04-13 23:34:32.723   676   708 W IPCThreadState: Sending oneway calls to frozen process.
04-13 23:34:32.723   676   708 W IPCThreadState: Sending oneway calls to frozen process.
04-13 23:34:35.671 15954 15954 I GrantPermissionsViewModel: Logged buttons presented and clicked permissionGroupName=android.permission-group.NOTIFICATIONS uid=10232 selectedPrecision=0 package=com.example.holodex_notifier presentedButtons=9 clickedButton=1 isPermissionRationaleShown=false sessionId=-2701950463129505598 targetSdk=35
04-13 23:34:35.684   676   705 W IPCThreadState: Sending oneway calls to frozen process.
04-13 23:34:35.693   676  1002 W EnhancedConfirmationService: The packageName should not be null.
04-13 23:34:35.693 15954 15954 I GrantPermissionsViewModel: Permission grant result requestId=-2701950463129505598 callingUid=10232 callingPackage=com.example.holodex_notifier permission=android.permission.POST_NOTIFICATIONS isImplicit=false result=4 isPermissionRationaleShown=falseisPackageRestrictedByEnhancedConfirmation=false
04-13 23:34:35.694   676   705 W IPCThreadState: Sending oneway calls to frozen process.
04-13 23:34:35.701   934   999 V WindowManagerShell: Transition requested (#333): android.os.BinderProxy@5cef06d TransitionRequestInfo { type = CLOSE, triggerTask = null, pipChange = null, remoteTransition = null, displayChange = null, flags = 0, debugId = 333 }
04-13 23:34:35.703   516   534 I BpBinder: onLastStrongRef automatically unlinking death recipients: 
04-13 23:34:35.722   676   892 D BackgroundInstallControlService: Package event received: 0
04-13 23:34:35.723   516   516 I BpBinder: onLastStrongRef automatically unlinking death recipients: 
04-13 23:34:35.738   676   892 D BackgroundInstallControlService: Package event received: 0
04-13 23:34:35.738   676   892 D BackgroundInstallControlService: Package event received: 0
04-13 23:34:35.757   934  1938 V WindowManagerShell: onTransitionReady(transaction=2903397905246)
04-13 23:34:35.760   934   999 V WindowManagerShell: onTransitionReady (#333) android.os.BinderProxy@5cef06d: {id=333 t=CLOSE f=0x0 trk=0 r=[0@Point(0, 0)] c=[
04-13 23:34:35.760   934   999 V WindowManagerShell:         {m=CLOSE f=TRANSLUCENT|FILLS_TASK leash=Surface(name=ActivityRecord{75209625 u0 com.google.android.permissioncontroller/com.android.permissioncontroller.permission.ui.GrantPermissionsActivity)/@0x7abc4a2 sb=Rect(0, 0 - 1080, 2400) eb=Rect(0, 0 - 1080, 2400) epz=Point(1080, 2400) d=0 bc=ffeeedf4 component=com.google.android.permissioncontroller/com.android.permissioncontroller.permission.ui.GrantPermissionsActivity opt={t=FROM_STYLE mUserId=0}}
04-13 23:34:35.760   934   999 V WindowManagerShell:     ]}
04-13 23:34:35.760   934   999 V WindowManagerShell: Playing animation for (#333) android.os.BinderProxy@5cef06d@0
04-13 23:34:35.760   934   999 V ShellRecents: RecentsTransitionHandler.startAnimation: no controller found
04-13 23:34:35.760   934   999 V WindowManagerShell: Transition doesn't have explicit remote, search filters for match for {id=333 t=CLOSE f=0x0 trk=0 r=[0@Point(0, 0)] c=[{m=CLOSE f=TRANSLUCENT|FILLS_TASK leash=Surface(name=ActivityRecord{75209625 u0 com.google.android.permissioncontroller/com.android.permissioncontroller.permission.ui.GrantPermissionsActivity)/@0x7abc4a2 sb=Rect(0, 0 - 1080, 2400) eb=Rect(0, 0 - 1080, 2400) epz=Point(1080, 2400) d=0 bc=ffeeedf4 component=com.google.android.permissioncontroller/com.android.permissioncontroller.permission.ui.GrantPermissionsActivity opt={t=FROM_STYLE mUserId=0}}]}
04-13 23:34:35.760   934   999 V WindowManagerShell:  Checking filter Pair{{types=[] flags=0x0] notFlags=0x0 checks=[{atype=undefined independent=true modes=[CLOSE,TO_BACK] flags=IN_TASK_WITH_EMBEDDED_ACTIVITY mustBeTask=false order=ANY topActivity=null launchCookie=null taskFragmentToken=android.os.BinderProxy@d737688 windowingMode=undefined}]} RemoteTransition { remoteTransition = android.window.IRemoteTransition$Stub$Proxy@d771821, appThread = android.app.IApplicationThread$Stub$Proxy@f958446, debugName = overlayBackTransition }}
04-13 23:34:35.761   934   999 V WindowManagerShell:  Checking filter Pair{{types=[] flags=0x0] notFlags=0x0 checks=[{atype=dream independent=true modes=[OPEN,TO_FRONT] flags=NONE mustBeTask=false order=ANY topActivity=null launchCookie=null windowingMode=undefined},{atype=home independent=true modes=[CLOSE,TO_BACK] flags=NONE mustBeTask=false order=ANY topActivity=null launchCookie=null windowingMode=undefined}]} RemoteTransition { remoteTransition = android.window.IRemoteTransition$Stub$Proxy@51ad607, appThread = android.app.IApplicationThread$Stub$Proxy@a0d7334, debugName = LauncherToDream }}
04-13 23:34:35.761   934   999 V WindowManagerShell:  Checking filter Pair{{types=[] flags=0x0] notFlags=0x100 checks=[{atype=home independent=true modes=[OPEN,TO_FRONT] flags=NONE mustBeTask=false order=TOP topActivity=ComponentInfo{com.google.android.apps.nexuslauncher/com.google.android.apps.nexuslauncher.NexusLauncherActivity} launchCookie=null windowingMode=undefined},{atype=standard independent=true modes=[CLOSE,TO_BACK] flags=NONE mustBeTask=false order=ANY topActivity=null launchCookie=null windowingMode=undefined},{NOT atype=undefined independent=true modes=[] flags=NONE mustBeTask=true order=ANY topActivity=null launchCookie=null customAnim=true windowingMode=undefined}]} RemoteTransition { remoteTransition = android.window.IRemoteTransition$Stub$Proxy@f0c155d, appThread = android.app.IApplicationThread$Stub$Proxy@9959ed2, debugName = QuickstepLaunchHome }}
04-13 23:34:35.761   934   999 V WindowManagerShell:  Delegate animation for (#333) to null
04-13 23:34:35.762   934   999 V WindowManagerShell: start default transition animation, info = {id=333 t=CLOSE f=0x0 trk=0 r=[0@Point(0, 0)] c=[{m=CLOSE f=TRANSLUCENT|FILLS_TASK leash=Surface(name=ActivityRecord{75209625 u0 com.google.android.permissioncontroller/com.android.permissioncontroller.permission.ui.GrantPermissionsActivity)/@0x7abc4a2 sb=Rect(0, 0 - 1080, 2400) eb=Rect(0, 0 - 1080, 2400) epz=Point(1080, 2400) d=0 bc=ffeeedf4 component=com.google.android.permissioncontroller/com.android.permissioncontroller.permission.ui.GrantPermissionsActivity opt={t=FROM_STYLE mUserId=0}}]}
04-13 23:34:35.767   676   705 V WindowManager: Sent Transition (#333) createdAt=04-13 23:34:35.698 via request=TransitionRequestInfo { type = CLOSE, triggerTask = null, pipChange = null, remoteTransition = null, displayChange = null, flags = 0, debugId = 333 }
04-13 23:34:35.767   676   705 V WindowManager:     startWCT=WindowContainerTransaction { changes= {} hops= [] errorCallbackToken=null taskFragmentOrganizer=null }
04-13 23:34:35.767   676   705 V WindowManager:     info={id=333 t=CLOSE f=0x0 trk=0 r=[0@Point(0, 0)] c=[
04-13 23:34:35.767   676   705 V WindowManager:         {m=CLOSE f=TRANSLUCENT|FILLS_TASK leash=Surface(name=ActivityRecord{75209625 u0 com.google.android.permissioncontroller/com.android.permissioncontroller.permission.ui.GrantPermissionsActivity)/@0xb785f28 sb=Rect(0, 0 - 1080, 2400) eb=Rect(0, 0 - 1080, 2400) epz=Point(1080, 2400) d=0 bc=ffeeedf4 component=com.google.android.permissioncontroller/com.android.permissioncontroller.permission.ui.GrantPermissionsActivity opt={t=FROM_STYLE mUserId=0}}
04-13 23:34:35.767   676   705 V WindowManager:     ]}
04-13 23:34:35.770   934   999 V WindowManagerShell: loadAnimation: anim=null animAttr=0x7 type=CLOSE isEntrance=false
04-13 23:34:35.776   934   999 V WindowManagerShell: Transition animation finished (aborted=false), notifying core (#333) android.os.BinderProxy@5cef06d@0
04-13 23:34:35.780   676   705 V WindowManager: Finish Transition (#333): created at 04-13 23:34:35.698 collect-started=0.109ms request-sent=0.139ms started=9.422ms ready=41.104ms sent=55.174ms finished=80.441ms
04-13 23:34:35.783   934   999 V WindowManagerShell: Track 0 became idle
04-13 23:34:35.783   934   999 V WindowManagerShell: All active transition animations finished
04-13 23:34:35.783   934   999 V WindowManagerShell:  animated by com.android.wm.shell.transition.DefaultTransitionHandler@92180e5
04-13 23:34:35.783   934   999 V WindowManagerShell: Track 0 became idle
04-13 23:34:35.783   934   999 V WindowManagerShell: All active transition animations finished
04-13 23:34:35.787 25597 25597 I flutter : Android Notification Permission Granted: true
04-13 23:34:35.788 25597 25597 I flutter : Requesting Android exact alarm permissions...
04-13 23:34:35.863   676  1697 W OptProp : Cannot read opt property android.window.PROPERTY_COMPAT_ALLOW_USER_ASPECT_RATIO_OVERRIDE
04-13 23:34:35.863   676  1697 W OptProp : Cannot read opt property android.window.PROPERTY_COMPAT_ALLOW_USER_ASPECT_RATIO_FULLSCREEN_OVERRIDE
04-13 23:34:35.863   676  1697 W OptProp : Cannot read opt property android.window.PROPERTY_COMPAT_ALLOW_MIN_ASPECT_RATIO_OVERRIDE
04-13 23:34:35.864   676  1697 W OptProp : Cannot read opt property android.window.PROPERTY_COMPAT_ALLOW_ORIENTATION_OVERRIDE
04-13 23:34:35.867   676   909 W AS.PlaybackActivityMon: No piid assigned for invalid/internal port id 21
04-13 23:34:35.900   676  1697 I ActivityTaskManager: START u0 {act=android.settings.REQUEST_SCHEDULE_EXACT_ALARM dat=package: cmp=com.android.settings/.Settings$AlarmsAndRemindersAppActivity} with LAUNCH_MULTIPLE from uid 10232 (sr=142559814) (BAL_ALLOW_VISIBLE_WINDOW) result code=0
04-13 23:34:35.903   934   999 V WindowManagerShell: Transition requested (#334): android.os.BinderProxy@af72669 TransitionRequestInfo { type = OPEN, triggerTask = TaskInfo{userId=0 taskId=85 effectiveUid=10232 displayId=0 isRunning=true baseIntent=Intent { act=android.intent.action.MAIN cat=[android.intent.category.LAUNCHER] flg=0x30000000 cmp=com.example.holodex_notifier/.MainActivity } baseActivity=ComponentInfo{com.example.holodex_notifier/com.example.holodex_notifier.MainActivity} topActivity=ComponentInfo{com.android.settings/com.android.settings.Settings$AlarmsAndRemindersAppActivity} origActivity=null realActivity=ComponentInfo{com.example.holodex_notifier/com.example.holodex_notifier.MainActivity} numActivities=2 lastActiveTime=69292159 supportsMultiWindow=true resizeMode=1 isResizeable=true minWidth=-1 minHeight=-1 defaultMinSize=220 token=WCT{android.window.IWindowContainerToken$Stub$Proxy@72588ee} topActivityType=1 pictureInPictureParams=null shouldDockBigOverlays=false launchIntoPipHostTaskId=-1 lastParentTaskIdBeforePip=-1 displayCutoutSafeInsets=Rect(0, 0 - 0, 0) topActivityInfo=ActivityInfo{c8018f com.android.settings.Settings$AlarmsAndRemindersAppActivity} launchCookies=[] positionInParent=Point(0, 0) parentTaskId=-1 isFocused=true isVisible=true isVisibleRequested=true isTopActivityNoDisplay=false isSleeping=false locusId=null displayAreaFeatureId=1 isTopActivityTransparent=false isActivityStackTransparent=false lastNonFullscreenBounds=Rect(284, 660 - 796, 1740) capturedLink=null capturedLinkTimestamp=0 requestedVisibleTypes=-9 topActivityRequestOpenInBrowserEducationTimestamp=0 appCompatTaskInfo=AppCompatTaskInfo { topActivityInSizeCompat=false eligibleForLetterboxEducation= false isLetterboxEducationEnabled= true isLetterboxDoubleTapEnabled= false eligibleForUserAspectRatioButton= false topActivityBoundsLetterboxed= false isFromLetterboxDoubleTap= false topActivityLetterboxVerticalPosition= -1 topActivityLetterboxHorizontalPosition= -1 topActivityLetterboxWidth=-1 topActivityLetterboxHeight=-1 topActivityAppBounds=Rect(0, 0 - 1080, 2400) isUserFullscreenOverrideEnabled=false isSystemFullscreenOverrideEnabled=false hasMinAspectRatioOverride=false topActivityLetterboxBounds=null cameraCompatTaskInfo=CameraCompatTaskInfo { freeformCameraCompatMode=inactive}} topActivityMainWindowFrame=null}, pipChange = null, remoteTransition = null, displayChange = null, flags = 0, debugId = 334 }
04-13 23:34:35.904   934   999 D ShellSplitScreen: logExit: no-op, mLoggerSessionId is null
04-13 23:34:35.911 15954 15954 D VRI[GrantPermissionsActivity]: visibilityChanged oldVisibility=true newVisibility=false
04-13 23:34:35.931   516   516 I BpBinder: onLastStrongRef automatically unlinking death recipients: 
04-13 23:34:35.938   676  1717 W OptProp : Cannot read opt property android.window.PROPERTY_COMPAT_ENABLE_FAKE_FOCUS
04-13 23:34:35.940   676  1717 W IPCThreadState: Sending oneway calls to frozen process.
04-13 23:34:35.942   509   593 D AF::Track: interceptBuffer: took 673us to intercept 0 tracks
04-13 23:34:35.942   676   892 D BackgroundInstallControlService: Package event received: 0
04-13 23:34:35.947   676  1717 D ActivityManager: quick sync unfreeze 5218 for 1
04-13 23:34:35.961   676  1717 W OptProp : Cannot read opt property android.window.PROPERTY_COMPAT_ALLOW_RESIZEABLE_ACTIVITY_OVERRIDES
04-13 23:34:35.968   516   794 I BpBinder: onLastStrongRef automatically unlinking death recipients: 
04-13 23:34:35.974   509   593 D AudioFlinger: mixer(0x7bca04817770) throttle end: throttle time(32)
04-13 23:34:35.980   676   708 D ActivityManager: sync unfroze 5218 com.android.settings for 1
04-13 23:34:35.993   676   892 D BackgroundInstallControlService: Package event received: 0
04-13 23:34:36.005   676   708 D ActivityManager: sync unfroze 11661 com.google.android.gms.ui for 1
04-13 23:34:36.009   676   708 D ActivityManager: sync unfroze 5925 com.google.android.settings.intelligence for 1
04-13 23:34:36.014   676   892 D BackgroundInstallControlService: Package event received: 0
04-13 23:34:36.016   676   892 D BackgroundInstallControlService: Package event received: 0
04-13 23:34:36.042 15954 15954 W WindowOnBackDispatcher: sendCancelIfRunning: isInProgress=false callback=android.app.Activity$$ExternalSyntheticLambda0@3af345e
04-13 23:34:36.046 15954 15954 I ImeTracker: com.google.android.permissioncontroller:54bb3f97: onRequestHide at ORIGIN_CLIENT reason HIDE_WINDOW_LOST_FOCUS fromUser false
04-13 23:34:36.046 15954 15954 D InsetsController: hide(ime(), fromIme=false)
04-13 23:34:36.046 15954 15954 I ImeTracker: com.google.android.permissioncontroller:54bb3f97: onCancelled at PHASE_CLIENT_ALREADY_HIDDEN
04-13 23:34:36.050   676   892 D BackgroundInstallControlService: Package event received: 0
04-13 23:34:36.058   676   892 D BackgroundInstallControlService: Package event received: 0
04-13 23:34:36.070 15954 15954 D ViewRootImpl: Skipping stats log for color mode
04-13 23:34:36.070   676  1002 D CoreBackPreview: Window{f3ede10 u0 com.google.android.permissioncontroller/com.android.permissioncontroller.permission.ui.GrantPermissionsActivity}: Setting back callback null
04-13 23:34:36.072  5925 15827 I PhenotypeProcessReaper: Memory state is: 100
04-13 23:34:36.125   676   892 D BackgroundInstallControlService: Package event received: 0
04-13 23:34:36.166  5218  5218 D ActivityEmbeddingUtils: isSettingsSplitSupported = false
04-13 23:34:36.235  5218  5218 W HWUI    : Image decoding logging dropped!
04-13 23:34:36.238  5218  5218 W HWUI    : Image decoding logging dropped!
04-13 23:34:36.256  5218  5218 W HWUI    : Image decoding logging dropped!
04-13 23:34:36.313  5218  5218 D SettingsActivity: Starting onCreate
04-13 23:34:36.366  5218  5218 D SettingsActivity: MetricsCategory is 1869
04-13 23:34:36.374   676   909 W OptProp : Cannot read opt property android.window.PROPERTY_COMPAT_ALLOW_USER_ASPECT_RATIO_OVERRIDE
04-13 23:34:36.374   676   909 W OptProp : Cannot read opt property android.window.PROPERTY_COMPAT_ALLOW_USER_ASPECT_RATIO_FULLSCREEN_OVERRIDE
04-13 23:34:36.375   676   909 W OptProp : Cannot read opt property android.window.PROPERTY_COMPAT_ALLOW_MIN_ASPECT_RATIO_OVERRIDE
04-13 23:34:36.375   676   909 W OptProp : Cannot read opt property android.window.PROPERTY_COMPAT_ALLOW_ORIENTATION_OVERRIDE
04-13 23:34:36.381   676   909 I ActivityTaskManager: START u0 {xflg=0x4 cmp=com.android.settings/.spa.SpaActivity (has extras)} with LAUNCH_MULTIPLE from uid 1000 (sr=81106844) (BAL_ALLOW_VISIBLE_WINDOW) result code=0
04-13 23:34:36.392   676   892 D BackgroundInstallControlService: Package event received: 0
04-13 23:34:36.394   676  1717 W OptProp : Cannot read opt property android.window.PROPERTY_COMPAT_ENABLE_FAKE_FOCUS
04-13 23:34:36.398   676  1717 W OptProp : Cannot read opt property android.window.PROPERTY_COMPAT_ALLOW_RESIZEABLE_ACTIVITY_OVERRIDES
04-13 23:34:36.399   676   892 D BackgroundInstallControlService: Package event received: 0
04-13 23:34:36.399   676   892 D BackgroundInstallControlService: Package event received: 0
04-13 23:34:36.441   676  1717 D CoreBackPreview: Window{97dd92a u0 com.android.settings/com.android.settings.spa.SpaActivity}: Setting back callback OnBackInvokedCallbackInfo{mCallback=android.window.IOnBackInvokedCallback$Stub$Proxy@db16cb8, mPriority=-1, mIsAnimationCallback=false, mOverrideBehavior=0}
04-13 23:34:36.532  5218  9206 I EGL_emulation: Opening libGLESv1_CM_emulation.so
04-13 23:34:36.536  5218  9206 I EGL_emulation: Opening libGLESv2_emulation.so
04-13 23:34:36.546  5218  9206 W HWUI    : Failed to choose config with EGL_SWAP_BEHAVIOR_PRESERVED, retrying without...
04-13 23:34:36.546  5218  9206 W HWUI    : Failed to initialize 101010-2 format, error = EGL_SUCCESS
04-13 23:34:36.794   934  4877 V WindowManagerShell: onTransitionReady(transaction=2903397905285)
04-13 23:34:36.797   934   999 V WindowManagerShell: onTransitionReady (#334) android.os.BinderProxy@af72669: {id=334 t=OPEN f=0x0 trk=0 r=[0@Point(0, 0)] c=[
04-13 23:34:36.797   934   999 V WindowManagerShell:         {m=OPEN f=FILLS_TASK leash=Surface(name=ActivityRecord{109250905 u0 com.android.settings/.spa.SpaActivity)/@0x86545fa sb=Rect(0, 0 - 0, 0) eb=Rect(0, 0 - 1080, 2400) epz=Point(1080, 2400) d=-1->0 r=-1->0:-1 bc=ffeeedf4 component=com.android.settings/.spa.SpaActivity opt={t=FROM_STYLE mUserId=0}},
04-13 23:34:36.797   934   999 V WindowManagerShell:         {m=TO_BACK f=FILLS_TASK|IS_BEHIND_STARTING_WINDOW leash=Surface(name=ActivityRecord{142559814 u0 com.example.holodex_notifier/.MainActivity)/@0x7cd27ab sb=Rect(0, 0 - 1080, 2400) eb=Rect(0, 0 - 1080, 2400) epz=Point(1080, 2400) d=0 bc=ffeeedf4 component=com.example.holodex_notifier/.MainActivity opt={t=FROM_STYLE mUserId=0}}
04-13 23:34:36.797   934   999 V WindowManagerShell:     ]}
04-13 23:34:36.800   934   999 V WindowManagerShell: Playing animation for (#334) android.os.BinderProxy@af72669@0
04-13 23:34:36.801   934   999 V ShellRecents: RecentsTransitionHandler.startAnimation: no controller found
04-13 23:34:36.801   934   999 V WindowManagerShell: Transition doesn't have explicit remote, search filters for match for {id=334 t=OPEN f=0x0 trk=0 r=[0@Point(0, 0)] c=[{m=OPEN f=FILLS_TASK leash=Surface(name=ActivityRecord{109250905 u0 com.android.settings/.spa.SpaActivity)/@0x86545fa sb=Rect(0, 0 - 0, 0) eb=Rect(0, 0 - 1080, 2400) epz=Point(1080, 2400) d=-1->0 r=-1->0:-1 bc=ffeeedf4 component=com.android.settings/.spa.SpaActivity opt={t=FROM_STYLE mUserId=0}},{m=TO_BACK f=FILLS_TASK|IS_BEHIND_STARTING_WINDOW leash=Surface(name=ActivityRecord{142559814 u0 com.example.holodex_notifier/.MainActivity)/@0x7cd27ab sb=Rect(0, 0 - 1080, 2400) eb=Rect(0, 0 - 1080, 2400) epz=Point(1080, 2400) d=0 bc=ffeeedf4 component=com.example.holodex_notifier/.MainActivity opt={t=FROM_STYLE mUserId=0}}]}
04-13 23:34:36.802   934   999 V WindowManagerShell:  Checking filter Pair{{types=[] flags=0x0] notFlags=0x0 checks=[{atype=undefined independent=true modes=[CLOSE,TO_BACK] flags=IN_TASK_WITH_EMBEDDED_ACTIVITY mustBeTask=false order=ANY topActivity=null launchCookie=null taskFragmentToken=android.os.BinderProxy@d737688 windowingMode=undefined}]} RemoteTransition { remoteTransition = android.window.IRemoteTransition$Stub$Proxy@d771821, appThread = android.app.IApplicationThread$Stub$Proxy@f958446, debugName = overlayBackTransition }}
04-13 23:34:36.802   934   999 V WindowManagerShell:  Checking filter Pair{{types=[] flags=0x0] notFlags=0x0 checks=[{atype=dream independent=true modes=[OPEN,TO_FRONT] flags=NONE mustBeTask=false order=ANY topActivity=null launchCookie=null windowingMode=undefined},{atype=home independent=true modes=[CLOSE,TO_BACK] flags=NONE mustBeTask=false order=ANY topActivity=null launchCookie=null windowingMode=undefined}]} RemoteTransition { remoteTransition = android.window.IRemoteTransition$Stub$Proxy@51ad607, appThread = android.app.IApplicationThread$Stub$Proxy@a0d7334, debugName = LauncherToDream }}
04-13 23:34:36.802   934   999 V WindowManagerShell:  Checking filter Pair{{types=[] flags=0x0] notFlags=0x100 checks=[{atype=home independent=true modes=[OPEN,TO_FRONT] flags=NONE mustBeTask=false order=TOP topActivity=ComponentInfo{com.google.android.apps.nexuslauncher/com.google.android.apps.nexuslauncher.NexusLauncherActivity} launchCookie=null windowingMode=undefined},{atype=standard independent=true modes=[CLOSE,TO_BACK] flags=NONE mustBeTask=false order=ANY topActivity=null launchCookie=null windowingMode=undefined},{NOT atype=undefined independent=true modes=[] flags=NONE mustBeTask=true order=ANY topActivity=null launchCookie=null customAnim=true windowingMode=undefined}]} RemoteTransition { remoteTransition = android.window.IRemoteTransition$Stub$Proxy@f0c155d, appThread = android.app.IApplicationThread$Stub$Proxy@9959ed2, debugName = QuickstepLaunchHome }}
04-13 23:34:36.803   934   999 V WindowManagerShell:  Delegate animation for (#334) to null
04-13 23:34:36.803   934   999 V WindowManagerShell: start default transition animation, info = {id=334 t=OPEN f=0x0 trk=0 r=[0@Point(0, 0)] c=[{m=OPEN f=FILLS_TASK leash=Surface(name=ActivityRecord{109250905 u0 com.android.settings/.spa.SpaActivity)/@0x86545fa sb=Rect(0, 0 - 0, 0) eb=Rect(0, 0 - 1080, 2400) epz=Point(1080, 2400) d=-1->0 r=-1->0:-1 bc=ffeeedf4 component=com.android.settings/.spa.SpaActivity opt={t=FROM_STYLE mUserId=0}},{m=TO_BACK f=FILLS_TASK|IS_BEHIND_STARTING_WINDOW leash=Surface(name=ActivityRecord{142559814 u0 com.example.holodex_notifier/.MainActivity)/@0x7cd27ab sb=Rect(0, 0 - 1080, 2400) eb=Rect(0, 0 - 1080, 2400) epz=Point(1080, 2400) d=0 bc=ffeeedf4 component=com.example.holodex_notifier/.MainActivity opt={t=FROM_STYLE mUserId=0}}]}
04-13 23:34:36.808   676   705 I ActivityTaskManager: Displayed com.android.settings/.spa.SpaActivity for user 0: +936ms
04-13 23:34:36.812   934   999 V WindowManagerShell: loadAnimation: anim=android.view.animation.AnimationSet@84022b4 animAttr=0x5 type=OPEN isEntrance=false
04-13 23:34:36.813   934   999 V WindowManagerShell: loadAnimation: anim=android.view.animation.AnimationSet@7bce123 animAttr=0x4 type=OPEN isEntrance=true
04-13 23:34:36.814   934   999 V WindowManagerShell:  animated by com.android.wm.shell.transition.DefaultTransitionHandler@92180e5
04-13 23:34:36.819  5218  5218 D SpaLogMetricsProvider: PAGE_ENTER page 0
04-13 23:34:36.893  5218  5218 D BrowseActivity: Launching page TogglePermissionAppInfoPage
04-13 23:34:36.898  5218 25031 I ndroid.settings: AssetManager2(0x7e631d7ccc98) locale list changing from [] to [en-US]
04-13 23:34:36.903  5218 25031 W HWUI    : Image decoding logging dropped!
04-13 23:34:36.914   676   705 V WindowManager: Sent Transition (#334) createdAt=04-13 23:34:35.860 via request=TransitionRequestInfo { type = OPEN, triggerTask = TaskInfo{userId=0 taskId=85 effectiveUid=10232 displayId=0 isRunning=true baseIntent=Intent { act=android.intent.action.MAIN cat=[android.intent.category.LAUNCHER] flg=0x30000000 cmp=com.example.holodex_notifier/.MainActivity } baseActivity=ComponentInfo{com.example.holodex_notifier/com.example.holodex_notifier.MainActivity} topActivity=ComponentInfo{com.android.settings/com.android.settings.Settings$AlarmsAndRemindersAppActivity} origActivity=null realActivity=ComponentInfo{com.example.holodex_notifier/com.example.holodex_notifier.MainActivity} numActivities=2 lastActiveTime=69292159 supportsMultiWindow=true resizeMode=1 isResizeable=true minWidth=-1 minHeight=-1 defaultMinSize=220 token=WCT{RemoteToken{6da9503 Task{351fa1b #85 type=standard I=com.example.holodex_notifier/.MainActivity}}} topActivityType=1 pictureInPictureParams=null shouldDockBigOverlays=false launchIntoPipHostTaskId=-1 lastParentTaskIdBeforePip=-1 displayCutoutSafeInsets=Rect(0, 0 - 0, 0) topActivityInfo=ActivityInfo{ec0d800 com.android.settings.Settings$AlarmsAndRemindersAppActivity} launchCookies=[] positionInParent=Point(0, 0) parentTaskId=-1 isFocused=true isVisible=true isVisibleRequested=true isTopActivityNoDisplay=false isSleeping=false locusId=null displayAreaFeatureId=1 isTopActivityTransparent=false isActivityStackTransparent=false lastNonFullscreenBounds=Rect(284, 660 - 796, 1740) capturedLink=null capturedLinkTimestamp=0 requestedVisibleTypes=-9 topActivityRequestOpenInBrowserEducationTimestamp=0 appCompatTaskInfo=AppCompatTaskInfo { topActivityInSizeCompat=false eligibleForLetterboxEducation= false isLetterboxEducationEnabled= true isLetterboxDoubleTapEnabled= false eligibleForUserAspectRatioButton= false topActivityBoundsLetterboxed= false isFromLetterboxDoubleTap= false topActivityLetterboxVerticalPosition= -1 topActivityLetterboxHorizontalPosition= -1 topActivityLetterboxWidth=-1 topActivityLetterboxHeight=-1 topActivityAppBounds=Rect(0, 0 - 1080, 2400) isUserFullscreenOverrideEnabled=false isSystemFullscreenOverrideEnabled=false hasMinAspectRatioOverride=false topActivityLetterboxBounds=null cameraCompatTaskInfo=CameraCompatTaskInfo { freeformCameraCompatMode=inactive}} topActivityMainWindowFrame=null}, pipChange = null, remoteTransition = null, displayChange = null, flags = 0, debugId = 334 }
04-13 23:34:36.915   676   705 V WindowManager:     startWCT=WindowContainerTransaction { changes= {} hops= [] errorCallbackToken=null taskFragmentOrganizer=null }
04-13 23:34:36.918   676   705 V WindowManager:     info={id=334 t=OPEN f=0x0 trk=0 r=[0@Point(0, 0)] c=[
04-13 23:34:36.918   676   705 V WindowManager:         {m=OPEN f=FILLS_TASK leash=Surface(name=ActivityRecord{109250905 u0 com.android.settings/.spa.SpaActivity)/@0x3b573e8 sb=Rect(0, 0 - 0, 0) eb=Rect(0, 0 - 1080, 2400) epz=Point(1080, 2400) d=-1->0 r=-1->0:-1 bc=ffeeedf4 component=com.android.settings/.spa.SpaActivity opt={t=FROM_STYLE mUserId=0}},
04-13 23:34:36.918   676   705 V WindowManager:         {m=TO_BACK f=FILLS_TASK|IS_BEHIND_STARTING_WINDOW leash=Surface(name=ActivityRecord{142559814 u0 com.example.holodex_notifier/.MainActivity)/@0x71c590b sb=Rect(0, 0 - 1080, 2400) eb=Rect(0, 0 - 1080, 2400) epz=Point(1080, 2400) d=0 bc=ffeeedf4 component=com.example.holodex_notifier/.MainActivity opt={t=FROM_STYLE mUserId=0}}
04-13 23:34:36.918   676   705 V WindowManager:     ]}
04-13 23:34:37.045  5218 25472 D AppOpsPermissionControl: isAllowed: false
04-13 23:34:37.114   676   804 I ImeTracker: com.android.settings:578b39a9: onRequestHide at ORIGIN_SERVER reason HIDE_UNSPECIFIED_WINDOW fromUser false
04-13 23:34:37.121  1347  1347 I GoogleInputMethodService: GoogleInputMethodService.onFinishInput():2589 
04-13 23:34:37.125  1347  1347 I Module  : DeviceLockedStatusModuleProvider$Module.updateDeviceLockedStatus():100 repeatCheckTimes = 0, locked = false
04-13 23:34:37.133  1347  1347 I GoogleInputMethodService: GoogleInputMethodService.onStartInput():1568 onStartInput(EditorInfo{EditorInfo{packageName=com.android.settings, inputType=0, inputTypeString=NULL, enableLearning=false, autoCorrection=false, autoComplete=false, imeOptions=0, privateImeOptions=null, actionName=UNSPECIFIED, actionLabel=null, initialSelStart=-1, initialSelEnd=-1, initialCapsMode=0, label=null, fieldId=0, fieldName=null, extras=null, hintText=null, hintLocales=[]}}, false)
04-13 23:34:37.136  1347  1347 I Module  : DeviceLockedStatusModuleProvider$Module.updateDeviceLockedStatus():100 repeatCheckTimes = 1, locked = false
04-13 23:34:37.140   676  1002 W PackageConfigPersister: App-specific configuration not found for packageName: com.android.settings and userId: 0
04-13 23:34:37.141  1347  1347 I AndroidIME: InputBundleManager.loadActiveInputBundleId():407 loadActiveInputBundleId: und-Latn-x-password, password
04-13 23:34:37.148  5218  5218 D InsetsController: hide(ime(), fromIme=false)
04-13 23:34:37.148  5218  5218 I ImeTracker: com.android.settings:578b39a9: onCancelled at PHASE_CLIENT_ALREADY_HIDDEN
04-13 23:34:37.289   934   999 V WindowManagerShell: Transition animation finished (aborted=false), notifying core (#334) android.os.BinderProxy@af72669@0
04-13 23:34:37.293   676   705 V WindowManager: Finish Transition (#334): created at 04-13 23:34:35.860 collect-started=1.452ms request-sent=39.331ms started=58.919ms ready=538.212ms sent=931.776ms commit=47.899ms finished=1430.485ms
04-13 23:34:37.297   934   999 V WindowManagerShell: Track 0 became idle
04-13 23:34:37.300   934   999 V WindowManagerShell: All active transition animations finished
04-13 23:34:37.314 25597 25597 D VRI[MainActivity]: visibilityChanged oldVisibility=true newVisibility=false
04-13 23:34:37.379   676   892 D BackgroundInstallControlService: Package event received: 0
04-13 23:34:37.410   676   892 D BackgroundInstallControlService: Package event received: 0
04-13 23:34:37.906   934  1016 W WindowOnBackDispatcher: sendCancelIfRunning: isInProgress=false callback=android.view.ViewRootImpl$$ExternalSyntheticLambda13@39c7d42
04-13 23:34:37.907   676  1949 D CoreBackPreview: Window{a91f290 u0 Splash Screen com.example.holodex_notifier}: Setting back callback null
04-13 23:34:38.218  5218 25031 D AppOpsPermissionControl: isAllowed: true
04-13 23:34:39.028   446  6333 D android.hardware.audio@7.1-impl.ranchu: threadLoop: entering standby, frames: 34353600
04-13 23:34:39.028   446  6333 D android.hardware.audio@7.1-impl.ranchu: ~TinyalsaSink: stopping PCM stream
04-13 23:34:39.030   446  6333 D android.hardware.audio@7.1-impl.ranchu: ~TinyalsaSink: joining consumeThread
04-13 23:34:39.030   446 25678 W android.hardware.audio@7.1-impl.ranchu: pcmWrite:259 pcm_writei failed with 'cannot read/write stream data: File descriptor in bad state' (-1)
04-13 23:34:39.030   446 25678 E android.hardware.audio@7.1-impl.ranchu: pcmWrite:260 failure: -1
04-13 23:34:39.030   446 25678 D android.hardware.audio@7.1-impl.ranchu: consumeThread: exiting
04-13 23:34:39.390   676  1485 E TaskPersister: File error accessing recents directory (directory doesn't exist?).
04-13 23:34:41.402   934   999 V WindowManagerShell: Transition requested (#335): android.os.BinderProxy@f9b21aa TransitionRequestInfo { type = CLOSE, triggerTask = null, pipChange = null, remoteTransition = null, displayChange = null, flags = 0, debugId = 335 }
04-13 23:34:41.405   516   535 I BpBinder: onLastStrongRef automatically unlinking death recipients: 
04-13 23:34:41.427   676   892 D BackgroundInstallControlService: Package event received: 0
04-13 23:34:41.438   516   516 I BpBinder: onLastStrongRef automatically unlinking death recipients: 
04-13 23:34:41.445   676   892 D BackgroundInstallControlService: Package event received: 0
04-13 23:34:41.445   676   892 D BackgroundInstallControlService: Package event received: 0
04-13 23:34:41.445   676   892 D BackgroundInstallControlService: Package event received: 0
04-13 23:34:41.447 25597 25597 I flutter : Android Exact Alarm Permission Granted: true
04-13 23:34:41.447 25597 25597 I flutter : Attempting to create Android channels...
04-13 23:34:41.471 25597 25648 W HWUI    : Failed to choose config with EGL_SWAP_BEHAVIOR_PRESERVED, retrying without...
04-13 23:34:41.471 25597 25648 W HWUI    : Failed to initialize 101010-2 format, error = EGL_SUCCESS
04-13 23:34:41.663 25597 25654 E libEGL  : called unimplemented OpenGL ES API
04-13 23:34:42.021 25597 25597 I flutter : Android Notification Channels Created.
04-13 23:34:42.021 25597 25597 I flutter :  Finished creating Android channels.
04-13 23:34:42.021 25597 25597 I flutter : LocalNotificationService initialized successfully (End of initialize method).
04-13 23:34:42.022 25597 25597 I flutter : [38;5;12m[I][0m TIME: 2025-04-13T23:34:42.021792 Notification Service initialized (Main Isolate).
04-13 23:34:42.026 25597 25597 I flutter : [38;5;12m[I][0m TIME: 2025-04-13T23:34:42.026385 Notification Service resolved.
04-13 23:34:42.028 25597 25597 I flutter : [38;5;12m[I][0m TIME: 2025-04-13T23:34:42.028406 Waiting for Background Service FutureProvider...
04-13 23:34:42.040 25597 25597 I flutter : [38;5;12m[I][0m TIME: 2025-04-13T23:34:42.039742 Initializing Background Service...
04-13 23:34:42.047 25597 25597 I flutter : [BG Poller Service] Initializing...
04-13 23:34:42.047 25597 25597 I flutter : [BG Poller Service] Creating notification channel: holodex_notifier_background_service
04-13 23:34:42.065 25597 25597 I flutter : [BG Poller Service] Notification channel holodex_notifier_background_service created/ensured.
04-13 23:34:42.101 25597 25597 I flutter : [BG Poller Service] Configuration complete.
04-13 23:34:42.101 25597 25597 I flutter : [38;5;12m[I][0m TIME: 2025-04-13T23:34:42.101884 Background Service initialized (Setup).
04-13 23:34:42.102 25597 25597 I flutter : [38;5;12m[I][0m TIME: 2025-04-13T23:34:42.102444 Background Service resolved.
04-13 23:34:42.102 25597 25597 I flutter : [38;5;12m[I][0m TIME: 2025-04-13T23:34:42.102886 All core async services initialized.
04-13 23:34:42.134 25597 25597 I flutter : [SharedPrefsSettingsService] Main Services Ready flag SET to: true
04-13 23:34:42.135 25597 25597 I flutter : [38;5;12m[I][0m TIME: 2025-04-13T23:34:42.135137 Main Services Readiness Flag SET to TRUE.
04-13 23:34:42.135 25597 25597 I flutter : [38;5;12m[I][0m TIME: 2025-04-13T23:34:42.135452 Setting up background service listeners (UI Updates)...
04-13 23:34:42.144 25597 25597 I flutter : [38;5;12m[I][0m TIME: 2025-04-13T23:34:42.144457 Loading initial state values for UI overrides...
04-13 23:34:42.226 25597 25668 V Configuration: Updating configuration, locales updated from [en_US] to [en]
04-13 23:34:42.232 25597 25668 I olodex_notifier: AssetManager2(0x7e631d7c6578) locale list changing from [] to [en]
04-13 23:34:42.426   225   225 D SoftKeymaster: system/keymaster/km_openssl/certificate_utils.cpp, Line 148: Using TAG_CERTIFICATE_NOT_BEFORE: 1744605282279
04-13 23:34:42.426   225   225 D SoftKeymaster: system/keymaster/km_openssl/certificate_utils.cpp, Line 154: Using TAG_CERTIFICATE_NOT_AFTER: 2533523682279
04-13 23:34:42.426   225   225 D SoftKeymaster: system/keymaster/km_openssl/certificate_utils.cpp, Line 159: Got certificate date params:  NotBefore = 1744605282279, NotAfter = 2533523682279
04-13 23:34:42.427   225   225 D SoftKeymaster: system/keymaster/km_openssl/certificate_utils.cpp, Line 273: Setting notBefore to 1744605282
04-13 23:34:42.427   225   225 D SoftKeymaster: system/keymaster/km_openssl/certificate_utils.cpp, Line 282: Setting notAfter to 2533523682
04-13 23:34:42.460 25597 25668 V Configuration: Updating configuration, locales updated from [en] to [en_US]
04-13 23:34:42.461 25597 25668 I olodex_notifier: AssetManager2(0x7e631d7c7e78) locale list changing from [] to [en-US]
04-13 23:34:42.891 25597 25597 I flutter : [38;5;12m[I][0m TIME: 2025-04-13T23:34:42.891033 Initial state values loaded.
04-13 23:34:42.891 25597 25597 I flutter : [38;5;12m[I][0m TIME: 2025-04-13T23:34:42.891710 Running app...
04-13 23:34:42.929 25597 25597 I flutter : [38;5;12m[I][0m TIME: 2025-04-13T23:34:42.929580 App started successfully.
04-13 23:34:43.899 25597 25597 I flutter : [38;5;12m[I][0m TIME: 2025-04-13T23:34:43.899528 [SettingsScreen] Setting up background event listener...
04-13 23:34:44.915 25597 25597 I flutter : [D] TIME: 2025-04-13T23:34:44.915054 [Debounced Search] Triggered. Query: "", API Key Set: false
04-13 23:34:44.915 25597 25597 I flutter : [38;5;208m[W][0m TIME: 2025-04-13T23:34:44.915813 [Debounced Search] API Key missing. Throwing ApiKeyRequiredException.
04-13 23:34:44.925 25597 25597 I flutter : [38;5;12m[I][0m TIME: 2025-04-13T23:34:44.925004 ChannelListNotifier: Loading initial state...
04-13 23:34:45.444 25597 25597 I flutter : [38;5;12m[I][0m TIME: 2025-04-13T23:34:45.443951 Subscribing to scheduled notifications stream...
04-13 23:34:45.530 25597 25597 I flutter : [D] TIME: 2025-04-13T23:34:45.530182 [ScheduledNotificationsCard] Build method called. AsyncValue state: isRefreshing=false, isLoading=true, hasValue=false, hasError=false
04-13 23:34:45.812 25597 25654 E libEGL  : called unimplemented OpenGL ES API
04-13 23:34:45.874 25597 25597 I Choreographer: Skipped 178 frames!  The application may be doing too much work on its main thread.
04-13 23:34:45.883 25597 25597 I flutter : [38;5;12m[I][0m TIME: 2025-04-13T23:34:45.883652 ChannelListNotifier: Loaded 0 channels.
04-13 23:34:45.887 25597 25597 I flutter : Database file path: /data/user/0/com.example.holodex_notifier/app_flutter/holodex_notifier_db.sqlite
