04-13 23:34:20.410   934   999 V WindowManagerShell:  Checking filter Pair{{types=[] flags=0x0] notFlags=0x0 checks=[{atype=dream independent=true modes=[OPEN,TO_FRONT] flags=NONE mustBeTask=false order=ANY topActivity=null launchCookie=null windowingMode=undefined},{atype=home independent=true modes=[CLOSE,TO_BACK] flags=NONE mustBeTask=false order=ANY topActivity=null launchCookie=null windowingMode=undefined}]} RemoteTransition { remoteTransition = android.window.IRemoteTransition$Stub$Proxy@51ad607, appThread = android.app.IApplicationThread$Stub$Proxy@a0d7334, debugName = LauncherToDream }}
04-13 23:34:20.410   934   999 V WindowManagerShell:  Checking filter Pair{{types=[] flags=0x0] notFlags=0x100 checks=[{atype=home independent=true modes=[OPEN,TO_FRONT] flags=NONE mustBeTask=false order=TOP topActivity=ComponentInfo{com.google.android.apps.nexuslauncher/com.google.android.apps.nexuslauncher.NexusLauncherActivity} launchCookie=null windowingMode=undefined},{atype=standard independent=true modes=[CLOSE,TO_BACK] flags=NONE mustBeTask=false order=ANY topActivity=null launchCookie=null windowingMode=undefined},{NOT atype=undefined independent=true modes=[] flags=NONE mustBeTask=true order=ANY topActivity=null launchCookie=null customAnim=true windowingMode=undefined}]} RemoteTransition { remoteTransition = android.window.IRemoteTransition$Stub$Proxy@f0c155d, appThread = android.app.IApplicationThread$Stub$Proxy@9959ed2, debugName = QuickstepLaunchHome }}
04-13 23:34:20.410   934   999 V WindowManagerShell:  Delegate animation for (#331) to null
04-13 23:34:20.410   934   999 V WindowManagerShell: start default transition animation, info = {id=331 t=OPEN f=0x0 trk=0 r=[0@Point(0, 0)] c=[{m=OPEN f=NONE leash=Surface(name=Task=85)/@0x2023b45 sb=Rect(0, 0 - 1080, 2400) eb=Rect(0, 0 - 1080, 2400) epz=Point(1080, 2400) d=0 taskParent=-1},{m=TO_BACK f=SHOW_WALLPAPER leash=Surface(name=Task=1)/@0x560729a sb=Rect(0, 0 - 1080, 2400) eb=Rect(0, 0 - 1080, 2400) epz=Point(1080, 2400) d=0 taskParent=-1},{m=TO_BACK f=IS_WALLPAPER leash=Surface(name=WallpaperWindowToken{31d863c showWhenLocked=false})/@0xa17e7cb sb=Rect(0, 0 - 1080, 2400) eb=Rect(0, 0 - 1080, 2400) epz=Point(1080, 2400) d=0}]}
04-13 23:34:20.417   934   999 V WindowManagerShell: loadAnimation: anim=android.view.animation.AnimationSet@6bb35a7 animAttr=0x13 type=OPEN isEntrance=false
04-13 23:34:20.426   676  1021 D ActivityManager: sync unfroze 24597 com.google.android.gms for 6
04-13 23:34:20.451   934   999 V WindowManagerShell: loadAnimation: anim=android.view.animation.AnimationSet@df60cf9 animAttr=0x12 type=OPEN isEntrance=true
04-13 23:34:20.454   676   706 W Looper  : Slow dispatch took 145ms android.ui app=system_server main=false group=TOP_APP h=com.android.server.am.ActivityManagerService$UiHandler c=com.android.server.am.UidObserverController$$ExternalSyntheticLambda0@f5a397b m=0
04-13 23:34:20.456  5656 25604 I Finsky:background: [468] rnk.accept(118): Wrote row to frosting DB: 430
04-13 23:34:20.462   934   999 V WindowManagerShell:  animated by com.android.wm.shell.transition.DefaultTransitionHandler@92180e5
04-13 23:34:20.475  5562  5602 I Finsky  : [85] mzi.a(47): AIM: AppInfoManager-Perf > OnDeviceAppInfo > cacheHitCount=0, cacheMissCount=1. Missed  in cache (limit 10) : [com.example.holodex_notifier]
04-13 23:34:20.484   676  1697 W HWUI    : Image decoding logging dropped!
04-13 23:34:20.503   676  3516 W SignedPackage: Cannot get ApplicationInfo for package: com.google.android.as
04-13 23:34:20.514  5562 25609 I Finsky  : [904] pah.kh(37): [ContentSync] finished, scheduled=false
04-13 23:34:20.524  5562  5602 I Finsky  : [85] mci.apply(1136): AIM: Got app ownership map. App counts: . Unique apps: 0
04-13 23:34:20.524  5562  5602 E Finsky  : [85] aipf.u(47): [Counters] attempted to use a non-positive increment for: 4752
04-13 23:34:20.558   676  3516 E RoleControllerServiceImpl: Default/fallback role holder package doesn't qualify for the role, package: com.google.android.gms, role: android.app.role.WALLET
04-13 23:34:20.562  1099  1099 E SmsApplication: com.google.android.apps.messaging lost android:read_cell_broadcasts:  (fixing)
04-13 23:34:20.563   676  1717 W AppOpService: Ignored setUidMode call for runtime permission app op: uid = 10140, code = READ_CELL_BROADCASTS, mode = allow, callingUid = 1001, oldMode = allow
04-13 23:34:20.566   676  3516 W SignedPackage: Cannot get ApplicationInfo for package: com.google.android.devicelockcontroller
04-13 23:34:20.568   676  3516 W SignedPackage: Cannot get ApplicationInfo for package: com.google.android.as
04-13 23:34:20.568   676  1717 W AppOpService: Ignored setUidMode call for runtime permission app op: uid = 1001, code = READ_SMS, mode = allow, callingUid = 1001, oldMode = allow
04-13 23:34:20.570   676  3516 W SignedPackage: Cannot get ApplicationInfo for package: com.google.android.as
04-13 23:34:20.595  1109  1764 W HWUI    : Failed to choose config with EGL_SWAP_BEHAVIOR_PRESERVED, retrying without...
04-13 23:34:20.596  1109  1764 W HWUI    : Failed to initialize 101010-2 format, error = EGL_SUCCESS
04-13 23:34:20.610  5562  5602 E Finsky  : [85] aipf.u(47): [Counters] attempted to use a non-positive increment for: 4753
04-13 23:34:20.650   676  1951 W AppOpService: Ignored setUidMode call for runtime permission app op: uid = 1001, code = RECEIVE_SMS, mode = allow, callingUid = 1001, oldMode = allow
04-13 23:34:20.655   676   909 W AppOpService: Ignored setUidMode call for runtime permission app op: uid = 1001, code = RECEIVE_WAP_PUSH, mode = allow, callingUid = 1001, oldMode = allow
04-13 23:34:20.683  5656 25604 I Finsky:background: [468] rnk.accept(118): Wrote row to frosting DB: 431
04-13 23:34:20.712   676   676 W Looper  : Drained
04-13 23:34:20.712   676  1951 W AppOpService: Ignored setUidMode call for runtime permission app op: uid = 1001, code = SEND_SMS, mode = allow, callingUid = 1001, oldMode = allow
04-13 23:34:20.712   676  1002 W AppOpService: Ignored setUidMode call for runtime permission app op: uid = 1001, code = READ_CELL_BROADCASTS, mode = allow, callingUid = 1001, oldMode = allow
04-13 23:34:20.772  5562  5562 I Finsky  : [2] ajco.f(9): Clearing split related stale data.
04-13 23:34:20.780  5656 25604 I Finsky:background: [468] rnk.accept(118): Wrote row to frosting DB: 432
04-13 23:34:20.780  1438  1438 I exmt    : (REDACTED) O received %s
04-13 23:34:20.796  5562  5562 I Finsky  : [2] wmt.jr(11): DTU: Received onPackageAdded, replacing: false
04-13 23:34:20.838   934   999 V WindowManagerShell: Transition animation finished (aborted=false), notifying core (#331) android.os.BinderProxy@ac817eb@0
04-13 23:34:20.891   676   705 V WindowManager: Finish Transition (#331): created at 04-13 23:34:19.154 collect-started=0.093ms request-sent=160.663ms started=244.383ms ready=1195.711ms sent=1203.743ms commit=119.23ms finished=1720.547ms
04-13 23:34:20.903  1109  1109 D VRI[NexusLauncherActivity]: visibilityChanged oldVisibility=true newVisibility=false
04-13 23:34:20.910   934   999 V WindowManagerShell: Track 0 became idle
04-13 23:34:20.910   934   999 V WindowManagerShell: All active transition animations finished
04-13 23:34:20.922  1109  1109 D NexusLauncherModelDelegate: notifySmartspaceEvent: SmartspaceTargetEvent{mSmartspaceTarget=null, mSmartspaceActionId='null', mEventType=7}
04-13 23:34:20.938  5562  5562 I Finsky  : [2] arqs.c(44): Do not start WearSupportService due to Wear service optimization
04-13 23:34:20.939   523   523 W adbd    : type=1400 audit(0.0:1066): avc:  denied  { getattr } for  path="/sys/fs/cgroup/apps/uid_10232/pid_25597/cgroup.freeze" dev="cgroup2" ino=7981 scontext=u:r:adbd:s0 tcontext=u:object_r:cgroup_v2:s0 tclass=file permissive=0
04-13 23:34:21.011  5562  5562 I Finsky  : [2] achf.g(1): achf - Received: android.intent.action.PACKAGE_CHANGED, [mSIsk-Ckxq-yJuX3hnNbkGQkcFI-9cvXw9j5rvRGqHM]
04-13 23:34:21.028  5562  5610 I Finsky  : [88] mzi.a(47): AIM: AppInfoManager-Perf > OnDeviceAppInfo > cacheHitCount=0, cacheMissCount=1. Missed  in cache (limit 10) : [com.example.holodex_notifier]
04-13 23:34:21.046  5562  5610 I Finsky  : [88] mci.apply(1136): AIM: Got app ownership map. App counts: . Unique apps: 0
04-13 23:34:21.055  5562  5610 E Finsky  : [88] aipf.u(47): [Counters] attempted to use a non-positive increment for: 4752
04-13 23:34:21.065  5562  5586 I Finsky  : [69] azfg.f(49): SCH: Received scheduling request: Id: 37-123, Constraints: [{ L: 0, D: 0, C: CHARGING_NONE, I: IDLE_NONE, N: NET_NONE, B: BATTERY_ANY }]
04-13 23:34:21.076  5562  5562 I Finsky  : [2] zve.onTrimMemory(11): Memory trim requested to level 40
04-13 23:34:21.077  5562  5596 I Finsky  : [79] mzd.a(218): AIM: AppInfoManager-Perf > ItemModel > CacheSize=0, cacheHitCount=0, cacheMissCount=1, total appsWithNoServerDataCount=0. Missed  in cache (limit 10) : [com.example.holodex_notifier]
04-13 23:34:21.078  5562  5562 I Finsky  : [2] aecx.accept(139): Flushing in-memory image cache
04-13 23:34:21.083  5562  5562 I Finsky  : [2] zve.onTrimMemory(11): Memory trim requested to level 40
04-13 23:34:21.084  5562  5562 I Finsky  : [2] aecx.accept(139): Flushing in-memory image cache
04-13 23:34:21.106  5562  5610 E Finsky  : [88] aipf.u(47): [Counters] attempted to use a non-positive increment for: 4753
04-13 23:34:21.119  5562  5596 I Finsky  : [79] mzh.n(19): AIM: AppInfoManager-Perf > ItemModel > ItemStore Called 1 apps cacheOptions = USE_CACHE
04-13 23:34:21.132  5562  5596 I Finsky  : [79] mzd.a(1141): AIM: ItemModel fetch - unauth(1), auth()
04-13 23:34:21.135  5562  5609 I Finsky  : [87] xov.apply(415): ItemStore: Not cached: com.example.holodex_notifier
04-13 23:34:21.145   676  1949 V SafetySourceDataValidat: Package: com.android.vending has expected signature
04-13 23:34:21.146   676  1949 V SafetySourceDataValidat: Package: com.android.vending has expected signature
04-13 23:34:21.164  1109  1159 W HWUI    : Image decoding logging dropped!
04-13 23:34:21.182   676  1002 D ActivityManager: sync unfroze 23440 com.google.android.googlequicksearchbox:search for 6
04-13 23:34:21.198 25597 25597 D nativeloader: Load libframework-connectivity-tiramisu-jni.so using APEX ns com_android_tethering for caller /apex/com.android.tethering/javalib/framework-connectivity-t.jar: ok
04-13 23:34:21.202  1109  1159 D AlphabeticIndexCompat: computeSectionName: cs: holodex_notifier sectionName: H
04-13 23:34:21.210  1109  1109 D StatsLog: LAUNCHER_ALLAPPS_COUNT
04-13 23:34:21.211  1109  1109 D AlphabeticalAppsList: Clearing FastScrollerSections.
04-13 23:34:21.211  1109  1109 D AlphabeticalAppsList: Adding apps with sections. HasPrivateApps: false
04-13 23:34:21.211  1109  1109 D AlphabeticalAppsList: addAppsWithSections: adding sectionName: C with appInfoTitle: Calendar
04-13 23:34:21.211  1109  1109 D AlphabeticalAppsList: addAppsWithSections: adding sectionName: D with appInfoTitle: Drive
04-13 23:34:21.211  1109  1109 D AlphabeticalAppsList: addAppsWithSections: adding sectionName: F with appInfoTitle: Files
04-13 23:34:21.211  1109  1109 D AlphabeticalAppsList: addAppsWithSections: adding sectionName: G with appInfoTitle: Gmail
04-13 23:34:21.211  1109  1109 D AlphabeticalAppsList: addAppsWithSections: adding sectionName: H with appInfoTitle: holodex_notifier
04-13 23:34:21.211  1109  1109 D AlphabeticalAppsList: addAppsWithSections: adding sectionName: M with appInfoTitle: Maps
04-13 23:34:21.211  1109  1109 D AlphabeticalAppsList: addAppsWithSections: adding sectionName: P with appInfoTitle: Phone
04-13 23:34:21.211  1109  1109 D AlphabeticalAppsList: addAppsWithSections: adding sectionName: S with appInfoTitle: Safety
04-13 23:34:21.211  1109  1109 D AlphabeticalAppsList: addAppsWithSections: adding sectionName: T with appInfoTitle: TMoble
04-13 23:34:21.211  1109  1109 D AlphabeticalAppsList: addAppsWithSections: adding sectionName: Y with appInfoTitle: YouTube
04-13 23:34:21.211  1109  1109 D AlphabeticalAppsList: Adding FastScrollSection duplicate to scroll to the bottom.
04-13 23:34:21.211  1109  1109 D AlphabeticalAppsList: Clearing FastScrollerSections.
04-13 23:34:21.212  1109  1109 D AlphabeticalAppsList: Adding apps with sections. HasPrivateApps: false
04-13 23:34:21.212  1109  1109 D AlphabeticalAppsList: addAppsWithSections: adding sectionName: C with appInfoTitle: Calendar
04-13 23:34:21.212  1109  1109 D AlphabeticalAppsList: addAppsWithSections: adding sectionName: D with appInfoTitle: Drive
04-13 23:34:21.217  5562  5596 I Finsky  : [79] mzd.a(218): AIM: AppInfoManager-Perf > ItemModel > CacheSize=0, cacheHitCount=0, cacheMissCount=1, total appsWithNoServerDataCount=0. Missed  in cache (limit 10) : [com.example.holodex_notifier]
04-13 23:34:21.218  5562  5596 I Finsky  : [79] mzh.n(19): AIM: AppInfoManager-Perf > ItemModel > ItemStore Called 1 apps cacheOptions = USE_CACHE
04-13 23:34:21.218  5562  5596 I Finsky  : [79] mzd.a(1141): AIM: ItemModel fetch - unauth(1), auth()
04-13 23:34:21.212  1109  1109 D AlphabeticalAppsList: addAppsWithSections: adding sectionName: F with appInfoTitle: Files
04-13 23:34:21.222  1109  1109 D AlphabeticalAppsList: addAppsWithSections: adding sectionName: G with appInfoTitle: Gmail
04-13 23:34:21.222  1109  1109 D AlphabeticalAppsList: addAppsWithSections: adding sectionName: H with appInfoTitle: holodex_notifier
04-13 23:34:21.222  1109  1109 D AlphabeticalAppsList: addAppsWithSections: adding sectionName: M with appInfoTitle: Maps
04-13 23:34:21.223  1109  1109 D AlphabeticalAppsList: addAppsWithSections: adding sectionName: P with appInfoTitle: Phone
04-13 23:34:21.223  1109  1109 D AlphabeticalAppsList: addAppsWithSections: adding sectionName: S with appInfoTitle: Safety
04-13 23:34:21.223  1109  1109 D AlphabeticalAppsList: addAppsWithSections: adding sectionName: T with appInfoTitle: TMoble
04-13 23:34:21.223  1109  1109 D AlphabeticalAppsList: addAppsWithSections: adding sectionName: Y with appInfoTitle: YouTube
04-13 23:34:21.223  1109  1109 D AlphabeticalAppsList: Adding FastScrollSection duplicate to scroll to the bottom.
04-13 23:34:21.234   676   694 I system_server: Background concurrent mark compact GC freed 18MB AllocSpace bytes, 37(1028KB) LOS objects, 37% free, 40MB/64MB, paused 16.290ms,22.539ms total 2.470s
04-13 23:34:21.254  5656  5656 I Finsky:background: [2] zve.onTrimMemory(11): Memory trim requested to level 40
04-13 23:34:21.265   676   705 W IPCThreadState: Sending oneway calls to frozen process.
04-13 23:34:21.272  5562  5562 I Finsky  : [2] zve.onTrimMemory(11): Memory trim requested to level 40
04-13 23:34:21.286  5562  5562 I Finsky  : [2] aecx.accept(139): Flushing in-memory image cache
04-13 23:34:21.320  5562  5596 I Finsky  : [79] xov.apply(415): ItemStore: Not cached: com.example.holodex_notifier
04-13 23:34:21.323  1109  1159 W HWUI    : Image decoding logging dropped!
04-13 23:34:21.421   676   892 D BackgroundInstallControlService: Package event received: 0
04-13 23:34:21.430  1285 25632 I Fitness : (REDACTED) OnPackageChangedOperation got intent: %s
04-13 23:34:21.466   676   698 W System  : A resource failed to call close. 
04-13 23:34:21.573  1109  1159 D AlphabeticIndexCompat: computeSectionName: cs: Settings sectionName: S
04-13 23:34:21.574  1109  1159 D AlphabeticIndexCompat: computeSectionName: cs: Photos sectionName: P
04-13 23:34:21.575  1109  1159 D AlphabeticIndexCompat: computeSectionName: cs: Battery sectionName: B
04-13 23:34:21.575  1109  1159 D AlphabeticIndexCompat: computeSectionName: cs: Chrome sectionName: C
04-13 23:34:21.580  5562  5602 I Finsky  : [85] saj.accept(58): SCH: Scheduling phonesky job Id: 37-123, CT: 1744605261065, Constraints: [{ L: 0, D: 0, C: CHARGING_NONE, I: IDLE_NONE, N: NET_NONE, B: BATTERY_ANY }, { L: 0, D: 0, C: CHARGING_NONE, I: IDLE_NONE, N: NET_NONE, B: BATTERY_ANY }]
04-13 23:34:21.579  1109  1159 D AlphabeticIndexCompat: computeSectionName: cs: Gmail sectionName: G
04-13 23:34:21.582  1109  1159 D AlphabeticIndexCompat: computeSectionName: cs: Drive sectionName: D
04-13 23:34:21.582  1109  1159 D AlphabeticIndexCompat: computeSectionName: cs: Clock sectionName: C
04-13 23:34:21.582  1109  1159 D AlphabeticIndexCompat: computeSectionName: cs: Contacts sectionName: C
04-13 23:34:21.583  1109  1159 D AlphabeticIndexCompat: computeSectionName: cs: Calendar sectionName: C
04-13 23:34:21.583  1109  1159 D AlphabeticIndexCompat: computeSectionName: cs: Maps sectionName: M
04-13 23:34:21.588  1109  1159 D AlphabeticIndexCompat: computeSectionName: cs: YouTube Music sectionName: Y
04-13 23:34:21.588  1109  1159 D AlphabeticIndexCompat: computeSectionName: cs: YouTube sectionName: Y
04-13 23:34:21.589  1109  1159 D AlphabeticIndexCompat: computeSectionName: cs: Google sectionName: G
04-13 23:34:21.589  1109  1159 D AlphabeticIndexCompat: computeSectionName: cs: Digital Wellbeing sectionName: D
04-13 23:34:21.594  1109  1159 D AlphabeticIndexCompat: computeSectionName: cs: Conversations sectionName: C
04-13 23:34:21.602  5562  5581 I android.vending: Waiting for a blocking GC ProfileSaver
04-13 23:34:21.603  5562  5609 I Finsky  : [87] ncx.apply(251): SCH: Scheduling 1 system job(s)
04-13 23:34:21.603  5562  5609 I Finsky  : [87] ncx.apply(412): SCH: Scheduling expedited system job 9754
04-13 23:34:21.609  1109  1159 D PackageUpdatedTask: Package updated: mOp=UPDATE packages=[com.example.holodex_notifier], user=UserHandle{0}
04-13 23:34:21.665  1109  1159 W HWUI    : Image decoding logging dropped!
04-13 23:34:21.774 24597 24667 I gle.android.gms: AssetManager2(0x7e631d7d0b18) locale list changing from [] to [en-US]
04-13 23:34:21.810  5562  5602 E Finsky  : [85] xpe.a(103): ItemStore: getItems RPC failed.
04-13 23:34:21.810 24597 25635 I Auth    : (REDACTED) [SupervisedAccountIntentOperationV2] onHandleIntent: %s
04-13 23:34:21.810  5562  5596 E Finsky  : [79] xpe.a(103): ItemStore: getItems RPC failed.
04-13 23:34:21.826  1109  1159 W HWUI    : Image decoding logging dropped!
04-13 23:34:21.826  1109  1159 D AlphabeticIndexCompat: computeSectionName: cs: holodex_notifier sectionName: H
04-13 23:34:21.830  1109  1109 D StatsLog: LAUNCHER_ALLAPPS_COUNT
04-13 23:34:21.830  1109  1109 D AlphabeticalAppsList: Clearing FastScrollerSections.
04-13 23:34:21.830  1109  1109 D AlphabeticalAppsList: Adding apps with sections. HasPrivateApps: false
04-13 23:34:21.831  1109  1109 D AlphabeticalAppsList: addAppsWithSections: adding sectionName: C with appInfoTitle: Calendar
04-13 23:34:21.831  1109  1109 D AlphabeticalAppsList: addAppsWithSections: adding sectionName: D with appInfoTitle: Drive
04-13 23:34:21.831  1109  1109 D AlphabeticalAppsList: addAppsWithSections: adding sectionName: F with appInfoTitle: Files
04-13 23:34:21.831  1109  1109 D AlphabeticalAppsList: addAppsWithSections: adding sectionName: G with appInfoTitle: Gmail
04-13 23:34:21.831  1109  1109 D AlphabeticalAppsList: addAppsWithSections: adding sectionName: H with appInfoTitle: holodex_notifier
04-13 23:34:21.831  1109  1109 D AlphabeticalAppsList: addAppsWithSections: adding sectionName: M with appInfoTitle: Maps
04-13 23:34:21.831  1109  1109 D AlphabeticalAppsList: addAppsWithSections: adding sectionName: P with appInfoTitle: Phone
04-13 23:34:21.831  1109  1109 D AlphabeticalAppsList: addAppsWithSections: adding sectionName: S with appInfoTitle: Safety
04-13 23:34:21.831  1109  1109 D AlphabeticalAppsList: addAppsWithSections: adding sectionName: T with appInfoTitle: TMoble
04-13 23:34:21.831  1109  1109 D AlphabeticalAppsList: addAppsWithSections: adding sectionName: Y with appInfoTitle: YouTube
04-13 23:34:21.831  1109  1109 D AlphabeticalAppsList: Adding FastScrollSection duplicate to scroll to the bottom.
04-13 23:34:21.831  1109  1109 D AlphabeticalAppsList: Clearing FastScrollerSections.
04-13 23:34:21.831  1109  1109 D AlphabeticalAppsList: Adding apps with sections. HasPrivateApps: false
04-13 23:34:21.831  1109  1109 D AlphabeticalAppsList: addAppsWithSections: adding sectionName: C with appInfoTitle: Calendar
04-13 23:34:21.831  1109  1109 D AlphabeticalAppsList: addAppsWithSections: adding sectionName: D with appInfoTitle: Drive
04-13 23:34:21.831  1109  1109 D AlphabeticalAppsList: addAppsWithSections: adding sectionName: F with appInfoTitle: Files
04-13 23:34:21.831  1109  1109 D AlphabeticalAppsList: addAppsWithSections: adding sectionName: G with appInfoTitle: Gmail
04-13 23:34:21.831  1109  1109 D AlphabeticalAppsList: addAppsWithSections: adding sectionName: H with appInfoTitle: holodex_notifier
04-13 23:34:21.831  1109  1109 D AlphabeticalAppsList: addAppsWithSections: adding sectionName: M with appInfoTitle: Maps
04-13 23:34:21.831  1109  1109 D AlphabeticalAppsList: addAppsWithSections: adding sectionName: P with appInfoTitle: Phone
04-13 23:34:21.831  1109  1109 D AlphabeticalAppsList: addAppsWithSections: adding sectionName: S with appInfoTitle: Safety
04-13 23:34:21.832  1109  1109 D AlphabeticalAppsList: addAppsWithSections: adding sectionName: T with appInfoTitle: TMoble
04-13 23:34:21.832  1109  1109 D AlphabeticalAppsList: addAppsWithSections: adding sectionName: Y with appInfoTitle: YouTube
04-13 23:34:21.832  1109  1109 D AlphabeticalAppsList: Adding FastScrollSection duplicate to scroll to the bottom.
04-13 23:34:21.833 24597 25634 I Blockstore: (REDACTED) [DataStoreImpl] Clearing Blockstore Data for package %s
04-13 23:34:21.861   676  1717 W ActivityManager: Slow operation: 73ms so far, now at attachApplicationLocked: immediately before bindApplication
04-13 23:34:21.870  5562  5581 I android.vending: WaitForGcToComplete blocked ProfileSaver on CollectorTransition for 267.566ms
04-13 23:34:21.870   676  1717 W ActivityManager: Slow operation: 82ms so far, now at attachApplicationLocked: immediately after bindApplication
04-13 23:34:21.873   676  1717 W ActivityManager: Slow operation: 82ms so far, now at attachApplicationLocked: after updateLruProcessLocked
04-13 23:34:21.873 24597 25634 I Blockstore: [DataStoreImpl] Keyless data not found or its IsLastInstallationData = false. [CONTEXT service_id=258 ]
04-13 23:34:21.903   676   892 D BackgroundInstallControlService: Package event received: 0
04-13 23:34:21.908   676  1717 W ActivityManager: Slow operation: 115ms so far, now at attachApplicationLocked: after updateOomAdjLocked
04-13 23:34:22.037 24597 25635 I Dck     : (REDACTED) disableDckSupport: %s
04-13 23:34:22.052 24597 25635 W Dck     : [WirelessCapabilitiesFeatures] wccSysProp: 0 [CONTEXT service_id=289 ]
04-13 23:34:22.053 24597 25635 I Dck     : [WirelessCapabilitiesFeatures] wccMendel: 3 [CONTEXT service_id=289 ]
04-13 23:34:22.053 24597 25635 I Dck     : [WirelessCapabilitiesFeatures] deviceWccOverride: false [CONTEXT service_id=289 ]
04-13 23:34:22.053 24597 25635 I Dck     : [WirelessCapabilitiesFeatures] replaceSupportedWccWithWccOverride: true [CONTEXT service_id=289 ]
04-13 23:34:22.055 24597 25635 I Dck     : [WirelessCapabilitiesFeatures] wccOverride: not set [CONTEXT service_id=289 ]
04-13 23:34:22.060 24597 25635 I Dck     : (REDACTED) [WirelessCapabilitiesFeatures] wcc: %s
04-13 23:34:22.060 24597 25635 I Dck     : Dck module condition - hasWccSupport: false [CONTEXT service_id=289 ]
04-13 23:34:22.061 24597 25635 I Dck     : Dck module condition - downloadAllowed: false [CONTEXT service_id=289 ]
04-13 23:34:22.062 24597 25635 W Dck     : Dck module not eligible for asynchronous downloading [CONTEXT service_id=289 ]
04-13 23:34:22.078  1285 25631 I Fitness : (REDACTED) FitCleanupIntentOperation received Intent %s
04-13 23:34:22.079   676  1937 W ActivityManager: Unable to start service Intent { act=android.service.smartspace.SmartspaceService cmp=com.google.android.as/com.google.android.apps.miphone.aiai.app.AiAiSmartspaceService } U=0: not found
04-13 23:34:22.079   676  1937 W RemoteSmartspaceService: could not bind to Intent { act=android.service.smartspace.SmartspaceService cmp=com.google.android.as/com.google.android.apps.miphone.aiai.app.AiAiSmartspaceService } using flags 67112961
04-13 23:34:22.131 25597 25597 D ApplicationLoaders: Returning zygote-cached class loader: /system_ext/framework/androidx.window.extensions.jar
04-13 23:34:22.131 25597 25597 D ApplicationLoaders: Returning zygote-cached class loader: /system_ext/framework/androidx.window.sidecar.jar
04-13 23:34:22.145   676   892 D BackgroundInstallControlService: Package event received: 0
04-13 23:34:22.147  5562  5562 I Finsky  : [2] ahre.onStartJob(126): SCH: job service start with id 9754.
04-13 23:34:22.164  5562 25609 I Finsky  : [904] ncw.a(187): SCH: Satisfied jobs for 9754 are: 37-123
04-13 23:34:22.197  5562 25641 I Finsky  : [913] ahpl.accept(108): SCH: Job 37-123 starting
04-13 23:34:22.211  5562  5562 I Finsky  : [2] PackageAddedOrRemovedEventJob.a(62): Received an install/uninstall event for package com.example.holodex_notifier with replacing being false
04-13 23:34:22.222  5562  5562 I Finsky  : [2] ahpm.q(56): SCH: jobFinished: 37-123. TimeElapsed: 11ms.
04-13 23:34:22.234  5562  5609 I Finsky  : [87] afdr.b(246): Not an active Cubes user. Ignoring package install/uninstall event.
04-13 23:34:22.306  5562  5602 I Finsky  : [85] saj.accept(58): SCH: Scheduling phonesky job Id: 26-1414141414, CT: 1744570983297, Constraints: [{ L: 43199999, D: 44099999, C: CHARGING_NONE, I: IDLE_NONE, N: NET_NONE, B: BATTERY_ANY }]
04-13 23:34:22.330  5562  5596 I Finsky  : [79] ncx.apply(251): SCH: Scheduling 1 system job(s)
04-13 23:34:22.335  5562  5596 W JobInfo : Job 'com.android.vending/com.google.android.finsky.scheduler.process.mainimpl.PhoneskyJobServiceMain#9757' has a deadline with no functional constraints. The deadline won't improve job execution latency. Consider removing the deadline.
04-13 23:34:22.335  5562  5596 I Finsky  : [79] ahpi.b(244): SCH: Scheduling system job Id: 9757, L: 8920962, D: 9820962, C: false, I: false, N: 0
04-13 23:34:22.342   676  1165 W JobInfo : Job 'com.android.vending/com.google.android.finsky.scheduler.process.mainimpl.PhoneskyJobServiceMain#9757' has a deadline with no functional constraints. The deadline won't improve job execution latency. Consider removing the deadline.
04-13 23:34:22.362   676   676 W ActivityManager: Unbind failed: could not find connection for android.app.LoadedApk$ServiceDispatcher$InnerConnection@f4b10c4
04-13 23:34:22.362   676   676 W Looper  : Slow dispatch took 219ms main app=system_server main=true group=FOREGROUND h=android.os.Handler c=<recycled PooledLambda@f3fbf34> m=0
04-13 23:34:22.364   676   676 W Looper  : Slow delivery took 276ms main app=system_server main=true group=FOREGROUND h=android.os.Handler c=<recycled PooledLambda@5c3dee2> m=0
04-13 23:34:22.368  1285 25627 I ProximityAuth: [RecentAppsMediator] Package added: (user=UserHandle{0}) com.example.holodex_notifier
04-13 23:34:22.375  1285 25632 W GCM     : Unexpected forwarded intent: Intent { act=android.intent.action.PACKAGE_ADDED dat=package: flg=0x4000010 pkg=com.google.android.gms cmp=com.google.android.gms/.chimera.PersistentIntentOperationService (has extras) }
04-13 23:34:22.387  1285 25631 W NetworkScheduler: Unexpected forwarded intent: Intent { act=android.intent.action.PACKAGE_ADDED dat=package: flg=0x4000010 pkg=com.google.android.gms cmp=com.google.android.gms/.chimera.PersistentIntentOperationService (has extras) }
04-13 23:34:22.401  1285 25643 I Fitness : (REDACTED) OnPackageChangedOperation got intent: %s
04-13 23:34:22.413  5562 25641 I Finsky  : [913] ahre.a(24): SCH: job service finished with id 9754.
04-13 23:34:22.414 24597 24747 I Icing   : IndexChimeraService.getServiceInterface callingPackage=com.google.android.gms componentName=AppsCorpus serviceId=36
04-13 23:34:22.418 25597 25597 D nativeloader: Configuring clns-7 for other apk /data/app/~~uXxuo9JUv4KL-bKiezM0FA==/com.example.holodex_notifier-hiinLP_zkvkWTWb4J8VkqQ==/base.apk. target_sdk_version=35, uses_libraries=, library_path=/data/app/~~uXxuo9JUv4KL-bKiezM0FA==/com.example.holodex_notifier-hiinLP_zkvkWTWb4J8VkqQ==/lib/x86_64:/data/app/~~uXxuo9JUv4KL-bKiezM0FA==/com.example.holodex_notifier-hiinLP_zkvkWTWb4J8VkqQ==/base.apk!/lib/x86_64, permitted_path=/data:/mnt/expand:/data/user/0/com.example.holodex_notifier
04-13 23:34:22.418   676   676 W Looper  : Drained
04-13 23:34:22.435 25597 25597 D CompatChangeReporter: Compat change id reported: 202956589; UID 10232; state: ENABLED
04-13 23:34:22.438  5562  5562 I Finsky  : [2] zve.onTrimMemory(11): Memory trim requested to level 40
04-13 23:34:22.438  5562  5562 I Finsky  : [2] aecx.accept(139): Flushing in-memory image cache
04-13 23:34:22.439  5656  5656 I Finsky:background: [2] zve.onTrimMemory(11): Memory trim requested to level 40
04-13 23:34:22.453 25597 25597 I olodex_notifier: AssetManager2(0x7e631d7c0df8) locale list changing from [] to [en-US]
04-13 23:34:22.458   676  1485 E TaskPersister: File error accessing recents directory (directory doesn't exist?).
04-13 23:34:22.473  1285 25631 I Fitness : (REDACTED) FitCleanupIntentOperation received Intent %s
04-13 23:34:22.526 25597 25597 V GraphicsEnvironment: Currently set values for:
04-13 23:34:22.526 25597 25597 V GraphicsEnvironment:   angle_gl_driver_selection_pkgs=[]
04-13 23:34:22.526 25597 25597 V GraphicsEnvironment:   angle_gl_driver_selection_values=[]
04-13 23:34:22.527 25597 25597 V GraphicsEnvironment: com.example.holodex_notifier is not listed in per-application setting
04-13 23:34:22.528 25597 25597 V GraphicsEnvironment: ANGLE allowlist from config: 
04-13 23:34:22.528 25597 25597 V GraphicsEnvironment: com.example.holodex_notifier is not listed in ANGLE allowlist or settings, returning default
04-13 23:34:22.528 25597 25597 V GraphicsEnvironment: Neither updatable production driver nor prerelease driver is supported.
04-13 23:34:22.579   676   892 D BackgroundInstallControlService: Package event received: 0
04-13 23:34:22.610 24597 24747 I Icing   : IndexChimeraService.getServiceInterface callingPackage=com.google.android.gms componentName=null serviceId=30
04-13 23:34:22.618 24597 24629 I Icing   : Usage reports ok 0, Failed Usage reports 0, indexed 0, rejected 0
04-13 23:34:22.710   676  1937 W OptProp : Cannot read opt property android.window.PROPERTY_COMPAT_ENABLE_FAKE_FOCUS
04-13 23:34:22.712   676  1937 D CompatChangeReporter: Compat change id reported: 324203798; UID 10232; state: ENABLED
04-13 23:34:22.743   676   892 D BackgroundInstallControlService: Package event received: 0
04-13 23:34:22.755   676   892 D BackgroundInstallControlService: Package event received: 0
04-13 23:34:22.783 25597 25597 I olodex_notifier: AssetManager2(0x7e631d7bdf18) locale list changing from [] to [en-US]
04-13 23:34:23.234 24597 24629 I Icing   : Usage reports ok 1, Failed Usage reports 0, indexed 0, rejected 0
04-13 23:34:23.362 25597 25652 I ResourceExtractor: Resource version mismatch res_timestamp-1-1744605258476
04-13 23:34:23.531 24597 24629 I Icing   : Indexing com.google.android.gms-apps from com.google.android.gms
04-13 23:34:23.589 24597 24629 I Icing   : Indexing done com.google.android.gms-apps
04-13 23:34:23.598 24597 24629 I Icing   : Indexing com.google.android.gms-apps from com.google.android.gms
04-13 23:34:23.600 24597 24629 I Icing   : Indexing done com.google.android.gms-apps
04-13 23:34:23.702 25597 25651 D nativeloader: Load /data/app/~~uXxuo9JUv4KL-bKiezM0FA==/com.example.holodex_notifier-hiinLP_zkvkWTWb4J8VkqQ==/lib/x86_64/libflutter.so using class loader ns clns-7 (caller=/data/app/~~uXxuo9JUv4KL-bKiezM0FA==/com.example.holodex_notifier-hiinLP_zkvkWTWb4J8VkqQ==/base.apk): ok
04-13 23:34:24.116 25597 25652 I ResourceExtractor: Extracted baseline resource assets/flutter_assets/kernel_blob.bin
04-13 23:34:24.118  1381  1392 I .apps.wellbeing: Background concurrent mark compact GC freed 5974KB AllocSpace bytes, 0(0B) LOS objects, 49% free, 5097KB/10194KB, paused 2.514ms,2.591ms total 119.009ms
04-13 23:34:24.123 25597 25652 I ResourceExtractor: Extracted baseline resource assets/flutter_assets/vm_snapshot_data
04-13 23:34:24.225 25597 25652 I ResourceExtractor: Extracted baseline resource assets/flutter_assets/isolate_snapshot_data
04-13 23:34:24.247   676   909 D FileUtils: Rounded bytes from 2066780160 to 4000000000
04-13 23:34:24.352 25597 25597 I olodex_notifier: AssetManager2(0x7e631d7c9138) locale list changing from [] to [en-US]
04-13 23:34:24.439 25597 25597 W olodex_notifier: type=1400 audit(0.0:1067): avc:  denied  { read } for  name="max_map_count" dev="proc" ino=269057 scontext=u:r:untrusted_app:s0:c232,c256,c512,c768 tcontext=u:object_r:proc_max_map_count:s0 tclass=file permissive=0 app=com.example.holodex_notifier
04-13 23:34:24.481 25597 25597 I EGL_emulation: Opening libGLESv1_CM_emulation.so
04-13 23:34:24.485 25597 25597 I EGL_emulation: Opening libGLESv2_emulation.so
04-13 23:34:24.674 25597 25597 I flutter : [IMPORTANT:flutter/shell/platform/android/android_context_gl_impeller.cc(94)] Using the Impeller rendering backend (OpenGLES).
04-13 23:34:24.813 25597 25597 D DesktopModeFlags: Toggle override initialized to: OVERRIDE_UNSET
04-13 23:34:24.819 25597 25663 I flutter : The Dart VM service is listening on http://127.0.0.1:41193/ZYGyaft0C6Y=/
04-13 23:34:24.859 25551 25553 I AidlLazyServiceRegistrar: Process has 0 (of 2 available) client(s) in use after notification android.system.virtualizationmaintenance has clients: 0
04-13 23:34:24.859 25551 25553 I AidlLazyServiceRegistrar: Trying to shut down the service. No clients in use for any service in process.
04-13 23:34:24.872 25551 25553 I AidlLazyServiceRegistrar: Unregistered all clients and exiting
04-13 23:34:25.456 25597 25597 D CompatChangeReporter: Compat change id reported: 352594277; UID 10232; state: ENABLED
04-13 23:34:25.511 25597 25597 I olodex_notifier: hiddenapi: Accessing hidden method Landroid/view/accessibility/AccessibilityNodeInfo;->getSourceNodeId()J (runtime_flags=0, domain=platform, api=unsupported,test-api) from Lio/flutter/view/AccessibilityViewEmbedder$ReflectionAccessors; (domain=app) using reflection: allowed
04-13 23:34:25.511 25597 25597 I olodex_notifier: hiddenapi: Accessing hidden method Landroid/view/accessibility/AccessibilityRecord;->getSourceNodeId()J (runtime_flags=0, domain=platform, api=unsupported) from Lio/flutter/view/AccessibilityViewEmbedder$ReflectionAccessors; (domain=app) using reflection: allowed
04-13 23:34:25.512 25597 25597 I olodex_notifier: hiddenapi: Accessing hidden field Landroid/view/accessibility/AccessibilityNodeInfo;->mChildNodeIds:Landroid/util/LongArray; (runtime_flags=0, domain=platform, api=unsupported) from Lio/flutter/view/AccessibilityViewEmbedder$ReflectionAccessors; (domain=app) using reflection: allowed
04-13 23:34:25.512 25597 25597 I olodex_notifier: hiddenapi: Accessing hidden method Landroid/util/LongArray;->get(I)J (runtime_flags=0, domain=platform, api=unsupported) from Lio/flutter/view/AccessibilityViewEmbedder$ReflectionAccessors; (domain=app) using reflection: allowed
04-13 23:34:25.586 25597 25597 D CompatChangeReporter: Compat change id reported: 279646685; UID 10232; state: ENABLED
04-13 23:34:25.596 25597 25597 D CompatChangeReporter: Compat change id reported: 309578419; UID 10232; state: ENABLED
04-13 23:34:25.643 25597 25597 D CompatChangeReporter: Compat change id reported: 349153669; UID 10232; state: ENABLED
04-13 23:34:25.655 25597 25597 W HWUI    : Unknown dataspace 0
04-13 23:34:25.839 25597 25597 I WindowExtensionsImpl: Initializing Window Extensions, vendor API level=9, activity embedding enabled=true
04-13 23:34:25.974   676   909 D CoreBackPreview: Window{a3f6c42 u0 com.example.holodex_notifier/com.example.holodex_notifier.MainActivity}: Setting back callback OnBackInvokedCallbackInfo{mCallback=android.window.IOnBackInvokedCallback$Stub$Proxy@bbf2af, mPriority=0, mIsAnimationCallback=false, mOverrideBehavior=0}
04-13 23:34:25.977   523   523 W adbd    : timeout expired while reading data after flushing socket, closing
04-13 23:34:25.989   516   535 W ServiceManagerCppClient: Permission failure: android.permission.ACCESS_SURFACE_FLINGER from uid=10232 pid=0
04-13 23:34:25.989   516   535 D PermissionCache: checking android.permission.ACCESS_SURFACE_FLINGER for uid=10232 => denied (616 us)
04-13 23:34:25.990   516   535 W ServiceManagerCppClient: Permission failure: android.permission.ROTATE_SURFACE_FLINGER from uid=10232 pid=0
04-13 23:34:25.990   516   534 W ServiceManagerCppClient: Permission failure: android.permission.ROTATE_SURFACE_FLINGER from uid=10232 pid=25597
04-13 23:34:25.990   516   534 D PermissionCache: checking android.permission.ROTATE_SURFACE_FLINGER for uid=10232 => denied (828 us)
04-13 23:34:25.990   516   535 D PermissionCache: checking android.permission.ROTATE_SURFACE_FLINGER for uid=10232 => denied (1330 us)
04-13 23:34:25.990   516   534 W ServiceManagerCppClient: Permission failure: android.permission.INTERNAL_SYSTEM_WINDOW from uid=10232 pid=25597
04-13 23:34:25.990   516   534 D PermissionCache: checking android.permission.INTERNAL_SYSTEM_WINDOW for uid=10232 => denied (274 us)
04-13 23:34:25.991   516   535 W ServiceManagerCppClient: Permission failure: android.permission.INTERNAL_SYSTEM_WINDOW from uid=10232 pid=0
04-13 23:34:25.991   516   535 D PermissionCache: checking android.permission.INTERNAL_SYSTEM_WINDOW for uid=10232 => denied (843 us)
04-13 23:34:26.007 25597 25648 W HWUI    : Failed to choose config with EGL_SWAP_BEHAVIOR_PRESERVED, retrying without...
04-13 23:34:26.008 25597 25648 W HWUI    : Failed to initialize 101010-2 format, error = EGL_SUCCESS
04-13 23:34:26.333 25597 25654 E libEGL  : called unimplemented OpenGL ES API
04-13 23:34:26.510 25597 25606 I olodex_notifier: Compiler allocated 5106KB to compile void android.view.ViewRootImpl.performTraversals()
04-13 23:34:26.963 25597 25597 I Choreographer: Skipped 58 frames!  The application may be doing too much work on its main thread.
04-13 23:34:26.971 25597 25597 D WindowLayoutComponentImpl: Register WindowLayoutInfoListener on Context=com.example.holodex_notifier.MainActivity@f989f1a, of which baseContext=android.app.ContextImpl@f21d027
04-13 23:34:28.574 25597 25670 D ProfileInstaller: Installing profile for com.example.holodex_notifier
04-13 23:34:29.051 25597 25597 I Choreographer: Skipped 58 frames!  The application may be doing too much work on its main thread.
04-13 23:34:29.202   676   784 D ActivityManager: freezing 11781 com.google.android.packageinstaller
04-13 23:34:29.209   676   841 D InetDiagMessage: Destroyed 0 sockets, proto=IPPROTO_TCP, family=AF_INET, states=14
04-13 23:34:29.210   676   841 D InetDiagMessage: Destroyed 0 sockets, proto=IPPROTO_TCP, family=AF_INET6, states=14
04-13 23:34:29.211   676   841 D InetDiagMessage: Destroyed live tcp sockets for uids={10104} in 2ms
04-13 23:34:29.294   676   708 W ActivityTaskManager: Launch timeout has expired, giving up wake lock!
04-13 23:34:29.336   224 25582 I keystore2: system/security/keystore2/watchdog/src/lib.rs:377 - Watchdog thread idle -> terminating. Have a great day.
04-13 23:34:30.132 25597 25597 I flutter : [38;5;12m[I][0m TIME: 2025-04-13T23:34:30.112970 Logger initialized.
04-13 23:34:30.132 25597 25597 I flutter : [38;5;12m[I][0m TIME: 2025-04-13T23:34:30.132467 Waiting for Settings Service FutureProvider...
04-13 23:34:30.159 25597 25597 I flutter : [38;5;12m[I][0m TIME: 2025-04-13T23:34:30.159217 Initializing Settings Service...
04-13 23:34:30.247 25597 25597 I flutter : [SharedPrefsSettingsService] Instance initialized.
04-13 23:34:30.247 25597 25597 I flutter : [38;5;12m[I][0m TIME: 2025-04-13T23:34:30.247760 Settings Service initialized.
04-13 23:34:30.256 25597 25597 I flutter : [38;5;12m[I][0m TIME: 2025-04-13T23:34:30.256348 Settings Service resolved.
04-13 23:34:30.279 25597 25597 I flutter : [SharedPrefsSettingsService] Main Services Ready flag SET to: false
04-13 23:34:30.279 25597 25597 I flutter : [38;5;12m[I][0m TIME: 2025-04-13T23:34:30.279499 Main Services Readiness Flag RESET to FALSE.
04-13 23:34:30.280 25597 25597 I flutter : [38;5;12m[I][0m TIME: 2025-04-13T23:34:30.280082 Waiting for Notification Service FutureProvider...
04-13 23:34:30.303 25597 25597 I flutter : [38;5;12m[I][0m TIME: 2025-04-13T23:34:30.303742 Resolving Notification Service Provider (Isolate Context: IsolateContext.main)
04-13 23:34:30.304 25597 25597 I flutter : [38;5;12m[I][0m TIME: 2025-04-13T23:34:30.304180 Initializing Notification Service (Main Isolate)...
04-13 23:34:30.311 25597 25597 I flutter : Initializing LocalNotificationService...
04-13 23:34:30.312 25597 25597 I flutter : Initializing timezones...
04-13 23:34:30.392 25597 25597 I flutter : Timezones initialized.
04-13 23:34:30.393 25597 25597 I flutter : Creating AndroidInitializationSettings using '@mipmap/ic_launcher'...
04-13 23:34:30.393 25597 25597 I flutter : AndroidInitializationSettings created.
04-13 23:34:30.393 25597 25597 I flutter : Creating DarwinInitializationSettings...
04-13 23:34:30.395 25597 25597 I flutter : DarwinInitializationSettings created.
04-13 23:34:30.395 25597 25597 I flutter : Creating LinuxInitializationSettings...
04-13 23:34:30.395 25597 25597 I flutter : LinuxInitializationSettings created.
04-13 23:34:30.398 25597 25597 I flutter : Combining InitializationSettings...
04-13 23:34:30.402 25597 25597 I flutter : InitializationSettings combined.
04-13 23:34:30.403 25597 25597 I flutter : Calling _flutterLocalNotificationsPlugin.initialize()...
04-13 23:34:30.481 25597 25597 I flutter : _flutterLocalNotificationsPlugin.initialize() COMPLETED.
04-13 23:34:30.481 25597 25597 I flutter : Attempting to resolve Android platform implementation...
04-13 23:34:30.481 25597 25597 I flutter : Requesting Android notification permissions...
04-13 23:34:30.498   676  1002 W OptProp : Cannot read opt property android.window.PROPERTY_COMPAT_ALLOW_USER_ASPECT_RATIO_OVERRIDE
04-13 23:34:30.498   676  1002 W OptProp : Cannot read opt property android.window.PROPERTY_COMPAT_ALLOW_USER_ASPECT_RATIO_FULLSCREEN_OVERRIDE
04-13 23:34:30.498   676  1002 W OptProp : Cannot read opt property android.window.PROPERTY_COMPAT_ALLOW_MIN_ASPECT_RATIO_OVERRIDE
04-13 23:34:30.498   676  1002 W OptProp : Cannot read opt property android.window.PROPERTY_COMPAT_ALLOW_ORIENTATION_OVERRIDE
04-13 23:34:30.499   676  1002 W OptProp : Cannot read opt property android.window.PROPERTY_COMPAT_ALLOW_RESIZEABLE_ACTIVITY_OVERRIDES
04-13 23:34:30.506   676  1002 I ActivityTaskManager: START u0 {act=android.content.pm.action.REQUEST_PERMISSIONS xflg=0x4 pkg=com.google.android.permissioncontroller cmp=com.google.android.permissioncontroller/com.android.permissioncontroller.permission.ui.GrantPermissionsActivity (has extras)} with LAUNCH_MULTIPLE from uid 10232 (sr=142559814) (BAL_ALLOW_VISIBLE_WINDOW) result code=0
04-13 23:34:30.507   934   999 V WindowManagerShell: Transition requested (#332): android.os.BinderProxy@17fb5 TransitionRequestInfo { type = OPEN, triggerTask = TaskInfo{userId=0 taskId=85 effectiveUid=10232 displayId=0 isRunning=true baseIntent=Intent { act=android.intent.action.MAIN cat=[android.intent.category.LAUNCHER] flg=0x30000000 cmp=com.example.holodex_notifier/.MainActivity } baseActivity=ComponentInfo{com.example.holodex_notifier/com.example.holodex_notifier.MainActivity} topActivity=ComponentInfo{com.google.android.permissioncontroller/com.android.permissioncontroller.permission.ui.GrantPermissionsActivity} origActivity=null realActivity=ComponentInfo{com.example.holodex_notifier/com.example.holodex_notifier.MainActivity} numActivities=2 lastActiveTime=69286766 supportsMultiWindow=true resizeMode=1 isResizeable=true minWidth=-1 minHeight=-1 defaultMinSize=220 token=WCT{android.window.IWindowContainerToken$Stub$Proxy@8ab64a} topActivityType=1 pictureInPictureParams=null shouldDockBigOverlays=false launchIntoPipHostTaskId=-1 lastParentTaskIdBeforePip=-1 displayCutoutSafeInsets=Rect(0, 0 - 0, 0) topActivityInfo=ActivityInfo{5d659bb com.android.permissioncontroller.permission.ui.GrantPermissionsActivity} launchCookies=[] positionInParent=Point(0, 0) parentTaskId=-1 isFocused=true isVisible=true isVisibleRequested=true isTopActivityNoDisplay=false isSleeping=false locusId=null displayAreaFeatureId=1 isTopActivityTransparent=true isActivityStackTransparent=false lastNonFullscreenBounds=Rect(284, 660 - 796, 1740) capturedLink=null capturedLinkTimestamp=0 requestedVisibleTypes=-9 topActivityRequestOpenInBrowserEducationTimestamp=0 appCompatTaskInfo=AppCompatTaskInfo { topActivityInSizeCompat=false eligibleForLetterboxEducation= false isLetterboxEducationEnabled= true isLetterboxDoubleTapEnabled= false eligibleForUserAspectRatioButton= false topActivityBoundsLetterboxed= false isFromLetterboxDoubleTap= false topActivityLetterboxVerticalPosition= -1 topActivityLetterboxHorizontalPosition= -1 topActivityLetterboxWidth=-1 topActivityLetterboxHeight=-1 topActivityAppBounds=Rect(0, 0 - 1080, 2400) isUserFullscreenOverrideEnabled=false isSystemFullscreenOverrideEnabled=false hasMinAspectRatioOverride=false topActivityLetterboxBounds=null cameraCompatTaskInfo=CameraCompatTaskInfo { freeformCameraCompatMode=inactive}} topActivityMainWindowFrame=null}, pipChange = null, remoteTransition = null, displayChange = null, flags = 0, debugId = 332 }
04-13 23:34:30.510   934   999 D ShellSplitScreen: logExit: no-op, mLoggerSessionId is null
04-13 23:34:30.524   516   516 I BpBinder: onLastStrongRef automatically unlinking death recipients: 
04-13 23:34:30.551   516   535 I BpBinder: onLastStrongRef automatically unlinking death recipients: 
04-13 23:34:30.574   676   892 D BackgroundInstallControlService: Package event received: 0
04-13 23:34:30.575   676  1954 W OptProp : Cannot read opt property android.window.PROPERTY_COMPAT_ENABLE_FAKE_FOCUS
04-13 23:34:30.598   676   892 D BackgroundInstallControlService: Package event received: 0
04-13 23:34:30.607   676   892 D BackgroundInstallControlService: Package event received: 0
04-13 23:34:30.618 15954 15954 I ssioncontroller: AssetManager2(0x7e631d7ca3f8) locale list changing from [] to [en-US]
04-13 23:34:30.893   676  1954 D CoreBackPreview: Window{f3ede10 u0 com.google.android.permissioncontroller/com.android.permissioncontroller.permission.ui.GrantPermissionsActivity}: Setting back callback OnBackInvokedCallbackInfo{mCallback=android.window.IOnBackInvokedCallback$Stub$Proxy@c5acb0e, mPriority=-1, mIsAnimationCallback=false, mOverrideBehavior=0}
04-13 23:34:30.901 15954 17173 I EGL_emulation: Opening libGLESv1_CM_emulation.so
04-13 23:34:30.919 15954 17173 I EGL_emulation: Opening libGLESv2_emulation.so
04-13 23:34:30.937 15954 17173 W HWUI    : Failed to choose config with EGL_SWAP_BEHAVIOR_PRESERVED, retrying without...
04-13 23:34:30.937 15954 17173 W HWUI    : Failed to initialize 101010-2 format, error = EGL_SUCCESS
04-13 23:34:31.078   934  1306 V WindowManagerShell: onTransitionReady(transaction=2903397905201)
04-13 23:34:31.079   934   999 V WindowManagerShell: onTransitionReady (#332) android.os.BinderProxy@17fb5: {id=332 t=OPEN f=0x0 trk=0 r=[0@Point(0, 0)] c=[
04-13 23:34:31.079   934   999 V WindowManagerShell:         {m=OPEN f=TRANSLUCENT|FILLS_TASK leash=Surface(name=ActivityRecord{75209625 u0 com.google.android.permissioncontroller/com.android.permissioncontroller.permission.ui.GrantPermissionsActivity)/@0x1c5ed16 sb=Rect(0, 0 - 0, 0) eb=Rect(0, 0 - 1080, 2400) epz=Point(1080, 2400) d=-1->0 r=-1->0:-1 bc=ffeeedf4 component=com.google.android.permissioncontroller/com.android.permissioncontroller.permission.ui.GrantPermissionsActivity opt={t=FROM_STYLE mUserId=0}}
04-13 23:34:31.079   934   999 V WindowManagerShell:     ]}
04-13 23:34:31.079   934   999 V WindowManagerShell: Playing animation for (#332) android.os.BinderProxy@17fb5@0
04-13 23:34:31.081   934   999 V ShellRecents: RecentsTransitionHandler.startAnimation: no controller found
04-13 23:34:31.082  1109  1109 D BaseDepthController: setSurface:
04-13 23:34:31.082  1109  1109 D BaseDepthController: 	mWaitingOnSurfaceValidity: false
04-13 23:34:31.082  1109  1109 D BaseDepthController: 	mSurface: null
04-13 23:34:31.082   934   999 V WindowManagerShell: Transition doesn't have explicit remote, search filters for match for {id=332 t=OPEN f=0x0 trk=0 r=[0@Point(0, 0)] c=[{m=OPEN f=TRANSLUCENT|FILLS_TASK leash=Surface(name=ActivityRecord{75209625 u0 com.google.android.permissioncontroller/com.android.permissioncontroller.permission.ui.GrantPermissionsActivity)/@0x1c5ed16 sb=Rect(0, 0 - 0, 0) eb=Rect(0, 0 - 1080, 2400) epz=Point(1080, 2400) d=-1->0 r=-1->0:-1 bc=ffeeedf4 component=com.google.android.permissioncontroller/com.android.permissioncontroller.permission.ui.GrantPermissionsActivity opt={t=FROM_STYLE mUserId=0}}]}
04-13 23:34:31.085  1109  1109 D BaseDepthController: mSurface is null and mCurrentBlur is: 0
04-13 23:34:31.088   934   999 V WindowManagerShell:  Checking filter Pair{{types=[] flags=0x0] notFlags=0x0 checks=[{atype=undefined independent=true modes=[CLOSE,TO_BACK] flags=IN_TASK_WITH_EMBEDDED_ACTIVITY mustBeTask=false order=ANY topActivity=null launchCookie=null taskFragmentToken=android.os.BinderProxy@d737688 windowingMode=undefined}]} RemoteTransition { remoteTransition = android.window.IRemoteTransition$Stub$Proxy@d771821, appThread = android.app.IApplicationThread$Stub$Proxy@f958446, debugName = overlayBackTransition }}
