04-13 23:33:39.743   676   841 D InetDiagMessage: Destroyed live tcp sockets for uids={10146} in 0ms
04-13 23:33:39.743   676   841 D InetDiagMessage: Destroyed 0 sockets, proto=IPPROTO_TCP, family=AF_INET, states=14
04-13 23:33:39.743   676   841 D InetDiagMessage: Destroyed 0 sockets, proto=IPPROTO_TCP, family=AF_INET6, states=14
04-13 23:33:39.743   676   841 D InetDiagMessage: Destroyed live tcp sockets for uids={20146} in 0ms
04-13 23:33:42.927   224 25491 I keystore2: system/security/keystore2/watchdog/src/lib.rs:377 - Watchdog thread idle -> terminating. Have a great day.
04-13 23:33:43.126   676   784 D ActivityManager: freezing 11875 com.google.android.documentsui
04-13 23:33:43.129   676   841 D InetDiagMessage: Destroyed 0 sockets, proto=IPPROTO_TCP, family=AF_INET, states=14
04-13 23:33:43.129   676   841 D InetDiagMessage: Destroyed 0 sockets, proto=IPPROTO_TCP, family=AF_INET6, states=14
04-13 23:33:43.129   676   841 D InetDiagMessage: Destroyed live tcp sockets for uids={10101} in 1ms
04-13 23:33:43.137   676   784 D ActivityManager: freezing 11781 com.google.android.packageinstaller
04-13 23:33:43.140   676   841 D InetDiagMessage: Destroyed 0 sockets, proto=IPPROTO_TCP, family=AF_INET, states=14
04-13 23:33:43.141   676   841 D InetDiagMessage: Destroyed 0 sockets, proto=IPPROTO_TCP, family=AF_INET6, states=14
04-13 23:33:43.141   676   841 D InetDiagMessage: Destroyed live tcp sockets for uids={10104} in 1ms
04-13 23:33:43.634   676   923 W FileUtils: Failed to chmod(AtomicFile[/data/system_de/0/system/game-manager-service.xml]): android.system.ErrnoException: chmod failed: ENOENT (No such file or directory)
04-13 23:33:44.683   676   784 D ActivityManager: freezing 11906 android.process.media
04-13 23:33:44.686   676   841 D InetDiagMessage: Destroyed 0 sockets, proto=IPPROTO_TCP, family=AF_INET, states=14
04-13 23:33:44.686   676   841 D InetDiagMessage: Destroyed 0 sockets, proto=IPPROTO_TCP, family=AF_INET6, states=14
04-13 23:33:44.686   676   841 D InetDiagMessage: Destroyed live tcp sockets for uids={10099} in 1ms
04-13 23:33:44.688   676   784 D ActivityManager: freezing 3189 com.android.chrome
04-13 23:33:44.691   676   784 D ActivityManager: freezing 5077 com.google.android.adservices.api
04-13 23:33:44.694   676   841 D InetDiagMessage: Destroyed 0 sockets, proto=IPPROTO_TCP, family=AF_INET, states=14
04-13 23:33:44.695   676   841 D InetDiagMessage: Destroyed 0 sockets, proto=IPPROTO_TCP, family=AF_INET6, states=14
04-13 23:33:44.697   676   841 D InetDiagMessage: Destroyed live tcp sockets for uids={10146} in 4ms
04-13 23:33:44.732   676   841 D InetDiagMessage: Destroyed 0 sockets, proto=IPPROTO_TCP, family=AF_INET, states=14
04-13 23:33:44.733   676   841 D InetDiagMessage: Destroyed 0 sockets, proto=IPPROTO_TCP, family=AF_INET6, states=14
04-13 23:33:44.733   676   841 D InetDiagMessage: Destroyed live tcp sockets for uids={10208} in 1ms
04-13 23:33:45.131   676   784 D ActivityManager: freezing 15954 com.google.android.permissioncontroller
04-13 23:33:45.134   676   841 D InetDiagMessage: Destroyed 0 sockets, proto=IPPROTO_TCP, family=AF_INET, states=14
04-13 23:33:45.135   676   841 D InetDiagMessage: Destroyed 0 sockets, proto=IPPROTO_TCP, family=AF_INET6, states=14
04-13 23:33:45.135   676   841 D InetDiagMessage: Destroyed live tcp sockets for uids={10197} in 1ms
04-13 23:33:45.254   676   784 D ActivityManager: freezing 23440 com.google.android.googlequicksearchbox:search
04-13 23:33:45.338   676   784 D ActivityManager: freezing 5562 com.android.vending
04-13 23:33:45.342   676   784 D ActivityManager: freezing 5656 com.android.vending:background
04-13 23:33:45.458   676   841 D InetDiagMessage: Destroyed 1 sockets, proto=IPPROTO_TCP, family=AF_INET, states=14
04-13 23:33:45.462   676   841 D InetDiagMessage: Destroyed 1 sockets, proto=IPPROTO_TCP, family=AF_INET6, states=14
04-13 23:33:45.462   676   841 D InetDiagMessage: Destroyed live tcp sockets for uids={10142} in 9ms
04-13 23:33:50.590   676   835 D WifiConfigStore: Writing to stores completed in 32 ms.
04-13 23:34:00.400   676   784 D ActivityManager: freezing 24597 com.google.android.gms
04-13 23:34:03.022   676   776 W ProcessStats: Tracking association SourceState{47b62a1 com.android.settings/1000 Service #22060} whose proc state 8 is better than process ProcessState{1b0fdba com.google.android.settings.intelligence/10141 pkg=com.google.android.settings.intelligence} proc state 15 (36 skipped)
04-13 23:34:04.505   676   892 D BackgroundInstallControlService: Package event received: 0
04-13 23:34:05.000   676   905 D androidtc: Initializing SystemTextClassifier, type = System
04-13 23:34:05.021   676   905 E ClipboardService: Denying clipboard access to com.android.chrome, application is not in focus nor is it a system service for user 0
04-13 23:34:05.047   934   934 I ClipboardListener: Clipboard overlay suppressed.
04-13 23:34:05.161   676   906 E ClipboardService: Denying clipboard access to com.android.chrome, application is not in focus nor is it a system service for user 0
04-13 23:34:05.170   934   934 I ClipboardListener: Clipboard overlay suppressed.
04-13 23:34:08.726  1438  1668 I bash    : (REDACTED) getHotwordActive::active query: %s, watch: %s, devices connected: %s
04-13 23:34:13.021   676   784 D ActivityManager: freezing 5218 com.android.settings
04-13 23:34:13.030   676   784 D ActivityManager: freezing 6115 com.android.keychain
04-13 23:34:13.033   676   784 D ActivityManager: freezing 11661 com.google.android.gms.ui
04-13 23:34:13.036   676   784 D ActivityManager: freezing 5925 com.google.android.settings.intelligence
04-13 23:34:13.326   676   841 D InetDiagMessage: Destroyed 0 sockets, proto=IPPROTO_TCP, family=AF_INET, states=14
04-13 23:34:13.326   676   841 D InetDiagMessage: Destroyed 0 sockets, proto=IPPROTO_TCP, family=AF_INET6, states=14
04-13 23:34:13.326   676   841 D InetDiagMessage: Destroyed live tcp sockets for uids={10141} in 1ms
04-13 23:34:16.855   676  1949 W ActivityManager: Invalid packageName: com.example.holodex_notifier
04-13 23:34:16.902  3804  3804 I abb     : StartCommandInProcess(73657474696e67730067657400676c6f settings.get.glo [truncated])
04-13 23:34:16.907   676   676 W binder:676_1C: type=1400 audit(0.0:1059): avc:  denied  { getopt } for  scontext=u:r:system_server:s0 tcontext=u:r:shell:s0 tclass=unix_stream_socket permissive=0
04-13 23:34:16.917  3804  3804 I abb     : StartCommandInProcess(7061636b61676500696e7374616c6c00 package.install. [truncated])
04-13 23:34:16.907   676   676 W binder:676_1C: type=1400 audit(0.0:1060): avc:  denied  { getopt } for  scontext=u:r:system_server:s0 tcontext=u:r:shell:s0 tclass=unix_stream_socket permissive=0
04-13 23:34:16.907   676   676 W binder:676_1C: type=1400 audit(0.0:1061): avc:  denied  { getopt } for  scontext=u:r:system_server:s0 tcontext=u:r:shell:s0 tclass=unix_stream_socket permissive=0
04-13 23:34:17.631   676   676 W binder:676_1C: type=1400 audit(0.0:1062): avc:  denied  { getopt } for  scontext=u:r:system_server:s0 tcontext=u:r:shell:s0 tclass=unix_stream_socket permissive=0
04-13 23:34:17.663   676  1949 E SystemServiceRegistry: No service published for: persistent_data_block
04-13 23:34:17.663   676  1949 E SystemServiceRegistry: android.os.ServiceManager$ServiceNotFoundException: No service published for: persistent_data_block
04-13 23:34:17.663   676  1949 E SystemServiceRegistry: 	at android.os.ServiceManager.getServiceOrThrow(ServiceManager.java:203)
04-13 23:34:17.663   676  1949 E SystemServiceRegistry: 	at android.app.SystemServiceRegistry$82.createService(SystemServiceRegistry.java:1110)
04-13 23:34:17.663   676  1949 E SystemServiceRegistry: 	at android.app.SystemServiceRegistry$82.createService(SystemServiceRegistry.java:1107)
04-13 23:34:17.663   676  1949 E SystemServiceRegistry: 	at android.app.SystemServiceRegistry$StaticServiceFetcher.getService(SystemServiceRegistry.java:2405)
04-13 23:34:17.663   676  1949 E SystemServiceRegistry: 	at android.app.SystemServiceRegistry.getSystemService(SystemServiceRegistry.java:1918)
04-13 23:34:17.663   676  1949 E SystemServiceRegistry: 	at android.app.ContextImpl.getSystemService(ContextImpl.java:2317)
04-13 23:34:17.663   676  1949 E SystemServiceRegistry: 	at android.content.Context.getSystemService(Context.java:4623)
04-13 23:34:17.663   676  1949 E SystemServiceRegistry: 	at com.android.server.pm.PackageInstallerSession.markAsSealed(PackageInstallerSession.java:2448)
04-13 23:34:17.663   676  1949 E SystemServiceRegistry: 	at com.android.server.pm.PackageInstallerSession.commit(PackageInstallerSession.java:2197)
04-13 23:34:17.663   676  1949 E SystemServiceRegistry: 	at android.content.pm.PackageInstaller$Session.commit(PackageInstaller.java:1988)
04-13 23:34:17.663   676  1949 E SystemServiceRegistry: 	at com.android.server.pm.PackageManagerShellCommand.doCommitSession(PackageManagerShellCommand.java:4302)
04-13 23:34:17.663   676  1949 E SystemServiceRegistry: 	at com.android.server.pm.PackageManagerShellCommand.doRunInstall(PackageManagerShellCommand.java:1634)
04-13 23:34:17.663   676  1949 E SystemServiceRegistry: 	at com.android.server.pm.PackageManagerShellCommand.runInstall(PackageManagerShellCommand.java:1561)
04-13 23:34:17.663   676  1949 E SystemServiceRegistry: 	at com.android.server.pm.PackageManagerShellCommand.onCommand(PackageManagerShellCommand.java:245)
04-13 23:34:17.663   676  1949 E SystemServiceRegistry: 	at com.android.modules.utils.BasicShellCommandHandler.exec(BasicShellCommandHandler.java:97)
04-13 23:34:17.663   676  1949 E SystemServiceRegistry: 	at android.os.ShellCommand.exec(ShellCommand.java:38)
04-13 23:34:17.663   676  1949 E SystemServiceRegistry: 	at com.android.server.pm.PackageManagerService$IPackageManagerImpl.onShellCommand(PackageManagerService.java:6680)
04-13 23:34:17.663   676  1949 E SystemServiceRegistry: 	at android.os.Binder.shellCommand(Binder.java:1146)
04-13 23:34:17.663   676  1949 E SystemServiceRegistry: 	at android.os.Binder.onTransact(Binder.java:948)
04-13 23:34:17.663   676  1949 E SystemServiceRegistry: 	at android.content.pm.IPackageManager$Stub.onTransact(IPackageManager.java:4729)
04-13 23:34:17.663   676  1949 E SystemServiceRegistry: 	at com.android.server.pm.PackageManagerService$IPackageManagerImpl.onTransact(PackageManagerService.java:6664)
04-13 23:34:17.663   676  1949 E SystemServiceRegistry: 	at android.os.Binder.execTransactInternal(Binder.java:1414)
04-13 23:34:17.663   676  1949 E SystemServiceRegistry: 	at android.os.Binder.execTransact(Binder.java:1353)
04-13 23:34:17.668   676  1949 E SystemServiceRegistry: Manager wrapper not available: persistent_data_block
04-13 23:34:17.963   676   707 D NativeLibraryHelper: Punching extracted elf file libdatastore_shared_counter.so on fs:61267
04-13 23:34:17.963   676   707 D FileSystemUtils: Total number of LOAD segments 2
04-13 23:34:17.963   676   707 D FileSystemUtils: Size before punching holes st_blocks: 24, st_blksize: 4096, st_size: 6224
04-13 23:34:17.963   676   707 D FileSystemUtils: Size after punching holes st_blocks: 24, st_blksize: 4096, st_size: 6224
04-13 23:34:18.346   676   707 D NativeLibraryHelper: Punching extracted elf file libflutter.so on fs:61267
04-13 23:34:18.346   676   707 D FileSystemUtils: Total number of LOAD segments 4
04-13 23:34:18.346   676   707 D FileSystemUtils: Size before punching holes st_blocks: 79616, st_blksize: 4096, st_size: 40758600
04-13 23:34:18.346   676   707 D FileSystemUtils: Size after punching holes st_blocks: 79616, st_blksize: 4096, st_size: 40758600
04-13 23:34:18.372   676   707 D NativeLibraryHelper: Punching extracted elf file libsqlite3.so on fs:61267
04-13 23:34:18.372   676   707 D FileSystemUtils: Total number of LOAD segments 3
04-13 23:34:18.372   676   707 D FileSystemUtils: Size before punching holes st_blocks: 2864, st_blksize: 4096, st_size: 1459464
04-13 23:34:18.372   676   707 D FileSystemUtils: Size after punching holes st_blocks: 2864, st_blksize: 4096, st_size: 1459464
04-13 23:34:18.388   676   761 D InstallDependencyHelper: No missing dependency for com.example.holodex_notifier
04-13 23:34:18.423   676   742 V Configuration: Updating configuration, locales updated from [] to [en_US]
04-13 23:34:18.423   676   742 I system_server: AssetManager2(0x7e631d9765f8) locale list changing from [] to [en-US]
04-13 23:34:18.651   676   745 W IPCThreadState: Sending oneway calls to frozen process.
04-13 23:34:18.652   676   745 W IPCThreadState: Sending oneway calls to frozen process.
04-13 23:34:18.652   676   745 W IPCThreadState: Sending oneway calls to frozen process.
04-13 23:34:18.652   676   745 W IPCThreadState: Sending oneway calls to frozen process.
04-13 23:34:18.652   676   745 W IPCThreadState: Sending oneway calls to frozen process.
04-13 23:34:18.652   676   745 W IPCThreadState: Sending oneway calls to frozen process.
04-13 23:34:18.655   676   745 W IPCThreadState: Sending oneway calls to frozen process.
04-13 23:34:18.655   676   745 W IPCThreadState: Sending oneway calls to frozen process.
04-13 23:34:18.656   676   745 W IPCThreadState: Sending oneway calls to frozen process.
04-13 23:34:18.658   676   745 W IPCThreadState: Sending oneway calls to frozen process.
04-13 23:34:18.658   676   745 W IPCThreadState: Sending oneway calls to frozen process.
04-13 23:34:18.659   676   745 W IPCThreadState: Sending oneway calls to frozen process.
04-13 23:34:18.662   676   745 W IPCThreadState: Sending oneway calls to frozen process.
04-13 23:34:18.663   676   745 W IPCThreadState: Sending oneway calls to frozen process.
04-13 23:34:18.663   676   745 W IPCThreadState: Sending oneway calls to frozen process.
04-13 23:34:18.665   676   745 W IPCThreadState: Sending oneway calls to frozen process.
04-13 23:34:18.665   676   745 W IPCThreadState: Sending oneway calls to frozen process.
04-13 23:34:18.666   676   745 W IPCThreadState: Sending oneway calls to frozen process.
04-13 23:34:18.666   676   745 W IPCThreadState: Sending oneway calls to frozen process.
04-13 23:34:18.667   676   745 W IPCThreadState: Sending oneway calls to frozen process.
04-13 23:34:18.672   676   745 W IPCThreadState: Sending oneway calls to frozen process.
04-13 23:34:18.673   676   745 W IPCThreadState: Sending oneway calls to frozen process.
04-13 23:34:18.674   676   745 W IPCThreadState: Sending oneway calls to frozen process.
04-13 23:34:18.674   676   745 W IPCThreadState: Sending oneway calls to frozen process.
04-13 23:34:18.675   676   745 W IPCThreadState: Sending oneway calls to frozen process.
04-13 23:34:18.676   676   745 W IPCThreadState: Sending oneway calls to frozen process.
04-13 23:34:18.676   676   745 W IPCThreadState: Sending oneway calls to frozen process.
04-13 23:34:18.678   676   745 W IPCThreadState: Sending oneway calls to frozen process.
04-13 23:34:18.678   676   745 W IPCThreadState: Sending oneway calls to frozen process.
04-13 23:34:18.679   676   745 W IPCThreadState: Sending oneway calls to frozen process.
04-13 23:34:18.679   676   745 W IPCThreadState: Sending oneway calls to frozen process.
04-13 23:34:18.679   676   745 W IPCThreadState: Sending oneway calls to frozen process.
04-13 23:34:18.680   676   745 W IPCThreadState: Sending oneway calls to frozen process.
04-13 23:34:18.680   676   745 W IPCThreadState: Sending oneway calls to frozen process.
04-13 23:34:18.683   676   745 W IPCThreadState: Sending oneway calls to frozen process.
04-13 23:34:18.687   676   745 W ProcessStats: Tracking association SourceState{47b62a1 com.android.settings/1000 Service #22061} whose proc state 8 is better than process ProcessState{1b0fdba com.google.android.settings.intelligence/10141 pkg=com.google.android.settings.intelligence} proc state 15 (1 skipped)
04-13 23:34:18.717   676   892 D BackgroundInstallControlService: Package event received: 0
04-13 23:34:18.717   676   892 D BackgroundInstallControlService: Package event received: 0
04-13 23:34:18.717   676   892 D BackgroundInstallControlService: Package event received: 0
04-13 23:34:18.718   676   892 D BackgroundInstallControlService: Package event received: 0
04-13 23:34:18.718   676   892 D BackgroundInstallControlService: Package event received: 0
04-13 23:34:18.719   676   742 D BackupManagerService: [UserID:0] restoreAtInstall pkg=com.example.holodex_notifier token=3c restoreSet=0
04-13 23:34:18.721   676   892 D BackgroundInstallControlService: Package event received: 0
04-13 23:34:18.721   676   892 D BackgroundInstallControlService: Package event received: 0
04-13 23:34:18.721   676   892 D BackgroundInstallControlService: Package event received: 0
04-13 23:34:18.721   676   892 D BackgroundInstallControlService: Package event received: 0
04-13 23:34:18.722   676   892 D BackgroundInstallControlService: Package event received: 0
04-13 23:34:18.722   676   892 D BackgroundInstallControlService: Package event received: 0
04-13 23:34:18.723   676   892 D BackgroundInstallControlService: Package event received: 0
04-13 23:34:18.723   676   892 D BackgroundInstallControlService: Package event received: 0
04-13 23:34:18.727   676   892 D BackgroundInstallControlService: Package event received: 0
04-13 23:34:18.727   676   742 D BackupManagerService: [UserID:0] Finishing install immediately
04-13 23:34:18.744   676   742 I PackageManager: installation completed:com.example.holodex_notifier
04-13 23:34:18.745   676   742 I AppsFilter: interaction: PackageSetting{d456c30 com.android.microdroid.empty_payload/10186} -> PackageSetting{a3505f0 com.example.holodex_notifier/10232} BLOCKED
04-13 23:34:18.756   676   892 D BackgroundInstallControlService: Package event received: 1
04-13 23:34:18.757   676   742 D PackageInstallerSession: Marking session 630726611 as applied
04-13 23:34:18.771  1109  1159 D SessionCommitReceiver: Removing unneeded PromiseIcon for package: com.example.holodex_notifier, install reason: 0, alreadyAddedPromiseIcon: false
04-13 23:34:18.775   676   761 D InstallDependencyHelper: Session complete for 630726611
04-13 23:34:18.771   676   676 W binder:676_1C: type=1400 audit(0.0:1063): avc:  denied  { getopt } for  scontext=u:r:system_server:s0 tcontext=u:r:shell:s0 tclass=unix_stream_socket permissive=0
04-13 23:34:18.775   676   676 W binder:676_1C: type=1400 audit(0.0:1064): avc:  denied  { getopt } for  scontext=u:r:system_server:s0 tcontext=u:r:shell:s0 tclass=unix_stream_socket permissive=0
04-13 23:34:18.798   676   761 E AtomicFile: Failed to rename /data/system/install_sessions.xml.new to /data/system/install_sessions.xml
04-13 23:34:18.775   676   676 W binder:676_1C: type=1400 audit(0.0:1065): avc:  denied  { getopt } for  scontext=u:r:system_server:s0 tcontext=u:r:shell:s0 tclass=unix_stream_socket permissive=0
04-13 23:34:18.836   676   891 D ShortcutService: received package broadcast intent: Intent { act=android.intent.action.PACKAGE_ADDED dat=package: flg=0x4000010 (has extras) }
04-13 23:34:18.836   676   891 D ShortcutService: adding package: com.example.holodex_notifier userId=0
04-13 23:34:18.857   676   848 E AppOps  : attributionTag VCN not declared in manifest of android
04-13 23:34:18.857   676   708 I system_server: AssetManager2(0x7e631d894018) locale list changing from [] to [en-US]
04-13 23:34:18.859  1099  1099 D CarrierSvcBindHelper: onPackageAdded: com.example.holodex_notifier
04-13 23:34:18.867   934   934 D ControlsListingControllerImpl: ServiceConfig reloaded, count: 0
04-13 23:34:18.869   676   897 I SdkSandboxManager: No SDKs used. Skipping SDK data reconcilation for CallingInfo{mUid=10232, mPackageName='com.example.holodex_notifier, mAppProcessToken='null'}
04-13 23:34:18.874   676   788 I RoleService: Granting default roles...
04-13 23:34:18.887   676   676 D AppSearchAppsIndexerManagerS: userid in package receiver: 10232
04-13 23:34:18.896   676   708 I system_server: AssetManager2(0x7e631d84b598) locale list changing from [] to [en-US]
04-13 23:34:18.897  1099  1099 D CarrierSvcBindHelper: No carrier app for: 0
04-13 23:34:18.923   676   676 D TransparencyService: Not an update. Skipping...
04-13 23:34:18.933   676  3516 W SignedPackage: Package doesn't have required signing certificate: com.google.android.retaildemo
04-13 23:34:18.934   676  3516 E RoleControllerServiceImpl: Default/fallback role holder package doesn't qualify for the role, package: com.google.android.gms.supervision, role: android.app.role.SYSTEM_SUPERVISION
04-13 23:34:18.939   676   892 D BackgroundInstallControlService: Package event received: 0
04-13 23:34:18.954   676   917 D ActivityManager: sync unfroze 15954 com.google.android.permissioncontroller for 6
04-13 23:34:18.965   676   892 D BackgroundInstallControlService: Package event received: 0
04-13 23:34:18.985   676   676 D BackupManagerConstants: getFullBackupIntervalMilliseconds(...) returns 86400000
04-13 23:34:18.987   676   676 D BackupManagerConstants: getFullBackupRequiredNetworkType(...) returns 2
04-13 23:34:19.002   676   676 D BackupManagerConstants: getFullBackupRequireCharging(...) returns true
04-13 23:34:19.014  1099  1099 E SmsApplication: com.google.android.apps.messaging lost android:read_cell_broadcasts:  (fixing)
04-13 23:34:19.015   676   909 W AppOpService: Ignored setUidMode call for runtime permission app op: uid = 10140, code = READ_CELL_BROADCASTS, mode = allow, callingUid = 1001, oldMode = allow
04-13 23:34:19.028   676   909 W AppOpService: Ignored setUidMode call for runtime permission app op: uid = 1001, code = READ_SMS, mode = allow, callingUid = 1001, oldMode = allow
04-13 23:34:19.035   676   909 W AppOpService: Ignored setUidMode call for runtime permission app op: uid = 1001, code = RECEIVE_SMS, mode = allow, callingUid = 1001, oldMode = allow
04-13 23:34:19.039   676   909 W AppOpService: Ignored setUidMode call for runtime permission app op: uid = 1001, code = RECEIVE_WAP_PUSH, mode = allow, callingUid = 1001, oldMode = allow
04-13 23:34:19.041   676  1697 W AppOpService: Ignored setUidMode call for runtime permission app op: uid = 1001, code = SEND_SMS, mode = allow, callingUid = 1001, oldMode = allow
04-13 23:34:19.042   676  1697 W AppOpService: Ignored setUidMode call for runtime permission app op: uid = 1001, code = READ_CELL_BROADCASTS, mode = allow, callingUid = 1001, oldMode = allow
04-13 23:34:19.069   676   805 I system_server: AssetManager2(0x7e631d9765f8) locale list changing from [] to [en-US]
04-13 23:34:19.083   676  3516 W SignedPackage: Package doesn't have required signing certificate: com.google.android.apps.work.clouddpc
04-13 23:34:19.086   676   715 D ActivityManager: sync unfroze 11781 com.google.android.packageinstaller for 3
04-13 23:34:19.103   676  3516 W SignedPackage: Cannot get ApplicationInfo for package: com.google.android.as
04-13 23:34:19.111   676   808 I system_server: AssetManager2(0x7e631d978538) locale list changing from [] to [en-US]
04-13 23:34:19.122   676   909 W ActivityTaskManager: callingPackage for (uid=2000, pid=25594) has no WPC
04-13 23:34:19.130   676   909 D CompatChangeReporter: Compat change id reported: 151861875; UID 10232; state: ENABLED
04-13 23:34:19.132   676   909 I system_server: AssetManager2(0x7e631d8a0e58) locale list changing from [] to [en-US]
04-13 23:34:19.132  1099  1275 D ImsResolver: maybeAddedImsService, packageName: com.example.holodex_notifier
04-13 23:34:19.132  1099  1275 V ImsResolver: searchForImsServices: package=com.example.holodex_notifier, users=[UserHandle{0}]
04-13 23:34:19.133   676   909 V GrammaticalInflectionUtils: AttributionSource: android.content.AttributionSource@31f4df25 does not have READ_SYSTEM_GRAMMATICAL_GENDER permission.
04-13 23:34:19.136   676   909 W OptProp : Cannot read opt property android.window.PROPERTY_COMPAT_ALLOW_USER_ASPECT_RATIO_OVERRIDE
04-13 23:34:19.136   676   909 W OptProp : Cannot read opt property android.window.PROPERTY_COMPAT_ALLOW_USER_ASPECT_RATIO_FULLSCREEN_OVERRIDE
04-13 23:34:19.137   676   909 W OptProp : Cannot read opt property android.window.PROPERTY_COMPAT_ALLOW_RESIZEABLE_ACTIVITY_OVERRIDES
04-13 23:34:19.141   676   909 W OptProp : Cannot read opt property android.window.PROPERTY_COMPAT_ALLOW_MIN_ASPECT_RATIO_OVERRIDE
04-13 23:34:19.145  1099  1275 V ImsResolver: searchForImsServices: package=com.example.holodex_notifier, users=[UserHandle{0}]
04-13 23:34:19.195   676   909 W OptProp : Cannot read opt property android.window.PROPERTY_COMPAT_ALLOW_ORIENTATION_OVERRIDE
04-13 23:34:19.207  1099  1099 W VvmPkgInstalledRcvr: carrierVvmPkgAdded: carrier vvm packages doesn't contain com.example.holodex_notifier
04-13 23:34:19.211   676   694 W system_server: Suspending all threads took: 6.879ms
04-13 23:34:19.214   516   794 I BpBinder: onLastStrongRef automatically unlinking death recipients: 
04-13 23:34:19.227   676   705 W Looper  : Slow dispatch took 208ms android.fg app=system_server main=false group=FOREGROUND h=android.os.Handler c=com.android.server.om.OverlayManagerService$$ExternalSyntheticLambda1@1db9193 m=0
04-13 23:34:19.228   676   705 W Looper  : Slow delivery took 264ms android.fg app=system_server main=false group=FOREGROUND h=android.os.Handler c=com.android.server.power.hint.HintManagerService$MyUidObserver$$ExternalSyntheticLambda0@18339c9 m=0
04-13 23:34:19.230   676   705 W Looper  : Drained
04-13 23:34:19.232   676   676 I AppsFilter: interaction: PackageSetting{c98e3da com.android.microdroid.empty_payload/10186} -> PackageSetting{721a00b com.example.holodex_notifier/10232} BLOCKED
04-13 23:34:19.285   934  1016 I ndroid.systemui: AssetManager2(0x7e631d89c038) locale list changing from [] to [en-US]
04-13 23:34:19.335   676   909 I ActivityTaskManager: START u0 {act=android.intent.action.MAIN cat=[android.intent.category.LAUNCHER] flg=0x30000000 xflg=0x4 cmp=com.example.holodex_notifier/.MainActivity (has extras)} with LAUNCH_SINGLE_TOP from uid 2000 (BAL_ALLOW_PERMISSION) result code=0
04-13 23:34:19.348   934   999 V WindowManagerShell: Transition requested (#331): android.os.BinderProxy@ac817eb TransitionRequestInfo { type = OPEN, triggerTask = TaskInfo{userId=0 taskId=85 effectiveUid=10232 displayId=0 isRunning=true baseIntent=Intent { act=android.intent.action.MAIN cat=[android.intent.category.LAUNCHER] flg=0x30000000 cmp=com.example.holodex_notifier/.MainActivity } baseActivity=ComponentInfo{com.example.holodex_notifier/com.example.holodex_notifier.MainActivity} topActivity=ComponentInfo{com.example.holodex_notifier/com.example.holodex_notifier.MainActivity} origActivity=null realActivity=ComponentInfo{com.example.holodex_notifier/com.example.holodex_notifier.MainActivity} numActivities=1 lastActiveTime=69275576 supportsMultiWindow=true resizeMode=1 isResizeable=true minWidth=-1 minHeight=-1 defaultMinSize=220 token=WCT{android.window.IWindowContainerToken$Stub$Proxy@93df948} topActivityType=1 pictureInPictureParams=null shouldDockBigOverlays=false launchIntoPipHostTaskId=-1 lastParentTaskIdBeforePip=-1 displayCutoutSafeInsets=Rect(0, 0 - 0, 0) topActivityInfo=ActivityInfo{70743e1 com.example.holodex_notifier.MainActivity} launchCookies=[] positionInParent=Point(0, 0) parentTaskId=-1 isFocused=false isVisible=false isVisibleRequested=false isTopActivityNoDisplay=false isSleeping=false locusId=null displayAreaFeatureId=1 isTopActivityTransparent=false isActivityStackTransparent=false lastNonFullscreenBounds=Rect(284, 660 - 796, 1740) capturedLink=null capturedLinkTimestamp=0 requestedVisibleTypes=-9 topActivityRequestOpenInBrowserEducationTimestamp=0 appCompatTaskInfo=AppCompatTaskInfo { topActivityInSizeCompat=false eligibleForLetterboxEducation= false isLetterboxEducationEnabled= true isLetterboxDoubleTapEnabled= false eligibleForUserAspectRatioButton= false topActivityBoundsLetterboxed= false isFromLetterboxDoubleTap= false topActivityLetterboxVerticalPosition= -1 topActivityLetterboxHorizontalPosition= -1 topActivityLetterboxWidth=-1 topActivityLetterboxHeight=-1 topActivityAppBounds=Rect(0, 0 - 1080, 2400) isUserFullscreenOverrideEnabled=false isSystemFullscreenOverrideEnabled=false hasMinAspectRatioOverride=false topActivityLetterboxBounds=null cameraCompatTaskInfo=CameraCompatTaskInfo { freeformCameraCompatMode=inactive}} topActivityMainWindowFrame=null}, pipChange = null, remoteTransition = null, displayChange = null, flags = 0, debugId = 331 }
04-13 23:34:19.371   676  1946 D CompatChangeReporter: Compat change id reported: 309578419; UID 10232; state: ENABLED
04-13 23:34:19.373   934   999 D ShellSplitScreen: logExit: no-op, mLoggerSessionId is null
04-13 23:34:19.406   516   516 I BpBinder: onLastStrongRef automatically unlinking death recipients: 
04-13 23:34:19.406   676   808 W MagnificationConnectionManager: requestConnection duplicated request: connect=false, mConnectionState=DISCONNECTED
04-13 23:34:19.412   676   808 I system_server: AssetManager2(0x7e631d88fb58) locale list changing from [] to [en-US]
04-13 23:34:19.449  1109  1109 W SplitSelectStateCtor: Missing session instanceIds
04-13 23:34:19.453   934   999 D WindowManagerShell: setLauncherKeepClearAreaHeight: visible=false, height=527
04-13 23:34:19.456  1109  1109 D StatsLog: LAUNCHER_SPLIT_SELECTION_EXIT_INTERRUPTED
04-13 23:34:19.466   676   708 V GrammaticalInflectionUtils: AttributionSource: android.content.AttributionSource@31f4df25 does not have READ_SYSTEM_GRAMMATICAL_GENDER permission.
04-13 23:34:19.485   676   708 W ActivityManager: Slow operation: 106ms so far, now at startProcess: done creating new process record
04-13 23:34:19.493   676   708 W ActivityManager: Slow operation: 114ms so far, now at startProcess: stepping in to startProcess
04-13 23:34:19.506   676  3516 W SignedPackage: Cannot get ApplicationInfo for package: com.google.android.as
04-13 23:34:19.507   676  3516 W SignedPackage: Cannot get ApplicationInfo for package: com.google.android.as
04-13 23:34:19.511   934  1017 W HWUI    : Image decoding logging dropped!
04-13 23:34:19.531   676   708 W ActivityManager: Slow operation: 152ms so far, now at startProcess: done starting proc!
04-13 23:34:19.558   676   909 I AppsFilter: interaction: PackageSetting{c98e3da com.android.microdroid.empty_payload/10186} -> PackageSetting{1a556de com.example.holodex_notifier/10232} BLOCKED
04-13 23:34:19.568   676   676 W IPCThreadState: Sending oneway calls to frozen process.
04-13 23:34:19.575   438   438 D Zygote  : Forked child process 25597
04-13 23:34:19.579   676   716 W ActivityManager: Slow operation: 86ms so far, now at startProcess: returned from zygote!
04-13 23:34:19.579   676   714 D LauncherAppsService: onPackageAdded: triggering onPackageAdded for user=UserHandle{0}, packageName=com.example.holodex_notifier
04-13 23:34:19.581   676   714 D LauncherAppsService: onPackageAdded: triggering onPackageAdded for user=UserHandle{0}, packageName=com.example.holodex_notifier
04-13 23:34:19.582   676   676 W IPCThreadState: Sending oneway calls to frozen process.
04-13 23:34:19.602   676   805 I system_server: AssetManager2(0x7e631d897538) locale list changing from [] to [en-US]
04-13 23:34:19.628   676  3516 W SignedPackage: Cannot get ApplicationInfo for package: com.google.android.as
04-13 23:34:19.630   676   714 W PackageManager: Failed registering loading progress callback. Package is fully loaded.
04-13 23:34:19.634   676   808 I system_server: AssetManager2(0x7e631d7fe018) locale list changing from [] to [en-US]
04-13 23:34:19.649   676   676 W IPCThreadState: Sending oneway calls to frozen process.
04-13 23:34:19.650   676   676 W IPCThreadState: Sending oneway calls to frozen process.
04-13 23:34:19.651   676   676 W IPCThreadState: Sending oneway calls to frozen process.
04-13 23:34:19.673   676   676 W IPCThreadState: Sending oneway calls to frozen process.
04-13 23:34:19.688   676   676 W IPCThreadState: Sending oneway calls to frozen process.
04-13 23:34:19.706   676  3516 E RoleControllerServiceImpl: Default/fallback role holder package doesn't qualify for the role, package: com.google.android.gms, role: android.app.role.WALLET
04-13 23:34:19.711  1109  1109 D LauncherAppsCallbackImpl: onPackageAdded triggered for packageName=com.example.holodex_notifier, user=UserHandle{0}
04-13 23:34:19.712   676   676 W Looper  : Slow dispatch took 165ms main app=system_server main=true group=FOREGROUND h=com.android.server.accessibility.AccessibilityManagerService$MainHandler c=com.android.server.accessibility.AccessibilityManagerService$$ExternalSyntheticLambda4@ea667af m=0
04-13 23:34:19.713   676   706 W Looper  : Slow dispatch took 106ms android.ui app=system_server main=false group=TOP_APP h=com.android.server.am.ActivityManagerService$UiHandler c=com.android.server.am.UidObserverController$$ExternalSyntheticLambda0@f5a397b m=0
04-13 23:34:19.713   676   805 I system_server: AssetManager2(0x7e631d8360f8) locale list changing from [] to [en-US]
04-13 23:34:19.723 25597 25597 I olodex_notifier: Late-enabling -Xcheck:jni
04-13 23:34:19.740   562   654 W IPCThreadState: Sending oneway calls to frozen process.
04-13 23:34:19.740   676   892 D BackgroundInstallControlService: Package event received: 0
04-13 23:34:19.748  1109  1159 D PackageUpdatedTask: Package updated: mOp=ADD packages=[com.example.holodex_notifier], user=UserHandle{0}
04-13 23:34:19.750   676   715 D ActivityManager: sync unfroze 5656 com.android.vending:background for 3
04-13 23:34:19.754  1099  1099 D CarrierSvcBindHelper: onPackageModified: com.example.holodex_notifier
04-13 23:34:19.770   934   934 D ControlsListingControllerImpl: ServiceConfig reloaded, count: 0
04-13 23:34:19.788   676   808 W MagnificationConnectionManager: requestConnection duplicated request: connect=false, mConnectionState=DISCONNECTED
04-13 23:34:19.796  5562  5562 I Finsky  : [2] zve.onTrimMemory(11): Memory trim requested to level 40
04-13 23:34:19.798  5656  5669 I Finsky:background: [66] ndk.run(48): Stats for Executor: bgExecutor sax@305ffc1[Running, pool size = 4, active threads = 0, queued tasks = 0, completed tasks = 904]
04-13 23:34:19.799  5656  5669 I Finsky:background: [66] ndk.run(48): Stats for Executor: LightweightExecutor sax@350b754[Running, pool size = 4, active threads = 0, queued tasks = 0, completed tasks = 660]
04-13 23:34:19.799  5656  5669 I Finsky:background: [66] ndk.run(48): Stats for Executor: BlockingExecutor sax@31d6fd[Running, pool size = 0, active threads = 0, queued tasks = 0, completed tasks = 689]
04-13 23:34:19.803  1109  1159 I s.nexuslauncher: AssetManager2(0x7e631d7d52f8) locale list changing from [] to [en-US]
04-13 23:34:19.805  5562  5562 I Finsky  : [2] aecx.accept(139): Flushing in-memory image cache
04-13 23:34:19.807  1109  1159 W HWUI    : Image decoding logging dropped!
04-13 23:34:19.827   676   708 I system_server: AssetManager2(0x7e631d89a418) locale list changing from [] to [en-US]
04-13 23:34:19.830   676   715 D ActivityManager: sync unfroze 5562 com.android.vending for 3
04-13 23:34:19.830   676   676 W Looper  : Slow delivery took 295ms main app=system_server main=true group=FOREGROUND h=android.os.Handler c=com.android.internal.content.PackageMonitor$$ExternalSyntheticLambda0@fc73254 m=0
04-13 23:34:19.834  5656  5656 I Finsky:background: [2] zve.onTrimMemory(11): Memory trim requested to level 40
04-13 23:34:19.849  5562  5583 I Finsky  : [66] ndk.run(48): Stats for Executor: BlockingExecutor sax@310c6d7[Running, pool size = 1, active threads = 0, queued tasks = 0, completed tasks = 831]
04-13 23:34:19.849  5562  5583 I Finsky  : [66] ndk.run(48): Stats for Executor: LightweightExecutor sax@c045bc4[Running, pool size = 4, active threads = 0, queued tasks = 0, completed tasks = 2597]
04-13 23:34:19.851  5562  5562 I Finsky  : [2] zve.onTrimMemory(11): Memory trim requested to level 40
04-13 23:34:19.851  5562  5562 I Finsky  : [2] aecx.accept(139): Flushing in-memory image cache
04-13 23:34:19.851  5562  5583 I Finsky  : [66] ndk.run(48): Stats for Executor: bgExecutor sax@f68faad[Running, pool size = 4, active threads = 1, queued tasks = 0, completed tasks = 12157]
04-13 23:34:19.851  5656  5656 I Finsky:background: [2] zve.onTrimMemory(11): Memory trim requested to level 40
04-13 23:34:19.852  5656  5656 I Finsky:background: [2] zve.onTrimMemory(11): Memory trim requested to level 40
04-13 23:34:19.852  5562  5562 I Finsky  : [2] zve.onTrimMemory(11): Memory trim requested to level 40
04-13 23:34:19.852  5562  5562 I Finsky  : [2] aecx.accept(139): Flushing in-memory image cache
04-13 23:34:19.854   676  1021 D CoreBackPreview: Window{a91f290 u0 Splash Screen com.example.holodex_notifier}: Setting back callback OnBackInvokedCallbackInfo{mCallback=android.window.IOnBackInvokedCallback$Stub$Proxy@a1e35fd, mPriority=0, mIsAnimationCallback=false, mOverrideBehavior=0}
04-13 23:34:19.858  1099  1099 D CarrierSvcBindHelper: No carrier app for: 0
04-13 23:34:19.864   676   891 D ShortcutService: received package broadcast intent: Intent { act=android.intent.action.PACKAGE_CHANGED dat=package: flg=0x5000010 (has extras) }
04-13 23:34:19.867   676   891 D ShortcutService: changing package: com.example.holodex_notifier userId=0
04-13 23:34:19.880   676   788 I RoleService: Granting default roles...
04-13 23:34:19.883   676   676 D AppSearchAppsIndexerManagerS: userid in package receiver: 10232
04-13 23:34:19.884  1099  1099 E SmsApplication: com.google.android.apps.messaging lost android:read_cell_broadcasts:  (fixing)
04-13 23:34:19.886   676   909 W AppOpService: Ignored setUidMode call for runtime permission app op: uid = 10140, code = READ_CELL_BROADCASTS, mode = allow, callingUid = 1001, oldMode = allow
04-13 23:34:19.907  5562  5562 I Finsky  : [2] achf.g(1): achf - Received: android.intent.action.PACKAGE_ADDED, [mSIsk-Ckxq-yJuX3hnNbkGQkcFI-9cvXw9j5rvRGqHM]
04-13 23:34:19.920   676  3516 I system_server: AssetManager2(0x7e631d884c58) locale list changing from [] to [en-US]
04-13 23:34:19.934   676  1002 W AppOpService: Ignored setUidMode call for runtime permission app op: uid = 1001, code = READ_SMS, mode = allow, callingUid = 1001, oldMode = allow
04-13 23:34:19.937   676   909 W AppOpService: Ignored setUidMode call for runtime permission app op: uid = 1001, code = RECEIVE_SMS, mode = allow, callingUid = 1001, oldMode = allow
04-13 23:34:19.940   676   676 W IPCThreadState: Sending oneway calls to frozen process.
04-13 23:34:19.957   676   676 W IPCThreadState: Sending oneway calls to frozen process.
04-13 23:34:19.958   676   676 W IPCThreadState: Sending oneway calls to frozen process.
04-13 23:34:19.958   676   676 W IPCThreadState: Sending oneway calls to frozen process.
04-13 23:34:19.958   676  1002 W AppOpService: Ignored setUidMode call for runtime permission app op: uid = 1001, code = RECEIVE_WAP_PUSH, mode = allow, callingUid = 1001, oldMode = allow
04-13 23:34:19.973   676   909 W AppOpService: Ignored setUidMode call for runtime permission app op: uid = 1001, code = SEND_SMS, mode = allow, callingUid = 1001, oldMode = allow
04-13 23:34:19.988   676  3516 W SignedPackage: Cannot get ApplicationInfo for package: com.google.android.devicelockcontroller
04-13 23:34:19.989   676  3516 W SignedPackage: Cannot get ApplicationInfo for package: com.google.android.as
04-13 23:34:19.992   676  3516 W SignedPackage: Cannot get ApplicationInfo for package: com.google.android.as
04-13 23:34:19.995   676   676 W IPCThreadState: Sending oneway calls to frozen process.
04-13 23:34:19.995   676   676 W IPCThreadState: Sending oneway calls to frozen process.
04-13 23:34:19.996   676   676 W IPCThreadState: Sending oneway calls to frozen process.
04-13 23:34:19.997 25597 25597 I olodex_notifier: Using CollectorTypeCMC GC.
04-13 23:34:20.007  5656  5656 I Finsky:background: [2] zve.onTrimMemory(11): Memory trim requested to level 40
04-13 23:34:20.010  5656  5656 I Finsky:background: [2] zve.onTrimMemory(11): Memory trim requested to level 40
04-13 23:34:20.022   676  3516 W SignedPackage: Package doesn't have required signing certificate: com.google.android.retaildemo
04-13 23:34:20.023   676  3516 E RoleControllerServiceImpl: Default/fallback role holder package doesn't qualify for the role, package: com.google.android.gms.supervision, role: android.app.role.SYSTEM_SUPERVISION
04-13 23:34:20.025   676  1946 W AppOpService: Ignored setUidMode call for runtime permission app op: uid = 1001, code = READ_CELL_BROADCASTS, mode = allow, callingUid = 1001, oldMode = allow
04-13 23:34:20.034   676  3516 W SignedPackage: Package doesn't have required signing certificate: com.google.android.apps.work.clouddpc
04-13 23:34:20.036   676  3516 W SignedPackage: Cannot get ApplicationInfo for package: com.google.android.as
04-13 23:34:20.044  5656  5656 I Finsky:background: [2] acgv.g(6): acgv - Received: android.intent.action.PACKAGE_ADDED, [mSIsk-Ckxq-yJuX3hnNbkGQkcFI-9cvXw9j5rvRGqHM]
04-13 23:34:20.058   676   716 W ActivityManager: Slow operation: 564ms so far, now at startProcess: done updating battery stats
04-13 23:34:20.058   676   716 W ActivityManager: Slow operation: 565ms so far, now at startProcess: building log message
04-13 23:34:20.058   676   716 I ActivityManager: Start proc 25597:com.example.holodex_notifier/u0a232 for next-top-activity {com.example.holodex_notifier/com.example.holodex_notifier.MainActivity}
04-13 23:34:20.058   676   716 W ActivityManager: Slow operation: 565ms so far, now at startProcess: starting to update pids map
04-13 23:34:20.080 25597 25597 W olodex_notifier: Unexpected CPU variant for x86: x86_64.
04-13 23:34:20.080 25597 25597 W olodex_notifier: Known variants: atom, sandybridge, silvermont, goldmont, goldmont-plus, goldmont-without-sha-xsaves, tremont, kabylake, alderlake, default
04-13 23:34:20.089   676   716 W ActivityManager: Slow operation: 596ms so far, now at startProcess: done updating pids map
04-13 23:34:20.123   676  3516 W SignedPackage: Cannot get ApplicationInfo for package: com.google.android.as
04-13 23:34:20.131   676  3516 W SignedPackage: Cannot get ApplicationInfo for package: com.google.android.as
04-13 23:34:20.154   676   714 I system_server: AssetManager2(0x7e631d88c638) locale list changing from [] to [en-US]
04-13 23:34:20.196 15954 18104 I PermissionControllerServiceImpl: Updating user sensitive for uid 10232
04-13 23:34:20.250   676   714 I system_server: AssetManager2(0x7e631d897858) locale list changing from [] to [en-US]
04-13 23:34:20.272 15954 15954 I SafetyLabelChangedBroadcastReceiver: received broadcast packageName: com.example.holodex_notifier, current user: UserHandle{0}, packageChangeEvent: NEW_INSTALL, intent user: UserHandle{0}
04-13 23:34:20.279 15954 18104 I PermissionControllerServiceImpl: Updating user sensitive for uid 10232
04-13 23:34:20.309   676   706 W Looper  : Slow dispatch took 223ms android.ui app=system_server main=false group=TOP_APP h=com.android.server.am.ActivityManagerService$UiHandler c=com.android.server.am.UidObserverController$$ExternalSyntheticLambda0@f5a397b m=0
04-13 23:34:20.328  1099  1275 D ImsResolver: maybeAddedImsService, packageName: com.example.holodex_notifier
04-13 23:34:20.329  1099  1275 V ImsResolver: searchForImsServices: package=com.example.holodex_notifier, users=[UserHandle{0}]
04-13 23:34:20.347  5656 25604 I Finsky:background: [468] rnk.accept(118): Wrote row to frosting DB: 429
04-13 23:34:20.362  1099  1275 V ImsResolver: searchForImsServices: package=com.example.holodex_notifier, users=[UserHandle{0}]
04-13 23:34:20.367   523   549 I adbd    : jdwp connection from 25597
04-13 23:34:20.369   934  2244 V WindowManagerShell: onTransitionReady(transaction=2903397905177)
04-13 23:34:20.386   934   999 V WindowManagerShell: onTransitionReady (#331) android.os.BinderProxy@ac817eb: {id=331 t=OPEN f=0x0 trk=0 r=[0@Point(0, 0)] c=[
04-13 23:34:20.386   934   999 V WindowManagerShell:         {m=OPEN f=NONE leash=Surface(name=Task=85)/@0x2023b45 sb=Rect(0, 0 - 1080, 2400) eb=Rect(0, 0 - 1080, 2400) epz=Point(1080, 2400) d=0 taskParent=-1},
04-13 23:34:20.386   934   999 V WindowManagerShell:         {m=TO_BACK f=SHOW_WALLPAPER leash=Surface(name=Task=1)/@0x560729a sb=Rect(0, 0 - 1080, 2400) eb=Rect(0, 0 - 1080, 2400) epz=Point(1080, 2400) d=0 taskParent=-1},
04-13 23:34:20.386   934   999 V WindowManagerShell:         {m=TO_BACK f=IS_WALLPAPER leash=Surface(name=WallpaperWindowToken{31d863c showWhenLocked=false})/@0xa17e7cb sb=Rect(0, 0 - 1080, 2400) eb=Rect(0, 0 - 1080, 2400) epz=Point(1080, 2400) d=0}
04-13 23:34:20.386   934   999 V WindowManagerShell:     ]}
04-13 23:34:20.389  5656  5656 I Finsky:background: [2] acgv.g(6): acgv - Received: android.intent.action.PACKAGE_CHANGED, [mSIsk-Ckxq-yJuX3hnNbkGQkcFI-9cvXw9j5rvRGqHM]
04-13 23:34:20.406   676   705 V WindowManager: Sent Transition (#331) createdAt=04-13 23:34:19.154 via request=TransitionRequestInfo { type = OPEN, triggerTask = TaskInfo{userId=0 taskId=85 effectiveUid=10232 displayId=0 isRunning=true baseIntent=Intent { act=android.intent.action.MAIN cat=[android.intent.category.LAUNCHER] flg=0x30000000 cmp=com.example.holodex_notifier/.MainActivity } baseActivity=ComponentInfo{com.example.holodex_notifier/com.example.holodex_notifier.MainActivity} topActivity=ComponentInfo{com.example.holodex_notifier/com.example.holodex_notifier.MainActivity} origActivity=null realActivity=ComponentInfo{com.example.holodex_notifier/com.example.holodex_notifier.MainActivity} numActivities=1 lastActiveTime=69275576 supportsMultiWindow=true resizeMode=1 isResizeable=true minWidth=-1 minHeight=-1 defaultMinSize=220 token=WCT{RemoteToken{6da9503 Task{351fa1b #85 type=standard I=com.example.holodex_notifier/.MainActivity}}} topActivityType=1 pictureInPictureParams=null shouldDockBigOverlays=false launchIntoPipHostTaskId=-1 lastParentTaskIdBeforePip=-1 displayCutoutSafeInsets=Rect(0, 0 - 0, 0) topActivityInfo=ActivityInfo{7ca8c80 com.example.holodex_notifier.MainActivity} launchCookies=[] positionInParent=Point(0, 0) parentTaskId=-1 isFocused=false isVisible=false isVisibleRequested=false isTopActivityNoDisplay=false isSleeping=false locusId=null displayAreaFeatureId=1 isTopActivityTransparent=false isActivityStackTransparent=false lastNonFullscreenBounds=Rect(284, 660 - 796, 1740) capturedLink=null capturedLinkTimestamp=0 requestedVisibleTypes=-9 topActivityRequestOpenInBrowserEducationTimestamp=0 appCompatTaskInfo=AppCompatTaskInfo { topActivityInSizeCompat=false eligibleForLetterboxEducation= false isLetterboxEducationEnabled= true isLetterboxDoubleTapEnabled= false eligibleForUserAspectRatioButton= false topActivityBoundsLetterboxed= false isFromLetterboxDoubleTap= false topActivityLetterboxVerticalPosition= -1 topActivityLetterboxHorizontalPosition= -1 topActivityLetterboxWidth=-1 topActivityLetterboxHeight=-1 topActivityAppBounds=Rect(0, 0 - 1080, 2400) isUserFullscreenOverrideEnabled=false isSystemFullscreenOverrideEnabled=false hasMinAspectRatioOverride=false topActivityLetterboxBounds=null cameraCompatTaskInfo=CameraCompatTaskInfo { freeformCameraCompatMode=inactive}} topActivityMainWindowFrame=null}, pipChange = null, remoteTransition = null, displayChange = null, flags = 0, debugId = 331 }
04-13 23:34:20.406   676   705 V WindowManager:     startWCT=WindowContainerTransaction { changes= {} hops= [] errorCallbackToken=null taskFragmentOrganizer=null }
04-13 23:34:20.407   676   705 V WindowManager:     info={id=331 t=OPEN f=0x0 trk=0 r=[0@Point(0, 0)] c=[
04-13 23:34:20.407   676   705 V WindowManager:         {WCT{RemoteToken{6da9503 Task{351fa1b #85 type=standard I=com.example.holodex_notifier/.MainActivity}}} m=OPEN f=NONE leash=Surface(name=Task=85)/@0xa6dd05 sb=Rect(0, 0 - 1080, 2400) eb=Rect(0, 0 - 1080, 2400) epz=Point(1080, 2400) d=0 taskParent=-1},
04-13 23:34:20.407   676   705 V WindowManager:         {WCT{RemoteToken{259d046 Task{2743d23 #1 type=home}}} m=TO_BACK f=SHOW_WALLPAPER leash=Surface(name=Task=1)/@0xe70f2f2 sb=Rect(0, 0 - 1080, 2400) eb=Rect(0, 0 - 1080, 2400) epz=Point(1080, 2400) d=0 taskParent=-1},
04-13 23:34:20.407   676   705 V WindowManager:         {m=TO_BACK f=IS_WALLPAPER leash=Surface(name=WallpaperWindowToken{31d863c showWhenLocked=false})/@0xd6e6254 sb=Rect(0, 0 - 1080, 2400) eb=Rect(0, 0 - 1080, 2400) epz=Point(1080, 2400) d=0}
04-13 23:34:20.407   676   705 V WindowManager:     ]}
04-13 23:34:20.409   934   999 V WindowManagerShell: Playing animation for (#331) android.os.BinderProxy@ac817eb@0
04-13 23:34:20.409   934   999 V ShellRecents: RecentsTransitionHandler.startAnimation: no controller found
04-13 23:34:20.409   934   999 V WindowManagerShell: Transition doesn't have explicit remote, search filters for match for {id=331 t=OPEN f=0x0 trk=0 r=[0@Point(0, 0)] c=[{m=OPEN f=NONE leash=Surface(name=Task=85)/@0x2023b45 sb=Rect(0, 0 - 1080, 2400) eb=Rect(0, 0 - 1080, 2400) epz=Point(1080, 2400) d=0 taskParent=-1},{m=TO_BACK f=SHOW_WALLPAPER leash=Surface(name=Task=1)/@0x560729a sb=Rect(0, 0 - 1080, 2400) eb=Rect(0, 0 - 1080, 2400) epz=Point(1080, 2400) d=0 taskParent=-1},{m=TO_BACK f=IS_WALLPAPER leash=Surface(name=WallpaperWindowToken{31d863c showWhenLocked=false})/@0xa17e7cb sb=Rect(0, 0 - 1080, 2400) eb=Rect(0, 0 - 1080, 2400) epz=Point(1080, 2400) d=0}]}
04-13 23:34:20.410   934   999 V WindowManagerShell:  Checking filter Pair{{types=[] flags=0x0] notFlags=0x0 checks=[{atype=undefined independent=true modes=[CLOSE,TO_BACK] flags=IN_TASK_WITH_EMBEDDED_ACTIVITY mustBeTask=false order=ANY topActivity=null launchCookie=null taskFragmentToken=android.os.BinderProxy@d737688 windowingMode=undefined}]} RemoteTransition { remoteTransition = android.window.IRemoteTransition$Stub$Proxy@d771821, appThread = android.app.IApplicationThread$Stub$Proxy@f958446, debugName = overlayBackTransition }}
